Archive member included to satisfy reference by file (symbol)

C:/devkitPro/libctru/lib\libcitro2d.a(base.o)
                              directory.o (C2D_Init)
C:/devkitPro/libctru/lib\libcitro2d.a(font.o)
                              directory.o (C2D_FontLoad)
C:/devkitPro/libctru/lib\libcitro2d.a(text.o)
                              directory.o (C2D_TextBufNew)
C:/devkitPro/libctru/lib\libcitro2d.a(render2d_shbin.o)
                              C:/devkitPro/libctru/lib\libcitro2d.a(base.o) (render2d_shbin)
C:/devkitPro/libctru/lib\libcitro3d.a(attribs.o)
                              C:/devkitPro/libctru/lib\libcitro2d.a(base.o) (AttrInfo_Init)
C:/devkitPro/libctru/lib\libcitro3d.a(base.o)
                              C:/devkitPro/libctru/lib\libcitro3d.a(attribs.o) (__C3D_Context)
C:/devkitPro/libctru/lib\libcitro3d.a(buffers.o)
                              C:/devkitPro/libctru/lib\libcitro2d.a(base.o) (BufInfo_Init)
C:/devkitPro/libctru/lib\libcitro3d.a(drawElements.o)
                              C:/devkitPro/libctru/lib\libcitro2d.a(base.o) (C3D_DrawElements)
C:/devkitPro/libctru/lib\libcitro3d.a(effect.o)
                              C:/devkitPro/libctru/lib\libcitro3d.a(base.o) (C3D_DepthMap)
C:/devkitPro/libctru/lib\libcitro3d.a(framebuffer.o)
                              C:/devkitPro/libctru/lib\libcitro3d.a(base.o) (C3Di_FrameBufBind)
C:/devkitPro/libctru/lib\libcitro3d.a(immediate.o)
                              C:/devkitPro/libctru/lib\libcitro3d.a(base.o) (C3D_ImmSendAttrib)
C:/devkitPro/libctru/lib\libcitro3d.a(proctex.o)
                              C:/devkitPro/libctru/lib\libcitro2d.a(base.o) (C3D_ProcTexInit)
C:/devkitPro/libctru/lib\libcitro3d.a(renderqueue.o)
                              C:/devkitPro/libctru/lib\libcitro3d.a(base.o) (C3Di_RenderQueueEnableVBlank)
C:/devkitPro/libctru/lib\libcitro3d.a(texenv.o)
                              C:/devkitPro/libctru/lib\libcitro2d.a(base.o) (C3D_GetTexEnv)
C:/devkitPro/libctru/lib\libcitro3d.a(texture.o)
                              C:/devkitPro/libctru/lib\libcitro2d.a(base.o) (C3D_TexBind)
C:/devkitPro/libctru/lib\libcitro3d.a(uniforms.o)
                              C:/devkitPro/libctru/lib\libcitro3d.a(base.o) (C3D_UpdateUniforms)
C:/devkitPro/libctru/lib\libcitro3d.a(mtx_multiply.o)
                              C:/devkitPro/libctru/lib\libcitro2d.a(base.o) (Mtx_Multiply)
C:/devkitPro/libctru/lib\libcitro3d.a(mtx_ortho.o)
                              C:/devkitPro/libctru/lib\libcitro2d.a(base.o) (Mtx_Ortho)
C:/devkitPro/libctru/lib\libcitro3d.a(mtx_orthotilt.o)
                              C:/devkitPro/libctru/lib\libcitro2d.a(base.o) (Mtx_OrthoTilt)
C:/devkitPro/libctru/lib\libcitro3d.a(mtx_rotatez.o)
                              C:/devkitPro/libctru/lib\libcitro2d.a(base.o) (Mtx_RotateZ)
C:/devkitPro/libctru/lib\libcitro3d.a(mtx_scale.o)
                              C:/devkitPro/libctru/lib\libcitro2d.a(base.o) (Mtx_Scale)
C:/devkitPro/libctru/lib\libcitro3d.a(mtx_translate.o)
                              C:/devkitPro/libctru/lib\libcitro2d.a(base.o) (Mtx_Translate)
C:/devkitPro/libctru/lib\libctru.a(linear.o)
                              C:/devkitPro/libctru/lib\libcitro2d.a(base.o) (linearAlloc)
C:/devkitPro/libctru/lib\libctru.a(mem_pool.o)
                              C:/devkitPro/libctru/lib\libctru.a(linear.o) (_ZN7MemPool8AllocateER8MemChunkmi)
C:/devkitPro/libctru/lib\libctru.a(vram.o)
                              C:/devkitPro/libctru/lib\libcitro3d.a(renderqueue.o) (vramAlloc)
C:/devkitPro/libctru/lib\libctru.a(font.o)
                              C:/devkitPro/libctru/lib\libcitro2d.a(font.o) (fontEnsureMapped)
C:/devkitPro/libctru/lib\libctru.a(gfx.o)
                              C:/devkitPro/libctru/lib\libcitro2d.a(base.o) (gfxIsWide)
C:/devkitPro/libctru/lib\libctru.a(os.o)
                              C:/devkitPro/libctru/lib\libcitro3d.a(buffers.o) (osConvertVirtToPhys)
C:/devkitPro/libctru/lib\libctru.a(romfs_dev.o)
                              directory.o (romfsMountSelf)
C:/devkitPro/libctru/lib\libctru.a(gpu.o)
                              C:/devkitPro/libctru/lib\libcitro3d.a(renderqueue.o) (gpuCmdBuf)
C:/devkitPro/libctru/lib\libctru.a(gx.o)
                              C:/devkitPro/libctru/lib\libcitro3d.a(renderqueue.o) (GX_BindQueue)
C:/devkitPro/libctru/lib\libctru.a(gxqueue.o)
                              C:/devkitPro/libctru/lib\libcitro3d.a(renderqueue.o) (gxCmdQueueClear)
C:/devkitPro/libctru/lib\libctru.a(shaderProgram.o)
                              C:/devkitPro/libctru/lib\libcitro2d.a(base.o) (shaderInstanceGetUniformLocation)
C:/devkitPro/libctru/lib\libctru.a(shbin.o)
                              C:/devkitPro/libctru/lib\libcitro2d.a(base.o) (DVLB_ParseFile)
C:/devkitPro/libctru/lib\libctru.a(apt.o)
                              C:/devkitPro/libctru/lib\libcitro3d.a(base.o) (aptHook)
C:/devkitPro/libctru/lib\libctru.a(cfgu.o)
[...]
Memory Configuration

Name             Origin             Length             Attributes
*default*        0x00000000         0xffffffff

Linker script and memory map

                0x00000000                        __sync_synchronize = __sync_synchronize_dmb
                0x00100000                        PROVIDE (__start__ = 0x100000)
                0x00100000                        . = __start__

.text           0x00100000    0x262e8
 *(.crt0)
 .crt0          0x00100000       0x94 C:/devkitPro/devkitARM/bin/../lib/gcc/arm-none-eabi/15.2.0/../../../../arm-none-eabi/lib/armv6k/fpu/3dsx_crt0.o
                0x00100000                _start
                0x00100008                __service_ptr
                0x0010000c                __apt_appid
                0x00100010                __heap_size
                0x00100014                __linear_heap_size
                0x00100018                __system_arglist
                0x0010001c                __system_runflags
 *(.init)
 .init          0x00100094        0xc C:/devkitPro/devkitARM/bin/../lib/gcc/arm-none-eabi/15.2.0/armv6k/fpu/crti.o
                0x00100094                _init
 .init          0x001000a0        0xc C:/devkitPro/devkitARM/bin/../lib/gcc/arm-none-eabi/15.2.0/armv6k/fpu/crtn.o
                0x001000ac                        . = ALIGN (0x4)
 *(.text)
 .text          0x001000ac      0x20c C:/devkitPro/devkitARM/bin/../lib/gcc/arm-none-eabi/15.2.0/armv6k/fpu\libgcc.a(_udivsi3.o)
                0x001000ac                __aeabi_uidiv
                0x001000ac                __udivsi3
                0x00100298                __aeabi_uidivmod
 .text          0x001002b8      0x240 C:/devkitPro/devkitARM/bin/../lib/gcc/arm-none-eabi/15.2.0/armv6k/fpu\libgcc.a(_divsi3.o)
                0x001002b8                __divsi3
                0x001002b8                __aeabi_idiv
                0x001004d8                __aeabi_idivmod
 .text          0x001004f8        0x4 C:/devkitPro/devkitARM/bin/../lib/gcc/arm-none-eabi/15.2.0/armv6k/fpu\libgcc.a(_dvmd_tls.o)
                0x001004f8                __aeabi_idiv0
                0x001004f8                __aeabi_ldiv0
 .text          0x001004fc       0xd4 C:/devkitPro/devkitARM/bin/../lib/gcc/arm-none-eabi/15.2.0/armv6k/fpu\libgcc.a(_aeabi_ldivmod.o)
                0x001004fc                __aeabi_ldivmod
 .text          0x001005d0       0x3c C:/devkitPro/devkitARM/bin/../lib/gcc/arm-none-eabi/15.2.0/armv6k/fpu\libgcc.a(_aeabi_uldivmod.o)
                0x001005d0                __aeabi_uldivmod
 *fill*         0x0010060c       0x14 
 .text          0x00100620      0x390 C:/devkitPro/devkitARM/bin/../lib/gcc/arm-none-eabi/15.2.0/../../../../arm-none-eabi/lib/armv6k/fpu\libg.a(libc_a-strcmp.o)
                0x00100628                strcmp
 *(.text.*)
 .text.__do_global_dtors_aux
                0x001009b0       0x50 C:/devkitPro/devkitARM/bin/../lib/gcc/arm-none-eabi/15.2.0/armv6k/fpu/crtbegin.o
 .text.frame_dummy
                0x00100a00       0x2c C:/devkitPro/devkitARM/bin/../lib/gcc/arm-none-eabi/15.2.0/armv6k/fpu/crtbegin.o
 .text.DrawRoundedRect
                0x00100a2c      0x178 directory.o
                0x00100a2c                DrawRoundedRect
 .text.draw_kbdt
                0x00100ba4       0xdc directory.o
                0x00100ba4                draw_kbdt
 .text.render_kbd
                0x00100c80       0xe8 directory.o
                0x00100c80                render_kbd
 .text.draw_kana_detail
                0x00100d68      0x264 directory.o
                0x00100d68                draw_kana_detail
 .text.mostrar_tabla
                0x00100fcc      0x2ac directory.o
                0x00100fcc                mostrar_tabla
 .text.draw_btn
                0x00101278      0x128 directory.o
                0x00101278                draw_btn
 .text.build_menu
                0x001013a0      0x2c4 directory.o
                0x001013a0                build_menu
 .text.display_menu
                0x00101664      0xa68 directory.o
                0x00101664                display_menu
 .text.startup.main
                0x001020cc      0x68c directory.o
                0x001020cc                main
 .text.C2Di_FrameEndHook
                0x00102758       0x44 C:/devkitPro/libctru/lib\libcitro2d.a(base.o)
 .text.C2D_Init
                0x0010279c      0x368 C:/devkitPro/libctru/lib\libcitro2d.a(base.o)
                0x0010279c                C2D_Init
 .text.C2D_Fini
                0x00102b04       0x4c C:/devkitPro/libctru/lib\libcitro2d.a(base.o)
                0x00102b04                C2D_Fini
 .text.C2D_Prepare
                0x00102b50       0xbc C:/devkitPro/libctru/lib\libcitro2d.a(base.o)
                0x00102b50                C2D_Prepare
 .text.C2D_Flush
                0x00102c0c       0x48 C:/devkitPro/libctru/lib\libcitro2d.a(base.o)
                0x00102c0c                C2D_Flush
 .text.C2D_SceneSize
                0x00102c54       0xfc C:/devkitPro/libctru/lib\libcitro2d.a(base.o)
                0x00102c54                C2D_SceneSize
 .text.C2D_CreateScreenTarget
                0x00102d50       0x60 C:/devkitPro/libctru/lib\libcitro2d.a(base.o)
                0x00102d50                C2D_CreateScreenTarget
 .text.C2D_TargetClear
                0x00102db0       0x60 C:/devkitPro/libctru/lib\libcitro2d.a(base.o)
                0x00102db0                C2D_TargetClear
 .text.C2Di_AppendQuad
                0x00102e10       0x54 C:/devkitPro/libctru/lib\libcitro2d.a(base.o)
                0x00102e10                C2Di_AppendQuad
 .text.C2Di_AppendVtx
                0x00102e64       0x40 C:/devkitPro/libctru/lib\libcitro2d.a(base.o)
                0x00102e64                C2Di_AppendVtx
 .text.C2Di_Update
                0x00102ea4      0x738 C:/devkitPro/libctru/lib\libcitro2d.a(base.o)
                0x00102ea4                C2Di_Update
 .text.C2D_DrawRectangle
                0x001035dc      0x168 C:/devkitPro/libctru/lib\libcitro2d.a(base.o)
                0x001035dc                C2D_DrawRectangle
 .text.C2D_DrawEllipse
                0x00103744      0x174 C:/devkitPro/libctru/lib\libcitro2d.a(base.o)
                0x00103744                C2D_DrawEllipse
 .text.C2D_FontFree
                0x001038b8       0x40 C:/devkitPro/libctru/lib\libcitro2d.a(font.o)
                0x001038b8                C2D_FontFree
 .text.C2Di_PostLoadFont
                0x001038f8       0xf8 C:/devkitPro/libctru/lib\libcitro2d.a(font.o)
 .text.C2D_FontLoadFromHandle
                0x001039f0       0xb8 C:/devkitPro/libctru/lib\libcitro2d.a(font.o)
                0x001039f0                C2D_FontLoadFromHandle
 .text.C2D_FontLoad
                0x00103aa8       0x48 C:/devkitPro/libctru/lib\libcitro2d.a(font.o)
                0x00103aa8                C2D_FontLoad
 .text.C2D_FontGlyphIndexFromCodePoint
                0x00103af0       0x50 C:/devkitPro/libctru/lib\libcitro2d.a(font.o)
                0x00103af0                C2D_FontGlyphIndexFromCodePoint
 .text.C2D_FontCalcGlyphPos
                0x00103b40       0x74 C:/devkitPro/libctru/lib\libcitro2d.a(font.o)
                0x00103b40                C2D_FontCalcGlyphPos
 .text.C2Di_GlyphComp
                0x00103bb4       0x18 C:/devkitPro/libctru/lib\libcitro2d.a(text.o)
 .text.C2Di_CalcLineWidths
                0x00103bcc      0x180 C:/devkitPro/libctru/lib\libcitro2d.a(text.o)
 .text.C2D_TextBufNew
                0x00103d4c      0x1d0 C:/devkitPro/libctru/lib\libcitro2d.a(text.o)
                0x00103d4c                C2D_TextBufNew
 .text.C2D_TextBufDelete
                0x00103f1c        0x4 C:/devkitPro/libctru/lib\libcitro2d.a(text.o)
                0x00103f1c                C2D_TextBufDelete
 .text.C2D_TextBufClear
                0x00103f20        0xc C:/devkitPro/libctru/lib\libcitro2d.a(text.o)
                0x00103f20                C2D_TextBufClear
 .text.C2D_TextFontParseLine
                0x00103f2c      0x1c4 C:/devkitPro/libctru/lib\libcitro2d.a(text.o)
                0x00103f2c                C2D_TextFontParseLine
 .text.C2D_TextFontParse
                0x001040f0       0xa4 C:/devkitPro/libctru/lib\libcitro2d.a(text.o)
                0x001040f0                C2D_TextFontParse
 .text.C2D_TextOptimize
                0x00104194       0x30 C:/devkitPro/libctru/lib\libcitro2d.a(text.o)
                0x00104194                C2D_TextOptimize
 .text.C2D_DrawText
                0x001041c4      0xfdc C:/devkitPro/libctru/lib\libcitro2d.a(text.o)
                0x001041c4                C2D_DrawText
 .text.AttrInfo_Init
                0x001051a0       0x28 C:/devkitPro/libctru/lib\libcitro3d.a(attribs.o)
                0x001051a0                AttrInfo_Init
 .text.AttrInfo_AddLoader
                0x001051c8       0x94 C:/devkitPro/libctru/lib\libcitro3d.a(attribs.o)
                0x001051c8                AttrInfo_AddLoader
 .text.C3D_SetAttrInfo
                0x0010525c       0x54 C:/devkitPro/libctru/lib\libcitro3d.a(attribs.o)
                0x0010525c                C3D_SetAttrInfo
 .text.C3Di_AttrInfoBind
                0x001052b0       0x80 C:/devkitPro/libctru/lib\libcitro3d.a(attribs.o)
                0x001052b0                C3Di_AttrInfoBind
 .text.C3Di_LightEnvUpdate
                0x00105330        0x4 C:/devkitPro/libctru/lib\libcitro3d.a(base.o)
                0x00105330                C3Di_LightEnvUpdate
 .text.C3Di_LightEnvDirty
                0x00105334        0x4 C:/devkitPro/libctru/lib\libcitro3d.a(base.o)
                0x00105334                C3Di_LightEnvDirty
 .text.C3Di_AptEventHook
                0x00105338       0xb4 C:/devkitPro/libctru/lib\libcitro3d.a(base.o)
 .text.C3Di_GasUpdate
                0x001053ec        0x4 C:/devkitPro/libctru/lib\libcitro3d.a(base.o)
                0x001053ec                C3Di_GasUpdate
 .text.C3D_Init
                0x001053f0      0x1d0 C:/devkitPro/libctru/lib\libcitro3d.a(base.o)
                0x001053f0                C3D_Init
 .text.C3D_SetViewport
                0x001055c0       0x98 C:/devkitPro/libctru/lib\libcitro3d.a(base.o)
                0x001055c0                C3D_SetViewport
 .text.C3Di_UpdateContext
                0x00105658      0x4e8 C:/devkitPro/libctru/lib\libcitro3d.a(base.o)
                0x00105658                C3Di_UpdateContext
 .text.C3Di_SplitFrame
                0x00105b40       0xe0 C:/devkitPro/libctru/lib\libcitro3d.a(base.o)
                0x00105b40                C3Di_SplitFrame
 .text.C3D_Fini
                0x00105c20       0x44 C:/devkitPro/libctru/lib\libcitro3d.a(base.o)
                0x00105c20                C3D_Fini
 .text.C3D_BindProgram
                0x00105c64      0x194 C:/devkitPro/libctru/lib\libcitro3d.a(base.o)
                0x00105c64                C3D_BindProgram
 .text.BufInfo_Init
                0x00105df8       0x24 C:/devkitPro/libctru/lib\libcitro3d.a(buffers.o)
                0x00105df8                BufInfo_Init
 .text.BufInfo_Add
                0x00105e1c       0x80 C:/devkitPro/libctru/lib\libcitro3d.a(buffers.o)
                0x00105e1c                BufInfo_Add
 .text.C3D_SetBufInfo
                0x00105e9c       0x3c C:/devkitPro/libctru/lib\libcitro3d.a(buffers.o)
                0x00105e9c                C3D_SetBufInfo
 .text.C3Di_BufInfoBind
                0x00105ed8       0x48 C:/devkitPro/libctru/lib\libcitro3d.a(buffers.o)
                0x00105ed8                C3Di_BufInfoBind
 .text.C3D_DrawElements
                0x00105f20      0x21c C:/devkitPro/libctru/lib\libcitro3d.a(drawElements.o)
                0x00105f20                C3D_DrawElements
 .text.C3D_DepthMap
                0x0010613c       0x40 C:/devkitPro/libctru/lib\libcitro3d.a(effect.o)
                0x0010613c                C3D_DepthMap
 .text.C3D_CullFace
                0x0010617c       0x1c C:/devkitPro/libctru/lib\libcitro3d.a(effect.o)
                0x0010617c                C3D_CullFace
 .text.C3D_StencilTest
                0x00106198       0x40 C:/devkitPro/libctru/lib\libcitro3d.a(effect.o)
                0x00106198                C3D_StencilTest
 .text.C3D_StencilOp
                0x001061d8       0x24 C:/devkitPro/libctru/lib\libcitro3d.a(effect.o)
                0x001061d8                C3D_StencilOp
 .text.C3D_BlendingColor
                0x001061fc       0x1c C:/devkitPro/libctru/lib\libcitro3d.a(effect.o)
                0x001061fc                C3D_BlendingColor
 .text.C3D_EarlyDepthTest
                0x00106218       0x24 C:/devkitPro/libctru/lib\libcitro3d.a(effect.o)
                0x00106218                C3D_EarlyDepthTest
 .text.C3D_DepthTest
                0x0010623c       0x2c C:/devkitPro/libctru/lib\libcitro3d.a(effect.o)
                0x0010623c                C3D_DepthTest
 .text.C3D_AlphaTest
                0x00106268       0x2c C:/devkitPro/libctru/lib\libcitro3d.a(effect.o)
                0x00106268                C3D_AlphaTest
 .text.C3D_AlphaBlend
                0x00106294       0x50 C:/devkitPro/libctru/lib\libcitro3d.a(effect.o)
                0x00106294                C3D_AlphaBlend
 .text.C3D_FragOpMode
                0x001062e4       0x30 C:/devkitPro/libctru/lib\libcitro3d.a(effect.o)
                0x001062e4                C3D_FragOpMode
 .text.C3D_FragOpShadow
                0x00106314       0x44 C:/devkitPro/libctru/lib\libcitro3d.a(effect.o)
                0x00106314                C3D_FragOpShadow
 .text.C3Di_EffectBind
                0x00106358      0x1ac C:/devkitPro/libctru/lib\libcitro3d.a(effect.o)
                0x00106358                C3Di_EffectBind
 .text.C3D_CalcColorBufSize
                0x00106504       0x1c C:/devkitPro/libctru/lib\libcitro3d.a(framebuffer.o)
                0x00106504                C3D_CalcColorBufSize
 .text.C3D_CalcDepthBufSize
                0x00106520       0x1c C:/devkitPro/libctru/lib\libcitro3d.a(framebuffer.o)
                0x00106520                C3D_CalcDepthBufSize
 .text.C3D_SetFrameBuf
                0x0010653c       0x44 C:/devkitPro/libctru/lib\libcitro3d.a(framebuffer.o)
                0x0010653c                C3D_SetFrameBuf
 .text.C3Di_FrameBufBind
                0x00106580      0x16c C:/devkitPro/libctru/lib\libcitro3d.a(framebuffer.o)
                0x00106580                C3Di_FrameBufBind
 .text.C3D_FrameBufClear
                0x001066ec       0xc8 C:/devkitPro/libctru/lib\libcitro3d.a(framebuffer.o)
                0x001066ec                C3D_FrameBufClear
 .text.C3D_FrameBufTransfer
                0x001067b4       0x44 C:/devkitPro/libctru/lib\libcitro3d.a(framebuffer.o)
                0x001067b4                C3D_FrameBufTransfer
 .text.C3D_ImmSendAttrib
                0x001067f8       0xa8 C:/devkitPro/libctru/lib\libcitro3d.a(immediate.o)
                0x001067f8                C3D_ImmSendAttrib
 .text.C3D_ProcTexInit
                0x001068a0       0x70 C:/devkitPro/libctru/lib\libcitro3d.a(proctex.o)
                0x001068a0                C3D_ProcTexInit
 .text.C3D_ProcTexBind
                0x00106910       0x54 C:/devkitPro/libctru/lib\libcitro3d.a(proctex.o)
                0x00106910                C3D_ProcTexBind
 .text.C3D_ProcTexLutBind
                0x00106964       0x5c C:/devkitPro/libctru/lib\libcitro3d.a(proctex.o)
                0x00106964                C3D_ProcTexLutBind
 .text.ProcTexLut_FromArray
                0x001069c0       0xa4 C:/devkitPro/libctru/lib\libcitro3d.a(proctex.o)
                0x001069c0                ProcTexLut_FromArray
 .text.C3Di_ProcTexUpdate
                0x00106a64      0x178 C:/devkitPro/libctru/lib\libcitro3d.a(proctex.o)
                0x00106a64                C3Di_ProcTexUpdate
 .text.C3Di_ProcTexDirty
                0x00106bdc       0x68 C:/devkitPro/libctru/lib\libcitro3d.a(proctex.o)
                0x00106bdc                C3Di_ProcTexDirty
 .text.onVBlank0
                0x00106c44       0x4c C:/devkitPro/libctru/lib\libcitro3d.a(renderqueue.o)
 .text.onVBlank1
                0x00106c90       0x4c C:/devkitPro/libctru/lib\libcitro3d.a(renderqueue.o)
 .text.C3Di_RenderTargetDestroy
                0x00106cdc       0x80 C:/devkitPro/libctru/lib\libcitro3d.a(renderqueue.o)
 .text.onQueueFinish
                0x00106d5c       0xf4 C:/devkitPro/libctru/lib\libcitro3d.a(renderqueue.o)
 .text.C3Di_RenderQueueEnableVBlank
                0x00106e50       0x38 C:/devkitPro/libctru/lib\libcitro3d.a(renderqueue.o)
                0x00106e50                C3Di_RenderQueueEnableVBlank
 .text.C3Di_RenderQueueDisableVBlank
                0x00106e88       0x30 C:/devkitPro/libctru/lib\libcitro3d.a(renderqueue.o)
                0x00106e88                C3Di_RenderQueueDisableVBlank
 .text.C3Di_RenderQueueInit
                0x00106eb8       0x60 C:/devkitPro/libctru/lib\libcitro3d.a(renderqueue.o)
                0x00106eb8                C3Di_RenderQueueInit
 .text.C3Di_RenderQueueExit
                0x00106f18       0xb4 C:/devkitPro/libctru/lib\libcitro3d.a(renderqueue.o)
                0x00106f18                C3Di_RenderQueueExit
 .text.C3Di_RenderQueueWaitDone
                0x00106fcc       0x34 C:/devkitPro/libctru/lib\libcitro3d.a(renderqueue.o)
                0x00106fcc                C3Di_RenderQueueWaitDone
 .text.C3D_FrameBegin
                0x00107000       0xe8 C:/devkitPro/libctru/lib\libcitro3d.a(renderqueue.o)
                0x00107000                C3D_FrameBegin
 .text.C3D_FrameDrawOn
                0x001070e8       0x48 C:/devkitPro/libctru/lib\libcitro3d.a(renderqueue.o)
                0x001070e8                C3D_FrameDrawOn
 .text.C3D_FrameSplit
                0x00107130       0x58 C:/devkitPro/libctru/lib\libcitro3d.a(renderqueue.o)
                0x00107130                C3D_FrameSplit
 .text.C3D_FrameEnd
                0x00107188      0x1d0 C:/devkitPro/libctru/lib\libcitro3d.a(renderqueue.o)
                0x00107188                C3D_FrameEnd
 .text.C3D_FrameEndHook
                0x00107358       0x1c C:/devkitPro/libctru/lib\libcitro3d.a(renderqueue.o)
                0x00107358                C3D_FrameEndHook
 .text.C3D_RenderTargetCreate
                0x00107374      0x170 C:/devkitPro/libctru/lib\libcitro3d.a(renderqueue.o)
                0x00107374                C3D_RenderTargetCreate
 .text.C3D_RenderTargetSetOutput
                0x001074e4       0xa8 C:/devkitPro/libctru/lib\libcitro3d.a(renderqueue.o)
                0x001074e4                C3D_RenderTargetSetOutput
 .text.C3D_GetTexEnv
                0x0010758c       0x34 C:/devkitPro/libctru/lib\libcitro3d.a(texenv.o)
                0x0010758c                C3D_GetTexEnv
 .text.C3Di_TexEnvBind
                0x001075c0       0x24 C:/devkitPro/libctru/lib\libcitro3d.a(texenv.o)
                0x001075c0                C3Di_TexEnvBind
 .text.C3D_TexBind
                0x001075e4       0x44 C:/devkitPro/libctru/lib\libcitro3d.a(texture.o)
                0x001075e4                C3D_TexBind
 .text.C3Di_SetTex
                0x00107628      0x14c C:/devkitPro/libctru/lib\libcitro3d.a(texture.o)
                0x00107628                C3Di_SetTex
 .text.C3D_UpdateUniforms
                0x00107774      0x290 C:/devkitPro/libctru/lib\libcitro3d.a(uniforms.o)
                0x00107774                C3D_UpdateUniforms
 .text.C3Di_DirtyUniforms
                0x00107a04       0xc0 C:/devkitPro/libctru/lib\libcitro3d.a(uniforms.o)
                0x00107a04                C3Di_DirtyUniforms
 .text.C3Di_LoadShaderUniforms
                0x00107ac4       0xd8 C:/devkitPro/libctru/lib\libcitro3d.a(uniforms.o)
                0x00107ac4                C3Di_LoadShaderUniforms
 .text.C3Di_ClearShaderUniforms
                0x00107b9c       0x28 C:/devkitPro/libctru/lib\libcitro3d.a(uniforms.o)
                0x00107b9c                C3Di_ClearShaderUniforms
 .text.Mtx_Ortho
                0x00107bc4       0xcc C:/devkitPro/libctru/lib\libcitro3d.a(mtx_ortho.o)
                0x00107bc4                Mtx_Ortho
 .text.Mtx_OrthoTilt
                0x00107c90       0xcc C:/devkitPro/libctru/lib\libcitro3d.a(mtx_orthotilt.o)
                0x00107c90                Mtx_OrthoTilt
 .text._ZL21addrMapNodeComparatorPK11rbtree_nodeS1_
                0x00107d5c       0x24 C:/devkitPro/libctru/lib\libctru.a(linear.o)
 .text._ZL21addrMapNodeDestructorP11rbtree_node
                0x00107d80        0x4 C:/devkitPro/libctru/lib\libctru.a(linear.o)
 .text.linearMemAlign
                0x00107d84      0x12c C:/devkitPro/libctru/lib\libctru.a(linear.o)
                0x00107d84                linearMemAlign
 .text.linearAlloc
                0x00107eb0        0x8 C:/devkitPro/libctru/lib\libctru.a(linear.o)
                0x00107eb0                linearAlloc
 .text.linearFree
                0x00107eb8       0x5c C:/devkitPro/libctru/lib\libctru.a(linear.o)
                0x00107eb8                linearFree
 .text._ZN7MemPool13CoalesceRightEP8MemBlock
                0x00107f14       0x88 C:/devkitPro/libctru/lib\libctru.a(mem_pool.o)
                0x00107f14                _ZN7MemPool13CoalesceRightEP8MemBlock
 .text._ZN7MemPool8AllocateER8MemChunkmi
                0x00107f9c      0x178 C:/devkitPro/libctru/lib\libctru.a(mem_pool.o)
                0x00107f9c                _ZN7MemPool8AllocateER8MemChunkmi
 .text._ZN7MemPool10DeallocateERK8MemChunk
                0x00108114      0x118 C:/devkitPro/libctru/lib\libctru.a(mem_pool.o)
                0x00108114                _ZN7MemPool10DeallocateERK8MemChunk
 .text._ZN7MemPool12GetFreeSpaceEv
                0x0010822c       0x30 C:/devkitPro/libctru/lib\libctru.a(mem_pool.o)
                0x0010822c                _ZN7MemPool12GetFreeSpaceEv
 .text._ZL21addrMapNodeComparatorPK11rbtree_nodeS1_
                0x0010825c       0x24 C:/devkitPro/libctru/lib\libctru.a(vram.o)
 .text._ZL21addrMapNodeDestructorP11rbtree_node
                0x00108280        0x4 C:/devkitPro/libctru/lib\libctru.a(vram.o)
 .text.vramMemAlignAt
                0x00108284      0x248 C:/devkitPro/libctru/lib\libctru.a(vram.o)
                0x00108284                vramMemAlignAt
 .text.vramAlloc
                0x001084cc        0xc C:/devkitPro/libctru/lib\libctru.a(vram.o)
                0x001084cc                vramAlloc
 .text.vramAllocAt
                0x001084d8        0xc C:/devkitPro/libctru/lib\libctru.a(vram.o)
                0x001084d8                vramAllocAt
 .text.vramFree
                0x001084e4       0x94 C:/devkitPro/libctru/lib\libctru.a(vram.o)
                0x001084e4                vramFree
 .text.fontEnsureMapped
                0x00108578       0x9c C:/devkitPro/libctru/lib\libctru.a(font.o)
                0x00108578                fontEnsureMapped
 .text.fontFixPointers
                0x00108614       0x7c C:/devkitPro/libctru/lib\libctru.a(font.o)
                0x00108614                fontFixPointers
 .text.fontGlyphIndexFromCodePoint
                0x00108690      0x100 C:/devkitPro/libctru/lib\libctru.a(font.o)
                0x00108690                fontGlyphIndexFromCodePoint
 .text.fontCalcGlyphPos
                0x00108790      0x214 C:/devkitPro/libctru/lib\libctru.a(font.o)
                0x00108790                fontCalcGlyphPos
 .text.gfxPresentFramebuffer
                0x001089a4       0xcc C:/devkitPro/libctru/lib\libctru.a(gfx.o)
 .text.gfxIsWide
                0x00108a70       0x1c C:/devkitPro/libctru/lib\libctru.a(gfx.o)
                0x00108a70                gfxIsWide
 .text.gfxSetScreenFormat
                0x00108a8c       0xf8 C:/devkitPro/libctru/lib\libctru.a(gfx.o)
                0x00108a8c                gfxSetScreenFormat
 .text.gfxInit  0x00108b84       0xd8 C:/devkitPro/libctru/lib\libctru.a(gfx.o)
                0x00108b84                gfxInit
 .text.gfxInitDefault
                0x00108c5c       0x10 C:/devkitPro/libctru/lib\libctru.a(gfx.o)
                0x00108c5c                gfxInitDefault
 .text.gfxExit  0x00108c6c       0xb8 C:/devkitPro/libctru/lib\libctru.a(gfx.o)
                0x00108c6c                gfxExit
 .text.gfxGetFramebuffer
                0x00108d24       0xa0 C:/devkitPro/libctru/lib\libctru.a(gfx.o)
                0x00108d24                gfxGetFramebuffer
 .text.gfxScreenSwapBuffers
                0x00108dc4       0x28 C:/devkitPro/libctru/lib\libctru.a(gfx.o)
                0x00108dc4                gfxScreenSwapBuffers
 .text.osConvertVirtToPhys
                0x00108dec       0x74 C:/devkitPro/libctru/lib\libctru.a(os.o)
                0x00108dec                osConvertVirtToPhys
 .text.osGetTimeRef
                0x00108e60       0x54 C:/devkitPro/libctru/lib\libctru.a(os.o)
                0x00108e60                osGetTimeRef
 .text.osGetTime
                0x00108eb4       0xec C:/devkitPro/libctru/lib\libctru.a(os.o)
                0x00108eb4                osGetTime
 .text.__ctru_speedup_config
                0x00108fa0       0x34 C:/devkitPro/libctru/lib\libctru.a(os.o)
                0x00108fa0                __ctru_speedup_config
 .text.romfs_close
                0x00108fd4        0x8 C:/devkitPro/libctru/lib\libctru.a(romfs_dev.o)
 .text.romfs_seek
                0x00108fdc       0xac C:/devkitPro/libctru/lib\libctru.a(romfs_dev.o)
 .text.romfs_dirreset
                0x00109088       0x24 C:/devkitPro/libctru/lib\libctru.a(romfs_dev.o)
 .text.fill_dir
                0x001090ac       0xc0 C:/devkitPro/libctru/lib\libctru.a(romfs_dev.o)
 .text.romfs_dirnext
                0x0010916c      0x2ac C:/devkitPro/libctru/lib\libctru.a(romfs_dev.o)
 .text.romfs_free
                0x00109418       0x74 C:/devkitPro/libctru/lib\libctru.a(romfs_dev.o)
 .text.searchForFile.constprop.0
                0x0010948c       0xd0 C:/devkitPro/libctru/lib\libctru.a(romfs_dev.o)
 .text.searchForDir.constprop.0
                0x0010955c       0xd4 C:/devkitPro/libctru/lib\libctru.a(romfs_dev.o)
 .text.navigateToDir.constprop.0
                0x00109630      0x1c0 C:/devkitPro/libctru/lib\libctru.a(romfs_dev.o)
 .text.romfs_open
                0x001097f0      0x114 C:/devkitPro/libctru/lib\libctru.a(romfs_dev.o)
 .text.romfs_chdir
                0x00109904       0x4c C:/devkitPro/libctru/lib\libctru.a(romfs_dev.o)
 .text.romfs_diropen
                0x00109950       0x68 C:/devkitPro/libctru/lib\libctru.a(romfs_dev.o)
 .text.romfs_stat
                0x001099b8      0x178 C:/devkitPro/libctru/lib\libctru.a(romfs_dev.o)
 .text.romfs_dirclose
                0x00109b30        0x8 C:/devkitPro/libctru/lib\libctru.a(romfs_dev.o)
 .text.romfs_fstat
                0x00109b38       0x7c C:/devkitPro/libctru/lib\libctru.a(romfs_dev.o)
 .text.romfs_read
                0x00109bb4       0xd0 C:/devkitPro/libctru/lib\libctru.a(romfs_dev.o)
 .text.romfsMountFromFile
                0x00109c84      0x294 C:/devkitPro/libctru/lib\libctru.a(romfs_dev.o)
                0x00109c84                romfsMountFromFile
 .text.romfsMountFromCurrentProcess
                0x00109f18       0x98 C:/devkitPro/libctru/lib\libctru.a(romfs_dev.o)
                0x00109f18                romfsMountFromCurrentProcess
 .text.romfsMountSelf
                0x00109fb0      0x258 C:/devkitPro/libctru/lib\libctru.a(romfs_dev.o)
                0x00109fb0                romfsMountSelf
 .text.GPUCMD_Add
                0x0010a208      0x13c C:/devkitPro/libctru/lib\libctru.a(gpu.o)
                0x0010a208                GPUCMD_Add
 .text.GPUCMD_Split
                0x0010a344       0xb0 C:/devkitPro/libctru/lib\libctru.a(gpu.o)
                0x0010a344                GPUCMD_Split
 .text.f32tof16
                0x0010a3f4       0x34 C:/devkitPro/libctru/lib\libctru.a(gpu.o)
                0x0010a3f4                f32tof16
 .text.f32tof24
                0x0010a428       0x34 C:/devkitPro/libctru/lib\libctru.a(gpu.o)
                0x0010a428                f32tof24
 .text.f32tof31
                0x0010a45c       0x38 C:/devkitPro/libctru/lib\libctru.a(gpu.o)
                0x0010a45c                f32tof31
 .text.GX_BindQueue
                0x0010a494       0x10 C:/devkitPro/libctru/lib\libctru.a(gx.o)
                0x0010a494                GX_BindQueue
 .text.GX_ProcessCommandList
                0x0010a4a4       0x7c C:/devkitPro/libctru/lib\libctru.a(gx.o)
                0x0010a4a4                GX_ProcessCommandList
 .text.GX_MemoryFill
                0x0010a520       0x74 C:/devkitPro/libctru/lib\libctru.a(gx.o)
                0x0010a520                GX_MemoryFill
 .text.GX_DisplayTransfer
                0x0010a594       0x74 C:/devkitPro/libctru/lib\libctru.a(gx.o)
                0x0010a594                GX_DisplayTransfer
 .text.gxCmdQueueDoCommands.part.0
                0x0010a608       0x64 C:/devkitPro/libctru/lib\libctru.a(gxqueue.o)
 .text.gxCmdQueueInterrupt
                0x0010a66c       0xe4 C:/devkitPro/libctru/lib\libctru.a(gxqueue.o)
                0x0010a66c                gxCmdQueueInterrupt
 .text.gxCmdQueueClear
                0x0010a750       0x68 C:/devkitPro/libctru/lib\libctru.a(gxqueue.o)
                0x0010a750                gxCmdQueueClear
 .text.gxCmdQueueAdd
                0x0010a7b8      0x108 C:/devkitPro/libctru/lib\libctru.a(gxqueue.o)
                0x0010a7b8                gxCmdQueueAdd
 .text.gxCmdQueueRun
                0x0010a8c0       0x80 C:/devkitPro/libctru/lib\libctru.a(gxqueue.o)
                0x0010a8c0                gxCmdQueueRun
 .text.gxCmdQueueStop
                0x0010a940       0x64 C:/devkitPro/libctru/lib\libctru.a(gxqueue.o)
                0x0010a940                gxCmdQueueStop
 .text.gxCmdQueueWait
                0x0010a9a4       0xac C:/devkitPro/libctru/lib\libctru.a(gxqueue.o)
                0x0010a9a4                gxCmdQueueWait
 .text.shaderInstanceInit
                0x0010aa50      0x1e0 C:/devkitPro/libctru/lib\libctru.a(shaderProgram.o)
                0x0010aa50                shaderInstanceInit
 .text.shaderInstanceGetUniformLocation
                0x0010ac30       0x18 C:/devkitPro/libctru/lib\libctru.a(shaderProgram.o)
                0x0010ac30                shaderInstanceGetUniformLocation
 .text.shaderProgramInit
                0x0010ac48       0x1c C:/devkitPro/libctru/lib\libctru.a(shaderProgram.o)
                0x0010ac48                shaderProgramInit
 .text.shaderProgramFree
                0x0010ac64       0x74 C:/devkitPro/libctru/lib\libctru.a(shaderProgram.o)
                0x0010ac64                shaderProgramFree
 .text.shaderProgramSetVsh
                0x0010acd8       0x94 C:/devkitPro/libctru/lib\libctru.a(shaderProgram.o)
                0x0010acd8                shaderProgramSetVsh
 .text.shaderProgramConfigure
                0x0010ad6c      0x8d0 C:/devkitPro/libctru/lib\libctru.a(shaderProgram.o)
                0x0010ad6c                shaderProgramConfigure
 .text.DVLE_GenerateOutmap.part.0
                0x0010b63c      0x1dc C:/devkitPro/libctru/lib\libctru.a(shbin.o)
 .text.DVLB_ParseFile
                0x0010b818      0x1ac C:/devkitPro/libctru/lib\libctru.a(shbin.o)
                0x0010b818                DVLB_ParseFile
 .text.DVLB_Free
                0x0010b9c4       0x50 C:/devkitPro/libctru/lib\libctru.a(shbin.o)
                0x0010b9c4                DVLB_Free
 .text.DVLE_GetUniformRegister
                0x0010ba14       0x74 C:/devkitPro/libctru/lib\libctru.a(shbin.o)
                0x0010ba14                DVLE_GetUniformRegister
 .text.aptConvertScreenForCapture
                0x0010ba88      0x180 C:/devkitPro/libctru/lib\libctru.a(apt.o)
 .text.aptDspSleep
                0x0010bc08        0x8 C:/devkitPro/libctru/lib\libctru.a(apt.o)
                0x0010bc08                aptDspSleep
 .text.aptDspWakeup
                0x0010bc10        0x4 C:/devkitPro/libctru/lib\libctru.a(apt.o)
                0x0010bc10                aptDspWakeup
 .text.aptDspCancel
                0x0010bc14        0x4 C:/devkitPro/libctru/lib\libctru.a(apt.o)
                0x0010bc14                aptDspCancel
 .text.aptSendCommand
                0x0010bc18      0x138 C:/devkitPro/libctru/lib\libctru.a(apt.o)
                0x0010bc18                aptSendCommand
 .text.aptExitProcess
                0x0010bd50       0x44 C:/devkitPro/libctru/lib\libctru.a(apt.o)
 .text.aptExit  0x0010bd94      0x394 C:/devkitPro/libctru/lib\libctru.a(apt.o)
                0x0010bd94                aptExit
 .text.aptHandleSleep
                0x0010c128       0xd8 C:/devkitPro/libctru/lib\libctru.a(apt.o)
                0x0010c128                aptHandleSleep
 .text.aptHook  0x0010c200       0x34 C:/devkitPro/libctru/lib\libctru.a(apt.o)
                0x0010c200                aptHook
 .text.aptUnhook
                0x0010c234       0x30 C:/devkitPro/libctru/lib\libctru.a(apt.o)
                0x0010c234                aptUnhook
 .text.APT_SleepIfShellClosed
                0x0010c264       0x84 C:/devkitPro/libctru/lib\libctru.a(apt.o)
                0x0010c264                APT_SleepIfShellClosed
 .text.aptSetSleepAllowed
                0x0010c2e8       0x78 C:/devkitPro/libctru/lib\libctru.a(apt.o)
                0x0010c2e8                aptSetSleepAllowed
 .text.APT_UnlockTransition
                0x0010c360       0x84 C:/devkitPro/libctru/lib\libctru.a(apt.o)
                0x0010c360                APT_UnlockTransition
 *fill*         0x0010c3e4        0x4 
 .text.aptEventHandler
                0x0010c3e8      0x470 C:/devkitPro/libctru/lib\libctru.a(apt.o)
 .text.APT_ReceiveParameter
                0x0010c858       0xbc C:/devkitPro/libctru/lib\libctru.a(apt.o)
                0x0010c858                APT_ReceiveParameter
 .text.aptReceiveParameter.constprop.0
                0x0010c914       0xb0 C:/devkitPro/libctru/lib\libctru.a(apt.o)
 *fill*         0x0010c9c4        0x4 
 .text.aptScreenTransfer
                0x0010c9c8      0x294 C:/devkitPro/libctru/lib\libctru.a(apt.o)
 .text.aptWaitForWakeUp.isra.0
                0x0010cc5c      0x2d0 C:/devkitPro/libctru/lib\libctru.a(apt.o)
 .text.aptJumpToHomeMenu
                0x0010cf2c       0xf4 C:/devkitPro/libctru/lib\libctru.a(apt.o)
                0x0010cf2c                aptJumpToHomeMenu
 .text.aptMainLoop
                0x0010d020       0x58 C:/devkitPro/libctru/lib\libctru.a(apt.o)
                0x0010d020                aptMainLoop
 .text.aptInit  0x0010d078      0x240 C:/devkitPro/libctru/lib\libctru.a(apt.o)
                0x0010d078                aptInit
 .text.APT_CheckNew3DS
                0x0010d2b8       0x90 C:/devkitPro/libctru/lib\libctru.a(apt.o)
                0x0010d2b8                APT_CheckNew3DS
 .text.APT_GetSharedFont
                0x0010d348       0x48 C:/devkitPro/libctru/lib\libctru.a(apt.o)
                0x0010d348                APT_GetSharedFont
 .text.cfguInit
                0x0010d390       0xa8 C:/devkitPro/libctru/lib\libctru.a(cfgu.o)
                0x0010d390                cfguInit
 .text.fsInit   0x0010d438      0x104 C:/devkitPro/libctru/lib\libctru.a(fs.o)
                0x0010d438                fsInit
 .text.fsExit   0x0010d53c       0x3c C:/devkitPro/libctru/lib\libctru.a(fs.o)
                0x0010d53c                fsExit
 .text.fsExemptFromSession
                0x0010d578       0x68 C:/devkitPro/libctru/lib\libctru.a(fs.o)
                0x0010d578                fsExemptFromSession
 .text.fsUnexemptFromSession
                0x0010d5e0       0x50 C:/devkitPro/libctru/lib\libctru.a(fs.o)
                0x0010d5e0                fsUnexemptFromSession
 .text.FSUSER_OpenFile
                0x0010d630       0xcc C:/devkitPro/libctru/lib\libctru.a(fs.o)
                0x0010d630                FSUSER_OpenFile
 .text.FSUSER_OpenFileDirectly
                0x0010d6fc       0xcc C:/devkitPro/libctru/lib\libctru.a(fs.o)
                0x0010d6fc                FSUSER_OpenFileDirectly
 .text.FSUSER_DeleteFile
                0x0010d7c8       0xb8 C:/devkitPro/libctru/lib\libctru.a(fs.o)
                0x0010d7c8                FSUSER_DeleteFile
 .text.FSUSER_RenameFile
                0x0010d880       0xf4 C:/devkitPro/libctru/lib\libctru.a(fs.o)
                0x0010d880                FSUSER_RenameFile
 .text.FSUSER_DeleteDirectory
                0x0010d974       0xb8 C:/devkitPro/libctru/lib\libctru.a(fs.o)
                0x0010d974                FSUSER_DeleteDirectory
 .text.FSUSER_CreateFile
                0x0010da2c       0xd0 C:/devkitPro/libctru/lib\libctru.a(fs.o)
                0x0010da2c                FSUSER_CreateFile
 .text.FSUSER_CreateDirectory
                0x0010dafc       0xc0 C:/devkitPro/libctru/lib\libctru.a(fs.o)
                0x0010dafc                FSUSER_CreateDirectory
 .text.FSUSER_RenameDirectory
                0x0010dbbc       0xf4 C:/devkitPro/libctru/lib\libctru.a(fs.o)
                0x0010dbbc                FSUSER_RenameDirectory
 .text.FSUSER_OpenDirectory
                0x0010dcb0       0xb4 C:/devkitPro/libctru/lib\libctru.a(fs.o)
                0x0010dcb0                FSUSER_OpenDirectory
 .text.FSUSER_OpenArchive
                0x0010dd64       0x90 C:/devkitPro/libctru/lib\libctru.a(fs.o)
                0x0010dd64                FSUSER_OpenArchive
 .text.FSUSER_CloseArchive
                0x0010ddf4       0x8c C:/devkitPro/libctru/lib\libctru.a(fs.o)
                0x0010ddf4                FSUSER_CloseArchive
 .text.FSUSER_GetSdmcArchiveResource
                0x0010de80       0x74 C:/devkitPro/libctru/lib\libctru.a(fs.o)
                0x0010de80                FSUSER_GetSdmcArchiveResource
 .text.FSUSER_IsSdmcWritable
                0x0010def4       0x64 C:/devkitPro/libctru/lib\libctru.a(fs.o)
                0x0010def4                FSUSER_IsSdmcWritable
 .text.FSFILE_Read
                0x0010df58       0x64 C:/devkitPro/libctru/lib\libctru.a(fs.o)
                0x0010df58                FSFILE_Read
 .text.FSFILE_Write
                0x0010dfbc       0x6c C:/devkitPro/libctru/lib\libctru.a(fs.o)
                0x0010dfbc                FSFILE_Write
 .text.FSFILE_GetSize
                0x0010e028       0x44 C:/devkitPro/libctru/lib\libctru.a(fs.o)
                0x0010e028                FSFILE_GetSize
 .text.FSFILE_SetSize
                0x0010e06c       0x28 C:/devkitPro/libctru/lib\libctru.a(fs.o)
                0x0010e06c                FSFILE_SetSize
 .text.FSFILE_Close
                0x0010e094       0x3c C:/devkitPro/libctru/lib\libctru.a(fs.o)
                0x0010e094                FSFILE_Close
 .text.FSFILE_Flush
                0x0010e0d0       0x24 C:/devkitPro/libctru/lib\libctru.a(fs.o)
                0x0010e0d0                FSFILE_Flush
 .text.FSDIR_Read
                0x0010e0f4       0x60 C:/devkitPro/libctru/lib\libctru.a(fs.o)
                0x0010e0f4                FSDIR_Read
 .text.FSDIR_Close
                0x0010e154       0x3c C:/devkitPro/libctru/lib\libctru.a(fs.o)
                0x0010e154                FSDIR_Close
 .text.gspHardwareInit
                0x0010e190      0xc70 C:/devkitPro/libctru/lib\libctru.a(gspgpu.o)
 .text.gspInit  0x0010ee00      0x288 C:/devkitPro/libctru/lib\libctru.a(gspgpu.o)
                0x0010ee00                gspInit
 .text.gspExit  0x0010f088      0x104 C:/devkitPro/libctru/lib\libctru.a(gspgpu.o)
                0x0010f088                gspExit
 .text.gspHasGpuRight
                0x0010f18c       0x10 C:/devkitPro/libctru/lib\libctru.a(gspgpu.o)
                0x0010f18c                gspHasGpuRight
 .text.gspPresentBuffer
                0x0010f19c       0xa4 C:/devkitPro/libctru/lib\libctru.a(gspgpu.o)
                0x0010f19c                gspPresentBuffer
 .text.gspSetEventCallback
                0x0010f240       0x30 C:/devkitPro/libctru/lib\libctru.a(gspgpu.o)
                0x0010f240                gspSetEventCallback
 .text.gspWaitForEvent
                0x0010f270       0x50 C:/devkitPro/libctru/lib\libctru.a(gspgpu.o)
                0x0010f270                gspWaitForEvent
 .text.gspWaitForAnyEvent
                0x0010f2c0       0x4c C:/devkitPro/libctru/lib\libctru.a(gspgpu.o)
                0x0010f2c0                gspWaitForAnyEvent
 .text.gspEventThreadMain
                0x0010f30c      0x154 C:/devkitPro/libctru/lib\libctru.a(gspgpu.o)
 .text.gspSubmitGxCommand
                0x0010f460      0x12c C:/devkitPro/libctru/lib\libctru.a(gspgpu.o)
                0x0010f460                gspSubmitGxCommand
 .text.GSPGPU_FlushDataCache
                0x0010f58c       0x50 C:/devkitPro/libctru/lib\libctru.a(gspgpu.o)
                0x0010f58c                GSPGPU_FlushDataCache
 .text.GSPGPU_SetLcdForceBlack
                0x0010f5dc       0x34 C:/devkitPro/libctru/lib\libctru.a(gspgpu.o)
                0x0010f5dc                GSPGPU_SetLcdForceBlack
 .text.GSPGPU_AcquireRight
                0x0010f610       0x84 C:/devkitPro/libctru/lib\libctru.a(gspgpu.o)
                0x0010f610                GSPGPU_AcquireRight
 .text.GSPGPU_ReleaseRight
                0x0010f694       0x64 C:/devkitPro/libctru/lib\libctru.a(gspgpu.o)
                0x0010f694                GSPGPU_ReleaseRight
 .text.GSPGPU_ImportDisplayCaptureInfo
                0x0010f6f8       0x7c C:/devkitPro/libctru/lib\libctru.a(gspgpu.o)
                0x0010f6f8                GSPGPU_ImportDisplayCaptureInfo
 .text.GSPGPU_SaveVramSysArea
                0x0010f774       0x2c C:/devkitPro/libctru/lib\libctru.a(gspgpu.o)
                0x0010f774                GSPGPU_SaveVramSysArea
 .text.GSPGPU_RestoreVramSysArea
                0x0010f7a0       0x2c C:/devkitPro/libctru/lib\libctru.a(gspgpu.o)
                0x0010f7a0                GSPGPU_RestoreVramSysArea
 .text.hidShouldUseIrrst
                0x0010f7cc       0x24 C:/devkitPro/libctru/lib\libctru.a(hid.o)
                0x0010f7cc                hidShouldUseIrrst
 .text.hidInit  0x0010f7f0      0x1cc C:/devkitPro/libctru/lib\libctru.a(hid.o)
                0x0010f7f0                hidInit
 .text.hidExit  0x0010f9bc       0xe8 C:/devkitPro/libctru/lib\libctru.a(hid.o)
                0x0010f9bc                hidExit
 .text.hidScanInput
                0x0010faa4      0x2a0 C:/devkitPro/libctru/lib\libctru.a(hid.o)
                0x0010faa4                hidScanInput
 .text.hidKeysHeld
                0x0010fd44       0x10 C:/devkitPro/libctru/lib\libctru.a(hid.o)
                0x0010fd44                hidKeysHeld
 .text.hidKeysDown
                0x0010fd54       0x10 C:/devkitPro/libctru/lib\libctru.a(hid.o)
                0x0010fd54                hidKeysDown
 .text.hidKeysUp
                0x0010fd64       0x10 C:/devkitPro/libctru/lib\libctru.a(hid.o)
                0x0010fd64                hidKeysUp
 .text.hidTouchRead
                0x0010fd74       0x18 C:/devkitPro/libctru/lib\libctru.a(hid.o)
                0x0010fd74                hidTouchRead
 .text.irrstInit
                0x0010fd8c      0x1a4 C:/devkitPro/libctru/lib\libctru.a(irrst.o)
                0x0010fd8c                irrstInit
 .text.irrstExit
                0x0010ff30       0xdc C:/devkitPro/libctru/lib\libctru.a(irrst.o)
                0x0010ff30                irrstExit
 .text.irrstScanInput
                0x0011000c       0xb4 C:/devkitPro/libctru/lib\libctru.a(irrst.o)
                0x0011000c                irrstScanInput
 .text.irrstKeysHeld
                0x001100c0       0x24 C:/devkitPro/libctru/lib\libctru.a(irrst.o)
                0x001100c0                irrstKeysHeld
 .text.ptmSysmInit
                0x001100e4       0x78 C:/devkitPro/libctru/lib\libctru.a(ptmsysm.o)
                0x001100e4                ptmSysmInit
 .text.ptmSysmExit
                0x0011015c       0x3c C:/devkitPro/libctru/lib\libctru.a(ptmsysm.o)
                0x0011015c                ptmSysmExit
 .text.PTMSYSM_ConfigureNew3DSCPU
                0x00110198       0x34 C:/devkitPro/libctru/lib\libctru.a(ptmsysm.o)
                0x00110198                PTMSYSM_ConfigureNew3DSCPU
 .text.rbtree_find
                0x001101cc       0x74 C:/devkitPro/libctru/lib\libctru.a(rbtree_find.o)
                0x001101cc                rbtree_find
 .text.rbtree_init
                0x00110240       0x10 C:/devkitPro/libctru/lib\libctru.a(rbtree_init.o)
                0x00110240                rbtree_init
 .text.do_insert
                0x00110250      0x198 C:/devkitPro/libctru/lib\libctru.a(rbtree_insert.o)
 .text.rbtree_insert
                0x001103e8        0x8 C:/devkitPro/libctru/lib\libctru.a(rbtree_insert.o)
                0x001103e8                rbtree_insert
 .text.rbtree_remove
                0x001103f0      0x310 C:/devkitPro/libctru/lib\libctru.a(rbtree_remove.o)
                0x001103f0                rbtree_remove
 .text.rbtree_rotate
                0x00110700       0x90 C:/devkitPro/libctru/lib\libctru.a(rbtree_rotate.o)
                0x00110700                rbtree_rotate
 .text.decode_utf8
                0x00110790      0x140 C:/devkitPro/libctru/lib\libctru.a(decode_utf8.o)
                0x00110790                decode_utf8
 .text.utf16_to_utf8
                0x001108d0       0xe8 C:/devkitPro/libctru/lib\libctru.a(utf16_to_utf8.o)
                0x001108d0                utf16_to_utf8
 .text.utf8_to_utf16
                0x001109b8       0xc0 C:/devkitPro/libctru/lib\libctru.a(utf8_to_utf16.o)
                0x001109b8                utf8_to_utf16
 .text.__system_allocateHeaps
                0x00110a78      0x1e8 C:/devkitPro/libctru/lib\libctru.a(allocateHeaps.o)
                0x00110a78                __system_allocateHeaps
 .text.__libctru_init
                0x00110c60       0x38 C:/devkitPro/libctru/lib\libctru.a(ctru_init.o)
                0x00110c60                __libctru_init
 .text.__system_initArgv
                0x00110c98      0x16c C:/devkitPro/libctru/lib\libctru.a(initArgv.o)
                0x00110c98                __system_initArgv
 .text.__syscall_getreent
                0x00110e04       0x30 C:/devkitPro/libctru/lib\libctru.a(syscalls.o)
                0x00110e04                __syscall_getreent
 .text.__syscall_gettod_r
                0x00110e34       0x64 C:/devkitPro/libctru/lib\libctru.a(syscalls.o)
                0x00110e34                __syscall_gettod_r
 .text.__syscall_lock_acquire
                0x00110e98        0x4 C:/devkitPro/libctru/lib\libctru.a(syscalls.o)
                0x00110e98                __syscall_lock_acquire
 .text.__syscall_lock_release
                0x00110e9c        0x4 C:/devkitPro/libctru/lib\libctru.a(syscalls.o)
                0x00110e9c                __syscall_lock_release
 .text.__syscall_lock_acquire_recursive
                0x00110ea0        0x4 C:/devkitPro/libctru/lib\libctru.a(syscalls.o)
                0x00110ea0                __syscall_lock_acquire_recursive
 .text.__syscall_lock_release_recursive
                0x00110ea4        0x4 C:/devkitPro/libctru/lib\libctru.a(syscalls.o)
                0x00110ea4                __syscall_lock_release_recursive
 .text.__syscall_exit
                0x00110ea8        0x4 C:/devkitPro/libctru/lib\libctru.a(syscalls.o)
                0x00110ea8                __syscall_exit
 .text.initThreadVars
                0x00110eac       0x54 C:/devkitPro/libctru/lib\libctru.a(syscalls.o)
                0x00110eac                initThreadVars
 .text.__system_initSyscalls
                0x00110f00       0x80 C:/devkitPro/libctru/lib\libctru.a(syscalls.o)
                0x00110f00                __system_initSyscalls
 .text.svcControlMemory
                0x00110f80       0x20 C:/devkitPro/libctru/lib\libctru.a(svc.o)
                0x00110f80                svcControlMemory
 .text.svcQueryMemory
                0x00110fa0       0x30 C:/devkitPro/libctru/lib\libctru.a(svc.o)
                0x00110fa0                svcQueryMemory
 .text.svcExitProcess
                0x00110fd0        0x8 C:/devkitPro/libctru/lib\libctru.a(svc.o)
                0x00110fd0                svcExitProcess
 .text.svcCreateThread
                0x00110fd8       0x20 C:/devkitPro/libctru/lib\libctru.a(svc.o)
                0x00110fd8                svcCreateThread
 .text.svcExitThread
                0x00110ff8        0x8 C:/devkitPro/libctru/lib\libctru.a(svc.o)
                0x00110ff8                svcExitThread
 .text.svcSleepThread
                0x00111000        0x8 C:/devkitPro/libctru/lib\libctru.a(svc.o)
                0x00111000                svcSleepThread
 .text.svcReleaseMutex
                0x00111008        0x8 C:/devkitPro/libctru/lib\libctru.a(svc.o)
                0x00111008                svcReleaseMutex
 .text.svcCreateEvent
                0x00111010       0x14 C:/devkitPro/libctru/lib\libctru.a(svc.o)
                0x00111010                svcCreateEvent
 .text.svcSignalEvent
                0x00111024        0x8 C:/devkitPro/libctru/lib\libctru.a(svc.o)
                0x00111024                svcSignalEvent
 .text.svcClearEvent
                0x0011102c        0x8 C:/devkitPro/libctru/lib\libctru.a(svc.o)
                0x0011102c                svcClearEvent
 .text.svcMapMemoryBlock
                0x00111034        0x8 C:/devkitPro/libctru/lib\libctru.a(svc.o)
                0x00111034                svcMapMemoryBlock
 .text.svcUnmapMemoryBlock
                0x0011103c        0x8 C:/devkitPro/libctru/lib\libctru.a(svc.o)
                0x0011103c                svcUnmapMemoryBlock
 .text.svcCreateAddressArbiter
                0x00111044       0x14 C:/devkitPro/libctru/lib\libctru.a(svc.o)
                0x00111044                svcCreateAddressArbiter
 .text.svcArbitrateAddressNoTimeout
                0x00111058        0x8 C:/devkitPro/libctru/lib\libctru.a(svc.o)
                0x00111058                svcArbitrateAddressNoTimeout
 .text.svcCloseHandle
                0x00111060        0x8 C:/devkitPro/libctru/lib\libctru.a(svc.o)
                0x00111060                svcCloseHandle
 .text.svcWaitSynchronization
                0x00111068        0x8 C:/devkitPro/libctru/lib\libctru.a(svc.o)
                0x00111068                svcWaitSynchronization
 .text.svcWaitSynchronizationN
                0x00111070       0x28 C:/devkitPro/libctru/lib\libctru.a(svc.o)
                0x00111070                svcWaitSynchronizationN
 .text.svcDuplicateHandle
                0x00111098       0x14 C:/devkitPro/libctru/lib\libctru.a(svc.o)
                0x00111098                svcDuplicateHandle
 .text.svcGetSystemTick
                0x001110ac        0x8 C:/devkitPro/libctru/lib\libctru.a(svc.o)
                0x001110ac                svcGetSystemTick
 .text.svcConnectToPort
                0x001110b4       0x14 C:/devkitPro/libctru/lib\libctru.a(svc.o)
                0x001110b4                svcConnectToPort
 .text.svcSendSyncRequest
                0x001110c8        0x8 C:/devkitPro/libctru/lib\libctru.a(svc.o)
                0x001110c8                svcSendSyncRequest
 .text.svcGetResourceLimit
                0x001110d0       0x14 C:/devkitPro/libctru/lib\libctru.a(svc.o)
                0x001110d0                svcGetResourceLimit
 .text.svcGetResourceLimitLimitValues
                0x001110e4        0x8 C:/devkitPro/libctru/lib\libctru.a(svc.o)
                0x001110e4                svcGetResourceLimitLimitValues
 .text.svcGetResourceLimitCurrentValues
                0x001110ec        0x8 C:/devkitPro/libctru/lib\libctru.a(svc.o)
                0x001110ec                svcGetResourceLimitCurrentValues
 .text.svcBreak
                0x001110f4        0x8 C:/devkitPro/libctru/lib\libctru.a(svc.o)
                0x001110f4                svcBreak
 .text.__aeabi_read_tp
                0x001110fc        0xc C:/devkitPro/libctru/lib\libctru.a(readtp.o)
                0x001110fc                __aeabi_read_tp
 .text.initSystem
                0x00111108       0x50 C:/devkitPro/libctru/lib\libctru.a(stack_adjust.o)
                0x00111108                initSystem
 .text.__ctru_exit
                0x00111158       0x14 C:/devkitPro/libctru/lib\libctru.a(stack_adjust.o)
                0x00111158                __ctru_exit
 .text.envGetHandle
                0x0011116c       0x8c C:/devkitPro/libctru/lib\libctru.a(env.o)
                0x0011116c                envGetHandle
 .text.envDestroyHandles
                0x001111f8       0x50 C:/devkitPro/libctru/lib\libctru.a(env.o)
                0x001111f8                envDestroyHandles
 .text.srvInit  0x00111248      0x164 C:/devkitPro/libctru/lib\libctru.a(srv.o)
                0x00111248                srvInit
 .text.srvExit  0x001113ac       0x64 C:/devkitPro/libctru/lib\libctru.a(srv.o)
                0x001113ac                srvExit
 .text.srvEnableNotification
                0x00111410       0x60 C:/devkitPro/libctru/lib\libctru.a(srv.o)
                0x00111410                srvEnableNotification
 .text.srvGetServiceHandleDirect
                0x00111470       0xa0 C:/devkitPro/libctru/lib\libctru.a(srv.o)
                0x00111470                srvGetServiceHandleDirect
 .text.srvGetServiceHandle
                0x00111510       0x48 C:/devkitPro/libctru/lib\libctru.a(srv.o)
                0x00111510                srvGetServiceHandle
 .text.srvSubscribe
                0x00111558       0x34 C:/devkitPro/libctru/lib\libctru.a(srv.o)
                0x00111558                srvSubscribe
 .text.srvReceiveNotification
                0x0011158c       0x60 C:/devkitPro/libctru/lib\libctru.a(srv.o)
                0x0011158c                srvReceiveNotification
 .text.srvPublishToSubscriber
                0x001115ec       0x38 C:/devkitPro/libctru/lib\libctru.a(srv.o)
                0x001115ec                srvPublishToSubscriber
 .text.__sync_init
                0x00111624        0xc C:/devkitPro/libctru/lib\libctru.a(synchronization.o)
                0x00111624                __sync_init
 .text.__sync_fini
                0x00111630       0x18 C:/devkitPro/libctru/lib\libctru.a(synchronization.o)
                0x00111630                __sync_fini
 .text.syncArbitrateAddress
                0x00111648       0x28 C:/devkitPro/libctru/lib\libctru.a(synchronization.o)
                0x00111648                syncArbitrateAddress
 .text.LightLock_Lock
                0x00111670       0xac C:/devkitPro/libctru/lib\libctru.a(synchronization.o)
                0x00111670                LightLock_Lock
 .text.LightLock_Unlock
                0x0011171c       0x40 C:/devkitPro/libctru/lib\libctru.a(synchronization.o)
                0x0011171c                LightLock_Unlock
 .text.RecursiveLock_Lock
                0x0011175c       0x54 C:/devkitPro/libctru/lib\libctru.a(synchronization.o)
                0x0011175c                RecursiveLock_Lock
 .text.RecursiveLock_Unlock
                0x001117b0       0x54 C:/devkitPro/libctru/lib\libctru.a(synchronization.o)
                0x001117b0                RecursiveLock_Unlock
 .text.LightEvent_Init
                0x00111804       0x44 C:/devkitPro/libctru/lib\libctru.a(synchronization.o)
                0x00111804                LightEvent_Init
 .text.LightEvent_Clear
                0x00111848       0xb8 C:/devkitPro/libctru/lib\libctru.a(synchronization.o)
                0x00111848                LightEvent_Clear
 .text.LightEvent_Signal
                0x00111900       0xdc C:/devkitPro/libctru/lib\libctru.a(synchronization.o)
                0x00111900                LightEvent_Signal
 .text.LightEvent_TryWait
                0x001119dc       0x50 C:/devkitPro/libctru/lib\libctru.a(synchronization.o)
                0x001119dc                LightEvent_TryWait
 .text.LightEvent_Wait
                0x00111a2c       0xac C:/devkitPro/libctru/lib\libctru.a(synchronization.o)
                0x00111a2c                LightEvent_Wait
 .text.threadCreate
                0x00111ad8      0x1fc C:/devkitPro/libctru/lib\libctru.a(thread.o)
                0x00111ad8                threadCreate
 .text.threadFree
                0x00111cd4       0x38 C:/devkitPro/libctru/lib\libctru.a(thread.o)
                0x00111cd4                threadFree
 .text.threadJoin
                0x00111d0c       0x24 C:/devkitPro/libctru/lib\libctru.a(thread.o)
                0x00111d0c                threadJoin
 .text.threadGetCurrent
                0x00111d30       0x30 C:/devkitPro/libctru/lib\libctru.a(thread.o)
                0x00111d30                threadGetCurrent
 .text.threadExit
                0x00111d60       0x40 C:/devkitPro/libctru/lib\libctru.a(thread.o)
                0x00111d60                threadExit
 .text._thread_begin
                0x00111da0       0x20 C:/devkitPro/libctru/lib\libctru.a(thread.o)
 .text.mappableFindAddressWithin
                0x00111dc0       0x90 C:/devkitPro/libctru/lib\libctru.a(mappable.o)
 .text.mappableInit
                0x00111e50       0x28 C:/devkitPro/libctru/lib\libctru.a(mappable.o)
                0x00111e50                mappableInit
 .text.mappableAlloc
                0x00111e78       0x7c C:/devkitPro/libctru/lib\libctru.a(mappable.o)
                0x00111e78                mappableAlloc
 .text.mappableFree
                0x00111ef4        0x4 C:/devkitPro/libctru/lib\libctru.a(mappable.o)
                0x00111ef4                mappableFree
 .text.srvPmGetSessionHandle
                0x00111ef8        0xc C:/devkitPro/libctru/lib\libctru.a(srvpm.o)
                0x00111ef8                srvPmGetSessionHandle
 .text.rbtree_node_next
                0x00111f04       0x60 C:/devkitPro/libctru/lib\libctru.a(rbtree_iterator.o)
                0x00111f04                rbtree_node_next
 .text.decode_utf16
                0x00111f64       0x54 C:/devkitPro/libctru/lib\libctru.a(decode_utf16.o)
                0x00111f64                decode_utf16
 .text.encode_utf16
                0x00111fb8       0x54 C:/devkitPro/libctru/lib\libctru.a(encode_utf16.o)
                0x00111fb8                encode_utf16
 .text.encode_utf8
                0x0011200c       0xe0 C:/devkitPro/libctru/lib\libctru.a(encode_utf8.o)
                0x0011200c                encode_utf8
 .text.__appExit
                0x001120ec       0x30 C:/devkitPro/libctru/lib\libctru.a(appExit.o)
                0x001120ec                __appExit
 .text.__appInit
                0x0011211c       0x30 C:/devkitPro/libctru/lib\libctru.a(appInit.o)
                0x0011211c                __appInit
 .text.__libctru_exit
                0x0011214c       0x90 C:/devkitPro/libctru/lib\libctru.a(ctru_exit.o)
                0x0011214c                __libctru_exit
 .text.error_cmp
                0x001121dc       0x24 C:/devkitPro/libctru/lib\libctru.a(archive_dev.o)
 .text.archive_translate_error
                0x00112200       0x50 C:/devkitPro/libctru/lib\libctru.a(archive_dev.o)
 .text.archive_seek
                0x00112250       0xc0 C:/devkitPro/libctru/lib\libctru.a(archive_dev.o)
 .text._archiveInit.part.0
                0x00112310       0x78 C:/devkitPro/libctru/lib\libctru.a(archive_dev.o)
 .text.archiveFindDevice.part.0
                0x00112388      0x110 C:/devkitPro/libctru/lib\libctru.a(archive_dev.o)
 .text.archive_utf16path
                0x00112498      0x298 C:/devkitPro/libctru/lib\libctru.a(archive_dev.o)
 .text._archiveUnmountDeviceStruct.part.0
                0x00112730       0x98 C:/devkitPro/libctru/lib\libctru.a(archive_dev.o)
 .text._archiveMountDevice
                0x001127c8      0x178 C:/devkitPro/libctru/lib\libctru.a(archive_dev.o)
 .text.archive_diropen
                0x00112940       0xf8 C:/devkitPro/libctru/lib\libctru.a(archive_dev.o)
 .text.archive_fstat
                0x00112a38       0xac C:/devkitPro/libctru/lib\libctru.a(archive_dev.o)
 .text.archive_fsync
                0x00112ae4       0x74 C:/devkitPro/libctru/lib\libctru.a(archive_dev.o)
 .text.archive_close
                0x00112b58       0x74 C:/devkitPro/libctru/lib\libctru.a(archive_dev.o)
 .text.archive_dirclose
                0x00112bcc       0x78 C:/devkitPro/libctru/lib\libctru.a(archive_dev.o)
 .text.sdmc_statvfs
                0x00112c44       0xec C:/devkitPro/libctru/lib\libctru.a(archive_dev.o)
 .text.archive_chdir
                0x00112d30       0xf8 C:/devkitPro/libctru/lib\libctru.a(archive_dev.o)
 .text.archive_ftruncate
                0x00112e28       0x8c C:/devkitPro/libctru/lib\libctru.a(archive_dev.o)
 .text.archive_read
                0x00112eb4       0xbc C:/devkitPro/libctru/lib\libctru.a(archive_dev.o)
 .text.archive_unlink
                0x00112f70       0xa8 C:/devkitPro/libctru/lib\libctru.a(archive_dev.o)
 .text.archive_rmdir
                0x00113018       0xc0 C:/devkitPro/libctru/lib\libctru.a(archive_dev.o)
 .text.archive_mkdir
                0x001130d8       0xd8 C:/devkitPro/libctru/lib\libctru.a(archive_dev.o)
 .text.archive_stat
                0x001131b0      0x1a0 C:/devkitPro/libctru/lib\libctru.a(archive_dev.o)
 .text.archive_dirnext
                0x00113350      0x164 C:/devkitPro/libctru/lib\libctru.a(archive_dev.o)
 .text.archive_write
                0x001134b4      0x13c C:/devkitPro/libctru/lib\libctru.a(archive_dev.o)
 .text.archive_open
                0x001135f0      0x254 C:/devkitPro/libctru/lib\libctru.a(archive_dev.o)
 .text.archive_rename
                0x00113844      0x270 C:/devkitPro/libctru/lib\libctru.a(archive_dev.o)
 .text.archiveMountSdmc
                0x00113ab4      0x1c8 C:/devkitPro/libctru/lib\libctru.a(archive_dev.o)
                0x00113ab4                archiveMountSdmc
 .text.archiveUnmountAll
                0x00113c7c       0x54 C:/devkitPro/libctru/lib\libctru.a(archive_dev.o)
                0x00113c7c                archiveUnmountAll
 .text.ceilf    0x00113cd0       0xc0 C:/devkitPro/devkitARM/bin/../lib/gcc/arm-none-eabi/15.2.0/../../../../arm-none-eabi/lib/armv6k/fpu\libm.a(libm_a-sf_ceil.o)
                0x00113cd0                ceilf
 .text.__udivmoddi4
                0x00113d90      0x130 C:/devkitPro/devkitARM/bin/../lib/gcc/arm-none-eabi/15.2.0/armv6k/fpu\libgcc.a(_udivmoddi4.o)
                0x00113d90                __udivmoddi4
 .text.strncat  0x00113ec0       0xe4 C:/devkitPro/devkitARM/bin/../lib/gcc/arm-none-eabi/15.2.0/../../../../arm-none-eabi/lib/armv6k/fpu\libg.a(libc_a-strncat.o)
                0x00113ec0                strncat
 .text.memcpy   0x00113fa4      0x128 C:/devkitPro/devkitARM/bin/../lib/gcc/arm-none-eabi/15.2.0/../../../../arm-none-eabi/lib/armv6k/fpu\libg.a(libc_a-memcpy-stub.o)
                0x00113fa4                memcpy
 .text.strlen   0x001140cc       0x8c C:/devkitPro/devkitARM/bin/../lib/gcc/arm-none-eabi/15.2.0/../../../../arm-none-eabi/lib/armv6k/fpu\libg.a(libc_a-strlen.o)
                0x001140cc                strlen
 .text._fread_r
                0x00114158      0x334 C:/devkitPro/devkitARM/bin/../lib/gcc/arm-none-eabi/15.2.0/../../../../arm-none-eabi/lib/armv6k/fpu\libg.a(libc_a-fread.o)
                0x00114158                _fread_r
 .text.fread    0x0011448c       0x38 C:/devkitPro/devkitARM/bin/../lib/gcc/arm-none-eabi/15.2.0/../../../../arm-none-eabi/lib/armv6k/fpu\libg.a(libc_a-fread.o)
                0x0011448c                fread
 .text.bsearch  0x001144c4       0x78 C:/devkitPro/devkitARM/bin/../lib/gcc/arm-none-eabi/15.2.0/../../../../arm-none-eabi/lib/armv6k/fpu\libg.a(libc_a-bsearch.o)
                0x001144c4                bsearch
 .text._fopen_r
                0x0011453c      0x134 C:/devkitPro/devkitARM/bin/../lib/gcc/arm-none-eabi/15.2.0/../../../../arm-none-eabi/lib/armv6k/fpu\libg.a(libc_a-fopen.o)
                0x0011453c                _fopen_r
 .text.fopen    0x00114670       0x28 C:/devkitPro/devkitARM/bin/../lib/gcc/arm-none-eabi/15.2.0/../../../../arm-none-eabi/lib/armv6k/fpu\libg.a(libc_a-fopen.o)
                0x00114670                fopen
 .text.memalign
                0x00114698       0x28 C:/devkitPro/devkitARM/bin/../lib/gcc/arm-none-eabi/15.2.0/../../../../arm-none-eabi/lib/armv6k/fpu\libg.a(libc_a-malign.o)
                0x00114698                memalign
 .text.snprintf
                0x001146c0       0xa0 C:/devkitPro/devkitARM/bin/../lib/gcc/arm-none-eabi/15.2.0/../../../../arm-none-eabi/lib/armv6k/fpu\libg.a(libc_a-snprintf.o)
                0x001146c0                snprintf
 .text.printf   0x00114760       0x34 C:/devkitPro/devkitARM/bin/../lib/gcc/arm-none-eabi/15.2.0/../../../../arm-none-eabi/lib/armv6k/fpu\libg.a(libc_a-printf.o)
                0x00114760                printf
 .text._strtoul_l.isra.0
                0x00114794      0x1ec C:/devkitPro/devkitARM/bin/../lib/gcc/arm-none-eabi/15.2.0/../../../../arm-none-eabi/lib/armv6k/fpu\libg.a(libc_a-strtoul.o)
 .text.strtoul  0x00114980       0x3c C:/devkitPro/devkitARM/bin/../lib/gcc/arm-none-eabi/15.2.0/../../../../arm-none-eabi/lib/armv6k/fpu\libg.a(libc_a-strtoul.o)
                0x00114980                strtoul
 .text.strchr   0x001149bc      0x140 C:/devkitPro/devkitARM/bin/../lib/gcc/arm-none-eabi/15.2.0/../../../../arm-none-eabi/lib/armv6k/fpu\libg.a(libc_a-strchr.o)
                0x001149bc                strchr
 .text.memcmp   0x00114afc       0xd8 C:/devkitPro/devkitARM/bin/../lib/gcc/arm-none-eabi/15.2.0/../../../../arm-none-eabi/lib/armv6k/fpu\libg.a(libc_a-memcmp.o)
                0x00114afc                memcmp
 .text.calloc   0x00114bd4       0x28 C:/devkitPro/devkitARM/bin/../lib/gcc/arm-none-eabi/15.2.0/../../../../arm-none-eabi/lib/armv6k/fpu\libg.a(libc_a-calloc.o)
                0x00114bd4                calloc
 .text._memalign_r
                0x00114bfc      0x16c C:/devkitPro/devkitARM/bin/../lib/gcc/arm-none-eabi/15.2.0/../../../../arm-none-eabi/lib/armv6k/fpu\libg.a(libc_a-malignr.o)
                0x00114bfc                _memalign_r
 .text.__errno  0x00114d68        0xc C:/devkitPro/devkitARM/bin/../lib/gcc/arm-none-eabi/15.2.0/../../../../arm-none-eabi/lib/armv6k/fpu\libg.a(libc_a-errno.o)
                0x00114d68                __errno
 .text.__smakebuf_r
                0x00114d74      0x164 C:/devkitPro/devkitARM/bin/../lib/gcc/arm-none-eabi/15.2.0/../../../../arm-none-eabi/lib/armv6k/fpu\libg.a(libc_a-makebuf.o)
                0x00114d74                __smakebuf_r
 .text.strcpy   0x00114ed8       0xf0 C:/devkitPro/devkitARM/bin/../lib/gcc/arm-none-eabi/15.2.0/../../../../arm-none-eabi/lib/armv6k/fpu\libg.a(libc_a-strcpy.o)
                0x00114ed8                strcpy
 .text.memset   0x00114fc8       0xe4 C:/devkitPro/devkitARM/bin/../lib/gcc/arm-none-eabi/15.2.0/../../../../arm-none-eabi/lib/armv6k/fpu\libg.a(libc_a-memset.o)
                0x00114fc8                memset
 .text._calloc_r
                0x001150ac       0xd8 C:/devkitPro/devkitARM/bin/../lib/gcc/arm-none-eabi/15.2.0/../../../../arm-none-eabi/lib/armv6k/fpu\libg.a(libc_a-callocr.o)
                0x001150ac                _calloc_r
 .text.__sflush_r
                0x00115184      0x22c C:/devkitPro/devkitARM/bin/../lib/gcc/arm-none-eabi/15.2.0/../../../../arm-none-eabi/lib/armv6k/fpu\libg.a(libc_a-fflush.o)
                0x00115184                __sflush_r
 .text._fflush_r
                0x001153b0       0xc4 C:/devkitPro/devkitARM/bin/../lib/gcc/arm-none-eabi/15.2.0/../../../../arm-none-eabi/lib/armv6k/fpu\libg.a(libc_a-fflush.o)
                0x001153b0                _fflush_r
 .text.qsort    0x00115474      0x8e8 C:/devkitPro/devkitARM/bin/../lib/gcc/arm-none-eabi/15.2.0/../../../../arm-none-eabi/lib/armv6k/fpu\libg.a(libc_a-qsort.o)
                0x00115474                qsort
 .text._malloc_r
                0x00115d5c      0x82c C:/devkitPro/devkitARM/bin/../lib/gcc/arm-none-eabi/15.2.0/../../../../arm-none-eabi/lib/armv6k/fpu\libg.a(libc_a-mallocr.o)
                0x00115d5c                _malloc_r
 .text._malloc_trim_r
                0x00116588      0x114 C:/devkitPro/devkitARM/bin/../lib/gcc/arm-none-eabi/15.2.0/../../../../arm-none-eabi/lib/armv6k/fpu\libg.a(libc_a-freer.o)
                0x00116588                _malloc_trim_r
 .text._free_r  0x0011669c      0x314 C:/devkitPro/devkitARM/bin/../lib/gcc/arm-none-eabi/15.2.0/../../../../arm-none-eabi/lib/armv6k/fpu\libg.a(libc_a-freer.o)
                0x0011669c                _free_r
 .text.stdio_exit_handler
                0x001169b0       0x1c C:/devkitPro/devkitARM/bin/../lib/gcc/arm-none-eabi/15.2.0/../../../../arm-none-eabi/lib/armv6k/fpu\libg.a(libc_a-findfp.o)
 .text.cleanup_stdio
                0x001169cc       0x5c C:/devkitPro/devkitARM/bin/../lib/gcc/arm-none-eabi/15.2.0/../../../../arm-none-eabi/lib/armv6k/fpu\libg.a(libc_a-findfp.o)
 .text.global_stdio_init.part.0
                0x00116a28      0x154 C:/devkitPro/devkitARM/bin/../lib/gcc/arm-none-eabi/15.2.0/../../../../arm-none-eabi/lib/armv6k/fpu\libg.a(libc_a-findfp.o)
 .text.__sfp    0x00116b7c      0x138 C:/devkitPro/devkitARM/bin/../lib/gcc/arm-none-eabi/15.2.0/../../../../arm-none-eabi/lib/armv6k/fpu\libg.a(libc_a-findfp.o)
                0x00116b7c                __sfp
 .text.__sinit  0x00116cb4       0x5c C:/devkitPro/devkitARM/bin/../lib/gcc/arm-none-eabi/15.2.0/../../../../arm-none-eabi/lib/armv6k/fpu\libg.a(libc_a-findfp.o)
                0x00116cb4                __sinit
 .text.__sfp_lock_acquire
                0x00116d10        0xc C:/devkitPro/devkitARM/bin/../lib/gcc/arm-none-eabi/15.2.0/../../../../arm-none-eabi/lib/armv6k/fpu\libg.a(libc_a-findfp.o)
                0x00116d10                __sfp_lock_acquire
 .text.__sfp_lock_release
                0x00116d1c        0xc C:/devkitPro/devkitARM/bin/../lib/gcc/arm-none-eabi/15.2.0/../../../../arm-none-eabi/lib/armv6k/fpu\libg.a(libc_a-findfp.o)
                0x00116d1c                __sfp_lock_release
 .text.__libc_init_array
                0x00116d28       0x84 C:/devkitPro/devkitARM/bin/../lib/gcc/arm-none-eabi/15.2.0/../../../../arm-none-eabi/lib/armv6k/fpu\libg.a(libc_a-init.o)
                0x00116d28                __libc_init_array
 .text.strncpy  0x00116dac       0xd4 C:/devkitPro/devkitARM/bin/../lib/gcc/arm-none-eabi/15.2.0/../../../../arm-none-eabi/lib/armv6k/fpu\libg.a(libc_a-strncpy.o)
                0x00116dac                strncpy
 .text._fseek_r
                0x00116e80       0x1c C:/devkitPro/devkitARM/bin/../lib/gcc/arm-none-eabi/15.2.0/../../../../arm-none-eabi/lib/armv6k/fpu\libg.a(libc_a-fseek.o)
                0x00116e80                _fseek_r
 .text.malloc   0x00116e9c       0x40 C:/devkitPro/devkitARM/bin/../lib/gcc/arm-none-eabi/15.2.0/../../../../arm-none-eabi/lib/armv6k/fpu\libg.a(libc_a-malloc.o)
                0x00116e9c                malloc
 .text.free     0x00116edc       0x20 C:/devkitPro/devkitARM/bin/../lib/gcc/arm-none-eabi/15.2.0/../../../../arm-none-eabi/lib/armv6k/fpu\libg.a(libc_a-malloc.o)
                0x00116edc                free
 .text._puts_r  0x00116efc       0xe0 C:/devkitPro/devkitARM/bin/../lib/gcc/arm-none-eabi/15.2.0/../../../../arm-none-eabi/lib/armv6k/fpu\libg.a(libc_a-puts.o)
                0x00116efc                _puts_r
 .text.puts     0x00116fdc       0x20 C:/devkitPro/devkitARM/bin/../lib/gcc/arm-none-eabi/15.2.0/../../../../arm-none-eabi/lib/armv6k/fpu\libg.a(libc_a-puts.o)
                0x00116fdc                puts
 .text.__sread  0x00116ffc       0x44 C:/devkitPro/devkitARM/bin/../lib/gcc/arm-none-eabi/15.2.0/../../../../arm-none-eabi/lib/armv6k/fpu\libg.a(libc_a-stdio.o)
                0x00116ffc                __sread
 .text.__swrite
                0x00117040       0x68 C:/devkitPro/devkitARM/bin/../lib/gcc/arm-none-eabi/15.2.0/../../../../arm-none-eabi/lib/armv6k/fpu\libg.a(libc_a-stdio.o)
                0x00117040                __swrite
 .text.__sseek  0x001170a8       0x40 C:/devkitPro/devkitARM/bin/../lib/gcc/arm-none-eabi/15.2.0/../../../../arm-none-eabi/lib/armv6k/fpu\libg.a(libc_a-stdio.o)
                0x001170a8                __sseek
 .text.__sclose
                0x001170e8        0x8 C:/devkitPro/devkitARM/bin/../lib/gcc/arm-none-eabi/15.2.0/../../../../arm-none-eabi/lib/armv6k/fpu\libg.a(libc_a-stdio.o)
                0x001170e8                __sclose
 .text._realloc_r
                0x001170f0      0x4f0 C:/devkitPro/devkitARM/bin/../lib/gcc/arm-none-eabi/15.2.0/../../../../arm-none-eabi/lib/armv6k/fpu\libg.a(libc_a-reallocr.o)
                0x001170f0                _realloc_r
 .text.__malloc_lock
                0x001175e0        0xc C:/devkitPro/devkitARM/bin/../lib/gcc/arm-none-eabi/15.2.0/../../../../arm-none-eabi/lib/armv6k/fpu\libg.a(libc_a-mlock.o)
                0x001175e0                __malloc_lock
 .text.__malloc_unlock
                0x001175ec        0xc C:/devkitPro/devkitARM/bin/../lib/gcc/arm-none-eabi/15.2.0/../../../../arm-none-eabi/lib/armv6k/fpu\libg.a(libc_a-mlock.o)
                0x001175ec                __malloc_unlock
 .text._fseeko_r
                0x001175f8      0x588 C:/devkitPro/devkitARM/bin/../lib/gcc/arm-none-eabi/15.2.0/../../../../arm-none-eabi/lib/armv6k/fpu\libg.a(libc_a-fseeko.o)
                0x001175f8                _fseeko_r
 .text._fclose_r
                0x00117b80      0x148 C:/devkitPro/devkitARM/bin/../lib/gcc/arm-none-eabi/15.2.0/../../../../arm-none-eabi/lib/armv6k/fpu\libg.a(libc_a-fclose.o)
                0x00117b80                _fclose_r
 .text.fclose   0x00117cc8       0x20 C:/devkitPro/devkitARM/bin/../lib/gcc/arm-none-eabi/15.2.0/../../../../arm-none-eabi/lib/armv6k/fpu\libg.a(libc_a-fclose.o)
                0x00117cc8                fclose
 .text.time     0x00117ce8       0x48 C:/devkitPro/devkitARM/bin/../lib/gcc/arm-none-eabi/15.2.0/../../../../arm-none-eabi/lib/armv6k/fpu\libg.a(libc_a-time.o)
                0x00117ce8                time
 .text.__call_exitprocs
                0x00117d30        0x4 C:/devkitPro/devkitARM/bin/../lib/gcc/arm-none-eabi/15.2.0/../../../../arm-none-eabi/lib/armv6k/fpu\libg.a(libc_a-exit.o)
                0x00117d30                __call_exitprocs
 .text.exit     0x00117d34       0x30 C:/devkitPro/devkitARM/bin/../lib/gcc/arm-none-eabi/15.2.0/../../../../arm-none-eabi/lib/armv6k/fpu\libg.a(libc_a-exit.o)
                0x00117d34                exit
 .text.get_arg  0x00117d64      0x5e0 C:/devkitPro/devkitARM/bin/../lib/gcc/arm-none-eabi/15.2.0/../../../../arm-none-eabi/lib/armv6k/fpu\libg.a(libc_a-svfprintf.o)
 *fill*         0x00118344        0x4 
 .text._svfprintf_r
                0x00118348     0x345c C:/devkitPro/devkitARM/bin/../lib/gcc/arm-none-eabi/15.2.0/../../../../arm-none-eabi/lib/armv6k/fpu\libg.a(libc_a-svfprintf.o)
                0x00118348                _svfprintf_r
 .text.__sflags
                0x0011b7a4       0xb8 C:/devkitPro/devkitARM/bin/../lib/gcc/arm-none-eabi/15.2.0/../../../../arm-none-eabi/lib/armv6k/fpu\libg.a(libc_a-flags.o)
                0x0011b7a4                __sflags
 .text.__libc_fini_array
                0x0011b85c       0x3c C:/devkitPro/devkitARM/bin/../lib/gcc/arm-none-eabi/15.2.0/../../../../arm-none-eabi/lib/armv6k/fpu\libg.a(libc_a-fini.o)
                0x0011b85c                __libc_fini_array
 .text.strnlen  0x0011b898       0x3c C:/devkitPro/devkitARM/bin/../lib/gcc/arm-none-eabi/15.2.0/../../../../arm-none-eabi/lib/armv6k/fpu\libg.a(libc_a-strnlen.o)
                0x0011b898                strnlen
 .text.strncmp  0x0011b8d4       0xd8 C:/devkitPro/devkitARM/bin/../lib/gcc/arm-none-eabi/15.2.0/../../../../arm-none-eabi/lib/armv6k/fpu\libg.a(libc_a-strncmp.o)
                0x0011b8d4                strncmp
 .text.lflush   0x0011b9ac       0x38 C:/devkitPro/devkitARM/bin/../lib/gcc/arm-none-eabi/15.2.0/../../../../arm-none-eabi/lib/armv6k/fpu\libg.a(libc_a-refill.o)
 .text.__srefill_r
                0x0011b9e4      0x1a8 C:/devkitPro/devkitARM/bin/../lib/gcc/arm-none-eabi/15.2.0/../../../../arm-none-eabi/lib/armv6k/fpu\libg.a(libc_a-refill.o)
                0x0011b9e4                __srefill_r
 *fill*         0x0011bb8c        0x4 
 .text.frexp    0x0011bb90       0x88 C:/devkitPro/devkitARM/bin/../lib/gcc/arm-none-eabi/15.2.0/../../../../arm-none-eabi/lib/armv6k/fpu\libg.a(libm_a-s_frexp.o)
                0x0011bb90                frexp
 .text._fwalk_sglue
                0x0011bc18       0x70 C:/devkitPro/devkitARM/bin/../lib/gcc/arm-none-eabi/15.2.0/../../../../arm-none-eabi/lib/armv6k/fpu\libg.a(libc_a-fwalk.o)
                0x0011bc18                _fwalk_sglue
 .text.get_arg  0x0011bc88      0x5e0 C:/devkitPro/devkitARM/bin/../lib/gcc/arm-none-eabi/15.2.0/../../../../arm-none-eabi/lib/armv6k/fpu\libg.a(libc_a-vfprintf.o)
 .text._vfprintf_r
                0x0011c268     0x3554 C:/devkitPro/devkitARM/bin/../lib/gcc/arm-none-eabi/15.2.0/../../../../arm-none-eabi/lib/armv6k/fpu\libg.a(libc_a-vfprintf.o)
                0x0011c268                _vfprintf_r
 .text.__sbprintf
                0x0011f7bc       0xb4 C:/devkitPro/devkitARM/bin/../lib/gcc/arm-none-eabi/15.2.0/../../../../arm-none-eabi/lib/armv6k/fpu\libg.a(libc_a-vfprintf.o)
 .text._wcrtomb_r
                0x0011f870       0xa0 C:/devkitPro/devkitARM/bin/../lib/gcc/arm-none-eabi/15.2.0/../../../../arm-none-eabi/lib/armv6k/fpu\libg.a(libc_a-wcrtomb.o)
                0x0011f870                _wcrtomb_r
 .text.__ssprint_r
                0x0011f910       0xa4 C:/devkitPro/devkitARM/bin/../lib/gcc/arm-none-eabi/15.2.0/../../../../arm-none-eabi/lib/armv6k/fpu\libg.a(libc_a-ssprint_r.o)
                0x0011f910                __ssprint_r
 .text.__sfvwrite_r
                0x0011f9b4      0x4a4 C:/devkitPro/devkitARM/bin/../lib/gcc/arm-none-eabi/15.2.0/../../../../arm-none-eabi/lib/armv6k/fpu\libg.a(libc_a-fvwrite.o)
                0x0011f9b4                __sfvwrite_r
 .text.__locale_mb_cur_max
                0x0011fe58       0x24 C:/devkitPro/devkitARM/bin/../lib/gcc/arm-none-eabi/15.2.0/../../../../arm-none-eabi/lib/armv6k/fpu\libg.a(libc_a-locale.o)
                0x0011fe58                __locale_mb_cur_max
 .text.__sprint_r
                0x0011fe7c       0x30 C:/devkitPro/devkitARM/bin/../lib/gcc/arm-none-eabi/15.2.0/../../../../arm-none-eabi/lib/armv6k/fpu\libg.a(libc_a-sprint_r.o)
                0x0011fe7c                __sprint_r
 .text.quorem   0x0011feac      0x1c0 C:/devkitPro/devkitARM/bin/../lib/gcc/arm-none-eabi/15.2.0/../../../../arm-none-eabi/lib/armv6k/fpu\libg.a(libc_a-dtoa.o)
 *fill*         0x0012006c        0x4 
 .text._dtoa_r  0x00120070     0x1420 C:/devkitPro/devkitARM/bin/../lib/gcc/arm-none-eabi/15.2.0/../../../../arm-none-eabi/lib/armv6k/fpu\libg.a(libc_a-dtoa.o)
                0x00120070                _dtoa_r
 .text.memchr   0x00121490       0xe8 C:/devkitPro/devkitARM/bin/../lib/gcc/arm-none-eabi/15.2.0/../../../../arm-none-eabi/lib/armv6k/fpu\libg.a(libc_a-memchr-stub.o)
                0x00121490                memchr
 .text._wcsrtombs_r
                0x00121578       0x28 C:/devkitPro/devkitARM/bin/../lib/gcc/arm-none-eabi/15.2.0/../../../../arm-none-eabi/lib/armv6k/fpu\libg.a(libc_a-wcsrtombs.o)
                0x00121578                _wcsrtombs_r
 .text.__swsetup_r
                0x001215a0      0x140 C:/devkitPro/devkitARM/bin/../lib/gcc/arm-none-eabi/15.2.0/../../../../arm-none-eabi/lib/armv6k/fpu\libg.a(libc_a-wsetup.o)
                0x001215a0                __swsetup_r
 .text._localeconv_r
                0x001216e0       0x24 C:/devkitPro/devkitARM/bin/../lib/gcc/arm-none-eabi/15.2.0/../../../../arm-none-eabi/lib/armv6k/fpu\libg.a(libc_a-localeconv.o)
                0x001216e0                _localeconv_r
 .text.memmove  0x00121704      0x1a8 C:/devkitPro/devkitARM/bin/../lib/gcc/arm-none-eabi/15.2.0/../../../../arm-none-eabi/lib/armv6k/fpu\libg.a(libc_a-memmove.o)
                0x00121704                memmove
 .text.__ssputs_r
                0x001218ac      0x12c C:/devkitPro/devkitARM/bin/../lib/gcc/arm-none-eabi/15.2.0/../../../../arm-none-eabi/lib/armv6k/fpu\libg.a(libc_a-ssputs_r.o)
                0x001218ac                __ssputs_r
 .text.__utf8_wctomb
                0x001219d8       0xf8 C:/devkitPro/devkitARM/bin/../lib/gcc/arm-none-eabi/15.2.0/../../../../arm-none-eabi/lib/armv6k/fpu\libg.a(libc_a-wctomb_r.o)
                0x001219d8                __utf8_wctomb
 .text._wcsnrtombs_l
                0x00121ad0      0x15c C:/devkitPro/devkitARM/bin/../lib/gcc/arm-none-eabi/15.2.0/../../../../arm-none-eabi/lib/armv6k/fpu\libg.a(libc_a-wcsnrtombs.o)
                0x00121ad0                _wcsnrtombs_l
 .text._wcsnrtombs_r
                0x00121c2c       0x64 C:/devkitPro/devkitARM/bin/../lib/gcc/arm-none-eabi/15.2.0/../../../../arm-none-eabi/lib/armv6k/fpu\libg.a(libc_a-wcsnrtombs.o)
                0x00121c2c                _wcsnrtombs_r
 .text.__assert_func
                0x00121c90       0x5c C:/devkitPro/devkitARM/bin/../lib/gcc/arm-none-eabi/15.2.0/../../../../arm-none-eabi/lib/armv6k/fpu\libg.a(libc_a-assert.o)
                0x00121c90                __assert_func
 .text._Balloc  0x00121cec       0x88 C:/devkitPro/devkitARM/bin/../lib/gcc/arm-none-eabi/15.2.0/../../../../arm-none-eabi/lib/armv6k/fpu\libg.a(libc_a-mprec.o)
                0x00121cec                _Balloc
 .text._Bfree   0x00121d74       0x1c C:/devkitPro/devkitARM/bin/../lib/gcc/arm-none-eabi/15.2.0/../../../../arm-none-eabi/lib/armv6k/fpu\libg.a(libc_a-mprec.o)
                0x00121d74                _Bfree
 .text.__multadd
                0x00121d90       0xf4 C:/devkitPro/devkitARM/bin/../lib/gcc/arm-none-eabi/15.2.0/../../../../arm-none-eabi/lib/armv6k/fpu\libg.a(libc_a-mprec.o)
                0x00121d90                __multadd
 .text.__hi0bits
                0x00121e84       0x80 C:/devkitPro/devkitARM/bin/../lib/gcc/arm-none-eabi/15.2.0/../../../../arm-none-eabi/lib/armv6k/fpu\libg.a(libc_a-mprec.o)
                0x00121e84                __hi0bits
 .text.__lo0bits
                0x00121f04       0xf0 C:/devkitPro/devkitARM/bin/../lib/gcc/arm-none-eabi/15.2.0/../../../../arm-none-eabi/lib/armv6k/fpu\libg.a(libc_a-mprec.o)
                0x00121f04                __lo0bits
 .text.__i2b    0x00121ff4       0xa4 C:/devkitPro/devkitARM/bin/../lib/gcc/arm-none-eabi/15.2.0/../../../../arm-none-eabi/lib/armv6k/fpu\libg.a(libc_a-mprec.o)
                0x00121ff4                __i2b
 .text.__multiply
                0x00122098      0x230 C:/devkitPro/devkitARM/bin/../lib/gcc/arm-none-eabi/15.2.0/../../../../arm-none-eabi/lib/armv6k/fpu\libg.a(libc_a-mprec.o)
                0x00122098                __multiply
 .text.__pow5mult
                0x001222c8      0x130 C:/devkitPro/devkitARM/bin/../lib/gcc/arm-none-eabi/15.2.0/../../../../arm-none-eabi/lib/armv6k/fpu\libg.a(libc_a-mprec.o)
                0x001222c8                __pow5mult
 .text.__lshift
                0x001223f8      0x138 C:/devkitPro/devkitARM/bin/../lib/gcc/arm-none-eabi/15.2.0/../../../../arm-none-eabi/lib/armv6k/fpu\libg.a(libc_a-mprec.o)
                0x001223f8                __lshift
 .text.__mcmp   0x00122530       0x58 C:/devkitPro/devkitARM/bin/../lib/gcc/arm-none-eabi/15.2.0/../../../../arm-none-eabi/lib/armv6k/fpu\libg.a(libc_a-mprec.o)
                0x00122530                __mcmp
 .text.__mdiff  0x00122588      0x218 C:/devkitPro/devkitARM/bin/../lib/gcc/arm-none-eabi/15.2.0/../../../../arm-none-eabi/lib/armv6k/fpu\libg.a(libc_a-mprec.o)
                0x00122588                __mdiff
 .text.__d2b    0x001227a0      0x120 C:/devkitPro/devkitARM/bin/../lib/gcc/arm-none-eabi/15.2.0/../../../../arm-none-eabi/lib/armv6k/fpu\libg.a(libc_a-mprec.o)
                0x001227a0                __d2b
 .text.__utf8_mbtowc
                0x001228c0      0x340 C:/devkitPro/devkitARM/bin/../lib/gcc/arm-none-eabi/15.2.0/../../../../arm-none-eabi/lib/armv6k/fpu\libg.a(libc_a-mbtowc_r.o)
                0x001228c0                __utf8_mbtowc
 .text.fiprintf
                0x00122c00       0x3c C:/devkitPro/devkitARM/bin/../lib/gcc/arm-none-eabi/15.2.0/../../../../arm-none-eabi/lib/armv6k/fpu\libg.a(libc_a-fiprintf.o)
                0x00122c00                fiprintf
 .text.abort    0x00122c3c       0x14 C:/devkitPro/devkitARM/bin/../lib/gcc/arm-none-eabi/15.2.0/../../../../arm-none-eabi/lib/armv6k/fpu\libg.a(libc_a-abort.o)
                0x00122c3c                abort
 .text.get_arg  0x00122c50      0x5e0 C:/devkitPro/devkitARM/bin/../lib/gcc/arm-none-eabi/15.2.0/../../../../arm-none-eabi/lib/armv6k/fpu\libg.a(libc_a-vfiprintf.o)
 .text._vfiprintf_r
                0x00123230     0x22f8 C:/devkitPro/devkitARM/bin/../lib/gcc/arm-none-eabi/15.2.0/../../../../arm-none-eabi/lib/armv6k/fpu\libg.a(libc_a-vfiprintf.o)
                0x00123230                _vfiprintf_r
 .text.__sbprintf
                0x00125528       0xb4 C:/devkitPro/devkitARM/bin/../lib/gcc/arm-none-eabi/15.2.0/../../../../arm-none-eabi/lib/armv6k/fpu\libg.a(libc_a-vfiprintf.o)
 .text._raise_r
                0x001255dc       0x9c C:/devkitPro/devkitARM/bin/../lib/gcc/arm-none-eabi/15.2.0/../../../../arm-none-eabi/lib/armv6k/fpu\libg.a(libc_a-signal.o)
                0x001255dc                _raise_r
 .text.raise    0x00125678       0x20 C:/devkitPro/devkitARM/bin/../lib/gcc/arm-none-eabi/15.2.0/../../../../arm-none-eabi/lib/armv6k/fpu\libg.a(libc_a-signal.o)
                0x00125678                raise
 .text._exit    0x00125698       0x20 C:/devkitPro/devkitARM/bin/../lib/gcc/arm-none-eabi/15.2.0/../../../../arm-none-eabi/lib/armv6k/fpu\libsysbase.a(libsysbase_libsysbase_a-_exit.o)
                0x00125698                _exit
 .text.chdir    0x001256b8      0x140 C:/devkitPro/devkitARM/bin/../lib/gcc/arm-none-eabi/15.2.0/../../../../arm-none-eabi/lib/armv6k/fpu\libsysbase.a(libsysbase_libsysbase_a-chdir.o)
                0x001256b8                chdir
 .text._concatenate_path
                0x001257f8      0x1c8 C:/devkitPro/devkitARM/bin/../lib/gcc/arm-none-eabi/15.2.0/../../../../arm-none-eabi/lib/armv6k/fpu\libsysbase.a(libsysbase_libsysbase_a-concatenate.o)
                0x001257f8                _concatenate_path
 .text._fstat_r
                0x001259c0       0x9c C:/devkitPro/devkitARM/bin/../lib/gcc/arm-none-eabi/15.2.0/../../../../arm-none-eabi/lib/armv6k/fpu\libsysbase.a(libsysbase_libsysbase_a-fstat.o)
                0x001259c0                _fstat_r
 .text._getpid_r
                0x00125a5c       0x14 C:/devkitPro/devkitARM/bin/../lib/gcc/arm-none-eabi/15.2.0/../../../../arm-none-eabi/lib/armv6k/fpu\libsysbase.a(libsysbase_libsysbase_a-getpid.o)
                0x00125a5c                _getpid_r
 .text.__getreent
                0x00125a70       0x2c C:/devkitPro/devkitARM/bin/../lib/gcc/arm-none-eabi/15.2.0/../../../../arm-none-eabi/lib/armv6k/fpu\libsysbase.a(libsysbase_libsysbase_a-getreent.o)
                0x00125a70                __getreent
 .text._gettimeofday_r
                0x00125a9c       0x30 C:/devkitPro/devkitARM/bin/../lib/gcc/arm-none-eabi/15.2.0/../../../../arm-none-eabi/lib/armv6k/fpu\libsysbase.a(libsysbase_libsysbase_a-gettod.o)
                0x00125a9c                _gettimeofday_r
 .text.__release_handle
                0x00125acc       0xa0 C:/devkitPro/devkitARM/bin/../lib/gcc/arm-none-eabi/15.2.0/../../../../arm-none-eabi/lib/armv6k/fpu\libsysbase.a(libsysbase_libsysbase_a-handle_manager.o)
                0x00125acc                __release_handle
 .text.__alloc_handle
                0x00125b6c       0xb0 C:/devkitPro/devkitARM/bin/../lib/gcc/arm-none-eabi/15.2.0/../../../../arm-none-eabi/lib/armv6k/fpu\libsysbase.a(libsysbase_libsysbase_a-handle_manager.o)
                0x00125b6c                __alloc_handle
 .text.__get_handle
                0x00125c1c       0x58 C:/devkitPro/devkitARM/bin/../lib/gcc/arm-none-eabi/15.2.0/../../../../arm-none-eabi/lib/armv6k/fpu\libsysbase.a(libsysbase_libsysbase_a-handle_manager.o)
                0x00125c1c                __get_handle
 .text._close_r
                0x00125c74      0x110 C:/devkitPro/devkitARM/bin/../lib/gcc/arm-none-eabi/15.2.0/../../../../arm-none-eabi/lib/armv6k/fpu\libsysbase.a(libsysbase_libsysbase_a-handle_manager.o)
                0x00125c74                _close_r
 .text.null_write
                0x00125d84        0x8 C:/devkitPro/devkitARM/bin/../lib/gcc/arm-none-eabi/15.2.0/../../../../arm-none-eabi/lib/armv6k/fpu\libsysbase.a(libsysbase_libsysbase_a-iosupport.o)
 .text.setDefaultDevice
                0x00125d8c       0x18 C:/devkitPro/devkitARM/bin/../lib/gcc/arm-none-eabi/15.2.0/../../../../arm-none-eabi/lib/armv6k/fpu\libsysbase.a(libsysbase_libsysbase_a-iosupport.o)
                0x00125d8c                setDefaultDevice
 .text.FindDevice
                0x00125da4       0x98 C:/devkitPro/devkitARM/bin/../lib/gcc/arm-none-eabi/15.2.0/../../../../arm-none-eabi/lib/armv6k/fpu\libsysbase.a(libsysbase_libsysbase_a-iosupport.o)
                0x00125da4                FindDevice
 .text.RemoveDevice
                0x00125e3c       0x24 C:/devkitPro/devkitARM/bin/../lib/gcc/arm-none-eabi/15.2.0/../../../../arm-none-eabi/lib/armv6k/fpu\libsysbase.a(libsysbase_libsysbase_a-iosupport.o)
                0x00125e3c                RemoveDevice
 .text.AddDevice
                0x00125e60       0x88 C:/devkitPro/devkitARM/bin/../lib/gcc/arm-none-eabi/15.2.0/../../../../arm-none-eabi/lib/armv6k/fpu\libsysbase.a(libsysbase_libsysbase_a-iosupport.o)
                0x00125e60                AddDevice
 .text.GetDeviceOpTab
                0x00125ee8       0x20 C:/devkitPro/devkitARM/bin/../lib/gcc/arm-none-eabi/15.2.0/../../../../arm-none-eabi/lib/armv6k/fpu\libsysbase.a(libsysbase_libsysbase_a-iosupport.o)
                0x00125ee8                GetDeviceOpTab
 .text._isatty_r
                0x00125f08        0x8 C:/devkitPro/devkitARM/bin/../lib/gcc/arm-none-eabi/15.2.0/../../../../arm-none-eabi/lib/armv6k/fpu\libsysbase.a(libsysbase_libsysbase_a-isatty.o)
                0x00125f08                _isatty_r
 .text._kill_r  0x00125f10       0x14 C:/devkitPro/devkitARM/bin/../lib/gcc/arm-none-eabi/15.2.0/../../../../arm-none-eabi/lib/armv6k/fpu\libsysbase.a(libsysbase_libsysbase_a-kill.o)
                0x00125f10                _kill_r
 .text._lseek_r
                0x00125f24       0x94 C:/devkitPro/devkitARM/bin/../lib/gcc/arm-none-eabi/15.2.0/../../../../arm-none-eabi/lib/armv6k/fpu\libsysbase.a(libsysbase_libsysbase_a-lseek.o)
                0x00125f24                _lseek_r
 .text._open_r  0x00125fb8       0xc0 C:/devkitPro/devkitARM/bin/../lib/gcc/arm-none-eabi/15.2.0/../../../../arm-none-eabi/lib/armv6k/fpu\libsysbase.a(libsysbase_libsysbase_a-open.o)
                0x00125fb8                _open_r
 .text._read_r  0x00126078       0x94 C:/devkitPro/devkitARM/bin/../lib/gcc/arm-none-eabi/15.2.0/../../../../arm-none-eabi/lib/armv6k/fpu\libsysbase.a(libsysbase_libsysbase_a-read.o)
                0x00126078                _read_r
 .text._sbrk_r  0x0012610c       0x78 C:/devkitPro/devkitARM/bin/../lib/gcc/arm-none-eabi/15.2.0/../../../../arm-none-eabi/lib/armv6k/fpu\libsysbase.a(libsysbase_libsysbase_a-sbrk.o)
                0x0012610c                _sbrk_r
 .text.__libc_lock_acquire
                0x00126184       0x1c C:/devkitPro/devkitARM/bin/../lib/gcc/arm-none-eabi/15.2.0/../../../../arm-none-eabi/lib/armv6k/fpu\libsysbase.a(libsysbase_libsysbase_a-syscall_support.o)
                0x00126184                __libc_lock_acquire
 .text.__libc_lock_release
                0x001261a0       0x1c C:/devkitPro/devkitARM/bin/../lib/gcc/arm-none-eabi/15.2.0/../../../../arm-none-eabi/lib/armv6k/fpu\libsysbase.a(libsysbase_libsysbase_a-syscall_support.o)
                0x001261a0                __libc_lock_release
 .text.__libc_lock_acquire_recursive
                0x001261bc       0x1c C:/devkitPro/devkitARM/bin/../lib/gcc/arm-none-eabi/15.2.0/../../../../arm-none-eabi/lib/armv6k/fpu\libsysbase.a(libsysbase_libsysbase_a-syscall_support.o)
                0x001261bc                __libc_lock_acquire_recursive
 .text.__libc_lock_release_recursive
                0x001261d8       0x1c C:/devkitPro/devkitARM/bin/../lib/gcc/arm-none-eabi/15.2.0/../../../../arm-none-eabi/lib/armv6k/fpu\libsysbase.a(libsysbase_libsysbase_a-syscall_support.o)
                0x001261d8                __libc_lock_release_recursive
 .text._write_r
                0x001261f4       0x94 C:/devkitPro/devkitARM/bin/../lib/gcc/arm-none-eabi/15.2.0/../../../../arm-none-eabi/lib/armv6k/fpu\libsysbase.a(libsysbase_libsysbase_a-write.o)
                0x001261f4                _write_r
 .text.strrchr  0x00126288       0x48 C:/devkitPro/devkitARM/bin/../lib/gcc/arm-none-eabi/15.2.0/../../../../arm-none-eabi/lib/armv6k/fpu\libg.a(libc_a-strrchr.o)
                0x00126288                strrchr
 *(.glue_7)
 .glue_7        0x001262d0        0x0 linker stubs
 *(.glue_7t)
 .glue_7t       0x001262d0        0x0 linker stubs
 *(.stub)
 *(.gnu.warning)
 *(.gnu.linkonce.t*)
                0x001262d0                        . = ALIGN (0x4)
 *(.fini)
 .fini          0x001262d0        0xc C:/devkitPro/devkitARM/bin/../lib/gcc/arm-none-eabi/15.2.0/armv6k/fpu/crti.o
                0x001262d0                _fini
 .fini          0x001262dc        0xc C:/devkitPro/devkitARM/bin/../lib/gcc/arm-none-eabi/15.2.0/armv6k/fpu/crtn.o
                0x001262e8                        . = ALIGN (0x4)

.vfp11_veneer   0x001262e8        0x0
 .vfp11_veneer  0x001262e8        0x0 linker stubs

.v4_bx          0x001262e8        0x0
 .v4_bx         0x001262e8        0x0 linker stubs

.iplt           0x001262e8        0x0
 .iplt          0x001262e8        0x0 C:/devkitPro/devkitARM/bin/../lib/gcc/arm-none-eabi/15.2.0/../../../../arm-none-eabi/lib/armv6k/fpu/3dsx_crt0.o
                0x00127000                        . = ALIGN (0x1000)

.rodata         0x00127000     0x1990
 *(.rodata)
 .rodata        0x00127000      0x1cc directory.o
 .rodata        0x001271cc       0x68 C:/devkitPro/libctru/lib\libcitro2d.a(text.o)
 .rodata        0x00127234        0xc C:/devkitPro/libctru/lib\libctru.a(romfs_dev.o)
 .rodata        0x00127240        0xc C:/devkitPro/libctru/lib\libctru.a(archive_dev.o)
 *(.roda)
 *(.rodata.*)
 .rodata.str1.4
                0x0012724c      0xc5d directory.o
                                0x988 (size before relaxing)
 .rodata.str1.4
                0x00127ea9        0x0 C:/devkitPro/libctru/lib\libcitro2d.a(base.o)
                                 0x10 (size before relaxing)
 .rodata.str1.4