Archive member included to satisfy reference by file (symbol)

C:/msys64/opt/blocksds/external/htsengine/lib\libHTSEngine.a(HTS_engine.o)
                              build/tejinaDS/source/main.c.o (HTS_Engine_initialize)
C:/msys64/opt/blocksds/external/htsengine/lib\libHTSEngine.a(HTS_misc.o)
                              C:/msys64/opt/blocksds/external/htsengine/lib\libHTSEngine.a(HTS_engine.o) (HTS_fwrite_little_endian)
C:/msys64/opt/blocksds/external/htsengine/lib\libHTSEngine.a(HTS_pstream.o)
                              C:/msys64/opt/blocksds/external/htsengine/lib\libHTSEngine.a(HTS_engine.o) (HTS_PStreamSet_initialize)
C:/msys64/opt/blocksds/external/htsengine/lib\libHTSEngine.a(HTS_sstream.o)
                              C:/msys64/opt/blocksds/external/htsengine/lib\libHTSEngine.a(HTS_engine.o) (HTS_SStreamSet_initialize)
C:/msys64/opt/blocksds/external/htsengine/lib\libHTSEngine.a(HTS_model.o)
                              C:/msys64/opt/blocksds/external/htsengine/lib\libHTSEngine.a(HTS_engine.o) (HTS_ModelSet_initialize)
C:/msys64/opt/blocksds/external/htsengine/lib\libHTSEngine.a(HTS_gstream.o)
                              C:/msys64/opt/blocksds/external/htsengine/lib\libHTSEngine.a(HTS_engine.o) (HTS_GStreamSet_initialize)
C:/msys64/opt/blocksds/external/htsengine/lib\libHTSEngine.a(HTS_label.o)
                              C:/msys64/opt/blocksds/external/htsengine/lib\libHTSEngine.a(HTS_engine.o) (HTS_Label_initialize)
C:/msys64/opt/blocksds/external/htsengine/lib\libHTSEngine.a(HTS_audio.o)
                              C:/msys64/opt/blocksds/external/htsengine/lib\libHTSEngine.a(HTS_engine.o) (HTS_Audio_initialize)
C:/msys64/opt/blocksds/external/htsengine/lib\libHTSEngine.a(HTS_vocoder.o)
                              C:/msys64/opt/blocksds/external/htsengine/lib\libHTSEngine.a(HTS_gstream.o) (HTS_Vocoder_initialize)
C:/msys64/opt/wonderful/thirdparty/blocksds/external/libdsf/lib\libdsf.a(dsf.c.o)
                              build/tejinaDS/source/main.c.o (DSF_LoadFontMemory)
C:/msys64/opt/wonderful/thirdparty/blocksds/core/libs/libnds/lib\libnds9.a(cp15.s.o)
                              C:/msys64/opt/wonderful/thirdparty/blocksds/core/sys/crts/ds_arm9_crt0.o (CP15_FlushICache)
C:/msys64/opt/wonderful/thirdparty/blocksds/core/libs/libnds/lib\libnds9.a(mpu_setup.s.o)
                              C:/msys64/opt/wonderful/thirdparty/blocksds/core/sys/crts/ds_arm9_crt0.o (__libnds_mpu_setup)
C:/msys64/opt/wonderful/thirdparty/blocksds/core/libs/libnds/lib\libnds9.a(dma.s.o)
                              build/tejinaDS/source/main.c.o (dmaSetParams)
C:/msys64/opt/wonderful/thirdparty/blocksds/core/libs/libnds/lib\libnds9.a(memcpy.s.o)
                              build/tejinaDS/source/main.c.o (memcpy)
C:/msys64/opt/wonderful/thirdparty/blocksds/core/libs/libnds/lib\libnds9.a(memmove.s.o)
                              C:/msys64/opt/blocksds/external/htsengine/lib\libHTSEngine.a(HTS_vocoder.o) (memmove)
C:/msys64/opt/wonderful/thirdparty/blocksds/core/libs/libnds/lib\libnds9.a(memset.s.o)
                              C:/msys64/opt/blocksds/external/htsengine/lib\libHTSEngine.a(HTS_pstream.o) (memset)
C:/msys64/opt/wonderful/thirdparty/blocksds/core/libs/libnds/lib\libnds9.a(rmemcpy.s.o)
                              C:/msys64/opt/wonderful/thirdparty/blocksds/core/libs/libnds/lib\libnds9.a(memmove.s.o) (__ndsabi_rmemcpy)
C:/msys64/opt/wonderful/thirdparty/blocksds/core/libs/libnds/lib\libnds9.a(console.c.o)
                              build/tejinaDS/source/main.c.o (consoleInit)
C:/msys64/opt/wonderful/thirdparty/blocksds/core/libs/libnds/lib\libnds9.a(dlmalloc.c.o)
                              C:/msys64/opt/wonderful/thirdparty/blocksds/external/libdsf/lib\libdsf.a(dsf.c.o) (malloc)
C:/msys64/opt/wonderful/thirdparty/blocksds/core/libs/libnds/lib\libnds9.a(crt0_argv.c.o)
                              C:/msys64/opt/wonderful/thirdparty/blocksds/core/sys/crts/ds_arm9_crt0.o (build_argv)
C:/msys64/opt/wonderful/thirdparty/blocksds/core/libs/libnds/lib\libnds9.a(fatfs.c.o)
                              build/tejinaDS/source/main.c.o (fatInitDefault)
C:/msys64/opt/wonderful/thirdparty/blocksds/core/libs/libnds/lib\libnds9.a(iob.c.o)
                              C:/msys64/opt/blocksds/external/htsengine/lib\libHTSEngine.a(HTS_misc.o) (stderr)
C:/msys64/opt/wonderful/thirdparty/blocksds/core/libs/libnds/lib\libnds9.a(sound.c.o)
                              build/tejinaDS/source/main.c.o (soundEnable)
C:/msys64/opt/wonderful/thirdparty/blocksds/core/libs/libnds/lib\libnds9.a(nandfs.c.o)
                              C:/msys64/opt/wonderful/thirdparty/blocksds/core/libs/libnds/lib\libnds9.a(fatfs.c.o) (nand_WriteProtect)
C:/msys64/opt/wonderful/thirdparty/blocksds/core/libs/libnds/lib\libnds9.a(sdmmc.c.o)
                              C:/msys64/opt/wonderful/thirdparty/blocksds/core/libs/libnds/lib\libnds9.a(nandfs.c.o) (nand_Startup)
[...]
Memory Configuration

Name             Origin             Length             Attributes
ewram            0x02000000         0x00380000
dtcm             0x02ff4000         0x00004000
itcm             0x01000000         0x00008000
*default*        0x00000000         0xffffffff

Linker script and memory map

                0x00000000                        PROVIDE (__dtcm_data_size = 0x0)
                0x00000001                        ASSERT (((__dtcm_data_size & 0x3) == 0x0), __dtcm_data_size must be a multiple of 4)
                0x00004000                        PROVIDE (__dldi_size = 0x4000)
                0x00000040                        PROVIDE (__dtcm_reserved_size = 0x40)
                0x00000001                        ASSERT (((__dtcm_reserved_size & 0x3) == 0x0), __dtcm_reserved_size must be a multiple of 4)
                0x00000100                        PROVIDE (__svc_stack_size = 0x100)
                0x00000001                        ASSERT (((__svc_stack_size & 0x3) == 0x0), __svc_stack_size must be a multiple of 4)
                0x00000100                        PROVIDE (__irq_stack_size = 0x100)
                0x00000001                        ASSERT (((__irq_stack_size & 0x3) == 0x0), __irq_stack_size must be a multiple of 4)
                0x00000000                        PROVIDE (__usr_stack_size = 0x0)
                0x00000001                        ASSERT (((__usr_stack_size & 0x3) == 0x0), __usr_stack_size must be a multiple of 4)
                0x02380000                        __ewram_end = (ORIGIN (ewram) + LENGTH (ewram))
                0x02380000                        __eheap_end = (ORIGIN (ewram) + LENGTH (ewram))
                0x02ff4000                        __dtcm_start = ORIGIN (dtcm)
                0x02ff8000                        __dtcm_top = (ORIGIN (dtcm) + LENGTH (dtcm))
                0x02ff7ff8                        __irq_flags = (__dtcm_top - 0x8)
                0x02ff7ffc                        __irq_vector = (__dtcm_top - 0x4)
                0x02ff7fc0                        __sp_svc = (__dtcm_top - __dtcm_reserved_size)
                0x02ff7ec0                        __sp_irq = (__sp_svc - __svc_stack_size)
                0x02ff7dc0                        __sp_usr = ((__sp_irq - __irq_stack_size) - __dtcm_data_size)
                0x02ff4000                        __dtcm_data_start = (__dtcm_data_size > 0x0)?__sp_usr:ORIGIN (dtcm)
                0x02ff7dc0                        __dtcm_data_top = (__dtcm_data_size > 0x0)?(__sp_irq - __irq_stack_size):(__sp_usr - __usr_stack_size)
                0x0000000e                        __dldi_log2_size = (LOG2CEIL ((__dldi_size + 0x1)) - 0x1)

.secure         0x02000000      0x800
 *(.secure)
 .secure        0x02000000      0x800 C:/msys64/opt/wonderful/thirdparty/blocksds/core/libs/libnds/lib\libnds9.a(securearea.c.o)
                0x02000000                __secure_area__

.crt0           0x02000800      0x2e4
                0x02000800                        __text_start = .
 *(.crt0)
 .crt0          0x02000800      0x2e4 C:/msys64/opt/wonderful/thirdparty/blocksds/core/sys/crts/ds_arm9_crt0.o
                0x02000800                _start
                0x02000ae4                        . = ALIGN (0x4)

.dldi           0x02000b00     0x4000
                0x02000b00                        __dldi_start = .
 *(.dldi)
 .dldi          0x02000b00       0x88 C:/msys64/opt/wonderful/thirdparty/blocksds/core/libs/libnds/lib\libnds9.a(dldi_stub.s.o)
                0x02000b00                _io_dldi_stub
                0x02000b88                        . = ALIGN (0x4)
                0x02000b88                        __dldi_data_end = .
                0x02004b00                        __dldi_end = (__dldi_data_end > __dldi_start)?(__dldi_start + __dldi_size):__dldi_start
                0x02004b00                        . = __dldi_end
 *fill*         0x02000b88     0x3f78 00
                0x02004b00                        . = ALIGN (0x4)

.plt
 *(.plt)

.init           0x02004b00        0x8
 *(SORT_NONE(.init))
 .init          0x02004b00        0x8 C:/msys64/opt/wonderful/toolchain/gcc-arm-none-eabi/lib/gcc/arm-none-eabi/15.2.1/thumb/arm946e-s/crtn.o

.text           0x02004b08    0x128b8
 *(EXCLUDE_FILE(*.twl* *.itcm*) .text)
 .text          0x02004b08       0x14 C:/msys64/opt/wonderful/toolchain/gcc-arm-none-eabi/lib/gcc/arm-none-eabi/15.2.1/../../../../arm-none-eabi/lib/thumb/arm946e-s\libc.a(strcmp.S.o)
                0x02004b08                strcmp
 .text          0x02004b1c       0x10 C:/msys64/opt/wonderful/toolchain/gcc-arm-none-eabi/lib/gcc/arm-none-eabi/15.2.1/../../../../arm-none-eabi/lib/thumb/arm946e-s\libc.a(strcpy.S.o)
                0x02004b1c                strcpy
 .text          0x02004b2c        0xe C:/msys64/opt/wonderful/toolchain/gcc-arm-none-eabi/lib/gcc/arm-none-eabi/15.2.1/../../../../arm-none-eabi/lib/thumb/arm946e-s\libc.a(strlen.S.o)
                0x02004b2c                strlen
 *fill*         0x02004b3a        0x2 ff
 .text          0x02004b3c       0x14 C:/msys64/opt/wonderful/toolchain/gcc-arm-none-eabi/lib/gcc/arm-none-eabi/15.2.1/thumb/arm946e-s\libgcc.a(_thumb1_case_uqi.o)
                0x02004b3c                __gnu_thumb1_case_uqi
 .text          0x02004b50       0x14 C:/msys64/opt/wonderful/toolchain/gcc-arm-none-eabi/lib/gcc/arm-none-eabi/15.2.1/thumb/arm946e-s\libgcc.a(_thumb1_case_uhi.o)
                0x02004b50                __gnu_thumb1_case_uhi
 .text          0x02004b64      0x214 C:/msys64/opt/wonderful/toolchain/gcc-arm-none-eabi/lib/gcc/arm-none-eabi/15.2.1/thumb/arm946e-s\libgcc.a(_udivsi3.o)
                0x02004b64                __aeabi_uidiv
                0x02004b64                __udivsi3
                0x02004d58                __aeabi_uidivmod
 .text          0x02004d78      0x248 C:/msys64/opt/wonderful/toolchain/gcc-arm-none-eabi/lib/gcc/arm-none-eabi/15.2.1/thumb/arm946e-s\libgcc.a(_divsi3.o)
                0x02004d78                __divsi3
                0x02004d78                __aeabi_idiv
                0x02004fa0                __aeabi_idivmod
 .text          0x02004fc0        0x4 C:/msys64/opt/wonderful/toolchain/gcc-arm-none-eabi/lib/gcc/arm-none-eabi/15.2.1/thumb/arm946e-s\libgcc.a(_dvmd_tls.o)
                0x02004fc0                __aeabi_idiv0
                0x02004fc0                __aeabi_ldiv0
 .text          0x02004fc4       0x18 C:/msys64/opt/wonderful/toolchain/gcc-arm-none-eabi/lib/gcc/arm-none-eabi/15.2.1/thumb/arm946e-s\libgcc.a(_lshrdi3.o)
                0x02004fc4                __lshrdi3
                0x02004fc4                __aeabi_llsr
 .text          0x02004fdc       0x1c C:/msys64/opt/wonderful/toolchain/gcc-arm-none-eabi/lib/gcc/arm-none-eabi/15.2.1/thumb/arm946e-s\libgcc.a(_ashrdi3.o)
                0x02004fdc                __aeabi_lasr
                0x02004fdc                __ashrdi3
 .text          0x02004ff8       0x18 C:/msys64/opt/wonderful/toolchain/gcc-arm-none-eabi/lib/gcc/arm-none-eabi/15.2.1/thumb/arm946e-s\libgcc.a(_ashldi3.o)
                0x02004ff8                __aeabi_llsl
                0x02004ff8                __ashldi3
 .text          0x02005010      0x3c0 C:/msys64/opt/wonderful/toolchain/gcc-arm-none-eabi/lib/gcc/arm-none-eabi/15.2.1/thumb/arm946e-s\libgcc.a(_arm_addsubdf3.o)
                0x02005010                __aeabi_drsub
                0x02005018                __aeabi_dsub
                0x02005018                __subdf3
                0x0200501c                __aeabi_dadd
                0x0200501c                __adddf3
                0x020052c8                __floatunsidf
                0x020052c8                __aeabi_ui2d
                0x020052ec                __floatsidf
                0x020052ec                __aeabi_i2d
                0x02005314                __aeabi_f2d
                0x02005314                __extendsfdf2
                0x0200535c                __floatundidf
                0x0200535c                __aeabi_ul2d
                0x02005370                __floatdidf
                0x02005370                __aeabi_l2d
 .text          0x020053d0      0x470 C:/msys64/opt/wonderful/toolchain/gcc-arm-none-eabi/lib/gcc/arm-none-eabi/15.2.1/thumb/arm946e-s\libgcc.a(_arm_muldivdf3.o)
                0x020053d0                __aeabi_dmul
                0x020053d0                __muldf3
                0x0200563c                __divdf3
                0x0200563c                __aeabi_ddiv
 .text          0x02005840       0xa0 C:/msys64/opt/wonderful/toolchain/gcc-arm-none-eabi/lib/gcc/arm-none-eabi/15.2.1/thumb/arm946e-s\libgcc.a(_arm_truncdfsf2.o)
                0x02005840                __truncdfsf2
                0x02005840                __aeabi_d2f
 .text          0x020058e0        0x8 C:/msys64/opt/wonderful/toolchain/gcc-arm-none-eabi/lib/gcc/arm-none-eabi/15.2.1/thumb/arm946e-s\libgcc.a(_clzsi2.o)
                0x020058e0                __clzsi2
 .text          0x020058e8       0x14 C:/msys64/opt/wonderful/toolchain/gcc-arm-none-eabi/lib/gcc/arm-none-eabi/15.2.1/thumb/arm946e-s\libgcc.a(_clzdi2.o)
                0x020058e8                __clzdi2
 .text          0x020058fc       0xd4 C:/msys64/opt/wonderful/toolchain/gcc-arm-none-eabi/lib/gcc/arm-none-eabi/15.2.1/thumb/arm946e-s\libgcc.a(_aeabi_ldivmod.o)
                0x020058fc                __aeabi_ldivmod
 .text          0x020059d0       0x3c C:/msys64/opt/wonderful/toolchain/gcc-arm-none-eabi/lib/gcc/arm-none-eabi/15.2.1/thumb/arm946e-s\libgcc.a(_aeabi_uldivmod.o)
                0x020059d0                __aeabi_uldivmod
 .text          0x02005a0c      0x190 C:/msys64/opt/wonderful/toolchain/gcc-arm-none-eabi/lib/gcc/arm-none-eabi/15.2.1/thumb/arm946e-s\libgcc.a(_udivmoddi4.o)
                0x02005a0c                __udivmoddi4
 .text          0x02005b9c       0x14 C:/msys64/opt/wonderful/toolchain/gcc-arm-none-eabi/lib/gcc/arm-none-eabi/15.2.1/thumb/arm946e-s\libgcc.a(muldi3.o)
                0x02005b9c                __muldi3
                0x02005b9c                __aeabi_lmul
 *(EXCLUDE_FILE(*.twl* *.itcm*) .stub)
 *(EXCLUDE_FILE(*.twl* *.itcm*) .text.*)
 .text.drawRect
                0x02005bb0       0x80 build/tejinaDS/source/main.c.o
                0x02005bb0                drawRect
 .text.wait_forever
                0x02005c30       0x1c build/tejinaDS/source/main.c.o
                0x02005c30                wait_forever
 .text.draw_button
                0x02005c4c       0xe4 build/tejinaDS/source/main.c.o
                0x02005c4c                draw_button
 .text.run_quiz_hiragana
                0x02005d30       0x64 build/tejinaDS/source/main.c.o
                0x02005d30                run_quiz_hiragana
 .text.get_menu
                0x02005d94      0x30c build/tejinaDS/source/main.c.o
                0x02005d94                get_menu
 .text.display_menu
                0x020060a0      0x2d4 build/tejinaDS/source/main.c.o
                0x020060a0                display_menu
 .text.draw_screen_main
                0x02006374      0x1b8 build/tejinaDS/source/main.c.o
                0x02006374                draw_screen_main
 .text.draw_screen_sub
                0x0200652c       0x70 build/tejinaDS/source/main.c.o
                0x0200652c                draw_screen_sub
 .text.startup.main
                0x0200659c      0x208 build/tejinaDS/source/main.c.o
                0x0200659c                main
 .text.HTS_Engine_initialize
                0x020067a4       0x78 C:/msys64/opt/blocksds/external/htsengine/lib\libHTSEngine.a(HTS_engine.o)
                0x020067a4                HTS_Engine_initialize
 .text.HTS_Engine_clear
                0x0200681c       0x90 C:/msys64/opt/blocksds/external/htsengine/lib\libHTSEngine.a(HTS_engine.o)
                0x0200681c                HTS_Engine_clear
 .text.HTS_Engine_load
                0x020068ac      0x1d4 C:/msys64/opt/blocksds/external/htsengine/lib\libHTSEngine.a(HTS_engine.o)
                0x020068ac                HTS_Engine_load
 .text.HTS_get_token_from_string_with_separator
                0x02006a80       0x58 C:/msys64/opt/blocksds/external/htsengine/lib\libHTSEngine.a(HTS_misc.o)
                0x02006a80                HTS_get_token_from_string_with_separator
 .text.HTS_free
                0x02006ad8        0x8 C:/msys64/opt/blocksds/external/htsengine/lib\libHTSEngine.a(HTS_misc.o)
                0x02006ad8                HTS_free
 .text.HTS_error
                0x02006ae0       0x88 C:/msys64/opt/blocksds/external/htsengine/lib\libHTSEngine.a(HTS_misc.o)
                0x02006ae0                HTS_error
 .text.HTS_fclose
                0x02006b68       0x50 C:/msys64/opt/blocksds/external/htsengine/lib\libHTSEngine.a(HTS_misc.o)
                0x02006b68                HTS_fclose
 .text.HTS_fgetc
                0x02006bb8       0x40 C:/msys64/opt/blocksds/external/htsengine/lib\libHTSEngine.a(HTS_misc.o)
                0x02006bb8                HTS_fgetc
 .text.HTS_feof
                0x02006bf8       0x3c C:/msys64/opt/blocksds/external/htsengine/lib\libHTSEngine.a(HTS_misc.o)
                0x02006bf8                HTS_feof
 .text.HTS_get_pattern_token
                0x02006c34       0xf0 C:/msys64/opt/blocksds/external/htsengine/lib\libHTSEngine.a(HTS_misc.o)
                0x02006c34                HTS_get_pattern_token
 .text.HTS_get_token_from_fp
                0x02006d24       0x98 C:/msys64/opt/blocksds/external/htsengine/lib\libHTSEngine.a(HTS_misc.o)
                0x02006d24                HTS_get_token_from_fp
 .text.HTS_get_token_from_fp_with_separator
                0x02006dbc       0x60 C:/msys64/opt/blocksds/external/htsengine/lib\libHTSEngine.a(HTS_misc.o)
                0x02006dbc                HTS_get_token_from_fp_with_separator
 .text.HTS_fseek
                0x02006e1c       0x54 C:/msys64/opt/blocksds/external/htsengine/lib\libHTSEngine.a(HTS_misc.o)
                0x02006e1c                HTS_fseek
 .text.HTS_ftell
                0x02006e70       0x38 C:/msys64/opt/blocksds/external/htsengine/lib\libHTSEngine.a(HTS_misc.o)
                0x02006e70                HTS_ftell
 .text.HTS_fread
                0x02006ea8       0x80 C:/msys64/opt/blocksds/external/htsengine/lib\libHTSEngine.a(HTS_misc.o)
 .text.HTS_fread_little_endian
                0x02006f28        0x8 C:/msys64/opt/blocksds/external/htsengine/lib\libHTSEngine.a(HTS_misc.o)
                0x02006f28                HTS_fread_little_endian
 .text.HTS_calloc
                0x02006f30       0x2c C:/msys64/opt/blocksds/external/htsengine/lib\libHTSEngine.a(HTS_misc.o)
                0x02006f30                HTS_calloc
 .text.HTS_fopen_from_data
                0x02006f5c       0x4c C:/msys64/opt/blocksds/external/htsengine/lib\libHTSEngine.a(HTS_misc.o)
                0x02006f5c                HTS_fopen_from_data
 .text.HTS_strdup
                0x02006fa8       0x1c C:/msys64/opt/blocksds/external/htsengine/lib\libHTSEngine.a(HTS_misc.o)
                0x02006fa8                HTS_strdup
 .text.HTS_fopen_from_fn
                0x02006fc4       0x40 C:/msys64/opt/blocksds/external/htsengine/lib\libHTSEngine.a(HTS_misc.o)
                0x02006fc4                HTS_fopen_from_fn
 .text.HTS_fopen_from_fp
                0x02007004       0xc8 C:/msys64/opt/blocksds/external/htsengine/lib\libHTSEngine.a(HTS_misc.o)
                0x02007004                HTS_fopen_from_fp
 .text.HTS_PStreamSet_initialize
                0x020070cc        0xc C:/msys64/opt/blocksds/external/htsengine/lib\libHTSEngine.a(HTS_pstream.o)
                0x020070cc                HTS_PStreamSet_initialize
 .text.HTS_SStreamSet_initialize
                0x020070d8       0x10 C:/msys64/opt/blocksds/external/htsengine/lib\libHTSEngine.a(HTS_sstream.o)
                0x020070d8                HTS_SStreamSet_initialize
 .text.HTS_Window_clear
                0x020070e8       0x58 C:/msys64/opt/blocksds/external/htsengine/lib\libHTSEngine.a(HTS_model.o)
 .text.HTS_Node_clear
                0x02007140       0x34 C:/msys64/opt/blocksds/external/htsengine/lib\libHTSEngine.a(HTS_model.o)
 .text.HTS_Tree_clear
                0x02007174       0x3c C:/msys64/opt/blocksds/external/htsengine/lib\libHTSEngine.a(HTS_model.o)
 .text.HTS_Model_clear
                0x020071b0       0xec C:/msys64/opt/blocksds/external/htsengine/lib\libHTSEngine.a(HTS_model.o)
 .text.HTS_Question_load.constprop.0
                0x0200729c      0x11c C:/msys64/opt/blocksds/external/htsengine/lib\libHTSEngine.a(HTS_model.o)
 .text.HTS_Model_load_tree
                0x020073b8      0x4e8 C:/msys64/opt/blocksds/external/htsengine/lib\libHTSEngine.a(HTS_model.o)
 .text.HTS_Model_load
                0x020078a0      0x1b4 C:/msys64/opt/blocksds/external/htsengine/lib\libHTSEngine.a(HTS_model.o)
 .text.HTS_ModelSet_initialize
                0x02007a54       0x24 C:/msys64/opt/blocksds/external/htsengine/lib\libHTSEngine.a(HTS_model.o)
                0x02007a54                HTS_ModelSet_initialize
 .text.HTS_ModelSet_clear
                0x02007a78      0x164 C:/msys64/opt/blocksds/external/htsengine/lib\libHTSEngine.a(HTS_model.o)
                0x02007a78                HTS_ModelSet_clear
 .text.HTS_ModelSet_load
                0x02007bdc     0x192c C:/msys64/opt/blocksds/external/htsengine/lib\libHTSEngine.a(HTS_model.o)
                0x02007bdc                HTS_ModelSet_load
 .text.HTS_ModelSet_get_sampling_frequency
                0x02009508        0x4 C:/msys64/opt/blocksds/external/htsengine/lib\libHTSEngine.a(HTS_model.o)
                0x02009508                HTS_ModelSet_get_sampling_frequency
 .text.HTS_ModelSet_get_fperiod
                0x0200950c        0x4 C:/msys64/opt/blocksds/external/htsengine/lib\libHTSEngine.a(HTS_model.o)
                0x0200950c                HTS_ModelSet_get_fperiod
 .text.HTS_ModelSet_get_option
                0x02009510        0x8 C:/msys64/opt/blocksds/external/htsengine/lib\libHTSEngine.a(HTS_model.o)
                0x02009510                HTS_ModelSet_get_option
 .text.HTS_ModelSet_get_nstream
                0x02009518        0x4 C:/msys64/opt/blocksds/external/htsengine/lib\libHTSEngine.a(HTS_model.o)
                0x02009518                HTS_ModelSet_get_nstream
 .text.HTS_ModelSet_get_nvoices
                0x0200951c        0x4 C:/msys64/opt/blocksds/external/htsengine/lib\libHTSEngine.a(HTS_model.o)
                0x0200951c                HTS_ModelSet_get_nvoices
 .text.HTS_GStreamSet_initialize
                0x02009520       0x10 C:/msys64/opt/blocksds/external/htsengine/lib\libHTSEngine.a(HTS_gstream.o)
                0x02009520                HTS_GStreamSet_initialize
 .text.HTS_Label_initialize
                0x02009530        0x8 C:/msys64/opt/blocksds/external/htsengine/lib\libHTSEngine.a(HTS_label.o)
                0x02009530                HTS_Label_initialize
 .text.HTS_Audio_initialize
                0x02009538        0x4 C:/msys64/opt/blocksds/external/htsengine/lib\libHTSEngine.a(HTS_audio.o)
                0x02009538                HTS_Audio_initialize
 .text.HTS_Audio_clear
                0x0200953c        0x4 C:/msys64/opt/blocksds/external/htsengine/lib\libHTSEngine.a(HTS_audio.o)
                0x0200953c                HTS_Audio_clear
 .text.DSF_block_char_cmp
                0x02009540       0x2c C:/msys64/opt/wonderful/thirdparty/blocksds/external/libdsf/lib\libdsf.a(dsf.c.o)
 .text.DSF_kerning_pair_cmp
                0x0200956c       0x14 C:/msys64/opt/wonderful/thirdparty/blocksds/external/libdsf/lib\libdsf.a(dsf.c.o)
 .text.DSF_UTF8_CodepointRead
                0x02009580       0x74 C:/msys64/opt/wonderful/thirdparty/blocksds/external/libdsf/lib\libdsf.a(dsf.c.o)
 .text.DSF_LoadFontMemory
                0x020095f4      0x228 C:/msys64/opt/wonderful/thirdparty/blocksds/external/libdsf/lib\libdsf.a(dsf.c.o)
                0x020095f4                DSF_LoadFontMemory
 .text.DSF_FreeFont
                0x0200981c       0x28 C:/msys64/opt/wonderful/thirdparty/blocksds/external/libdsf/lib\libdsf.a(dsf.c.o)
                0x0200981c                DSF_FreeFont
 .text.DSF_CodepointRenderDryRun
                0x02009844       0x98 C:/msys64/opt/wonderful/thirdparty/blocksds/external/libdsf/lib\libdsf.a(dsf.c.o)
                0x02009844                DSF_CodepointRenderDryRun
 .text.DSF_StringRenderDryRunWithCursor
                0x020098dc       0xd0 C:/msys64/opt/wonderful/thirdparty/blocksds/external/libdsf/lib\libdsf.a(dsf.c.o)
                0x020098dc                DSF_StringRenderDryRunWithCursor
 .text.DSF_StringRenderToTexture
                0x020099ac      0x504 C:/msys64/opt/wonderful/thirdparty/blocksds/external/libdsf/lib\libdsf.a(dsf.c.o)
                0x020099ac                DSF_StringRenderToTexture
 .text.CP15_FlushICache
                0x02009eb0        0xc C:/msys64/opt/wonderful/thirdparty/blocksds/core/libs/libnds/lib\libnds9.a(cp15.s.o)
                0x02009eb0                CP15_FlushICache
 .text.CP15_FlushDCache
                0x02009ebc        0xc C:/msys64/opt/wonderful/thirdparty/blocksds/core/libs/libnds/lib\libnds9.a(cp15.s.o)
                0x02009ebc                CP15_FlushDCache
 .text.CP15_CleanAndFlushDCache
                0x02009ec8       0x34 C:/msys64/opt/wonderful/thirdparty/blocksds/core/libs/libnds/lib\libnds9.a(cp15.s.o)
                0x02009ec8                CP15_CleanAndFlushDCache
 .text.__libnds_mpu_setup
                0x02009efc      0x1c4 C:/msys64/opt/wonderful/thirdparty/blocksds/core/libs/libnds/lib\libnds9.a(mpu_setup.s.o)
                0x02009efc                __libnds_mpu_setup
 .text.CP15_MPUDisable
                0x0200a0c0       0x3c C:/msys64/opt/wonderful/thirdparty/blocksds/core/libs/libnds/lib\libnds9.a(mpu_setup.s.o)
                0x0200a0c0                CP15_MPUDisable
 .text.__libnds_mpu_jump_past_dtcm
                0x0200a0fc       0x4c C:/msys64/opt/wonderful/thirdparty/blocksds/core/libs/libnds/lib\libnds9.a(mpu_setup.s.o)
                0x0200a0fc                __libnds_mpu_jump_past_dtcm
 .text.memUncached
                0x0200a148       0x20 C:/msys64/opt/wonderful/thirdparty/blocksds/core/libs/libnds/lib\libnds9.a(mpu_setup.s.o)
                0x0200a148                memUncached
 .text.dmaSetParams
                0x0200a168       0x1c C:/msys64/opt/wonderful/thirdparty/blocksds/core/libs/libnds/lib\libnds9.a(dma.s.o)
                0x0200a168                dmaSetParams
 .text.dmaStopSafe
                0x0200a184       0x44 C:/msys64/opt/wonderful/thirdparty/blocksds/core/libs/libnds/lib\libnds9.a(dma.s.o)
                0x0200a184                dmaStopSafe
 .text.__aeabi_memcpy
                0x0200a1c8       0xc8 C:/msys64/opt/wonderful/thirdparty/blocksds/core/libs/libnds/lib\libnds9.a(memcpy.s.o)
                0x0200a1c8                __aeabi_memcpy
                0x0200a200                __aeabi_memcpy4
                0x0200a200                __aeabi_memcpy8
                0x0200a26c                __ndsabi_memcpy2
 .text.__ndsabi_memcpy1
                0x0200a290       0x14 C:/msys64/opt/wonderful/thirdparty/blocksds/core/libs/libnds/lib\libnds9.a(memcpy.s.o)
                0x0200a290                __ndsabi_memcpy1
 .text.memcpy   0x0200a2a4       0x10 C:/msys64/opt/wonderful/thirdparty/blocksds/core/libs/libnds/lib\libnds9.a(memcpy.s.o)
                0x0200a2a4                memcpy
 .text.__aeabi_memset
                0x0200a2b4       0x9c C:/msys64/opt/wonderful/thirdparty/blocksds/core/libs/libnds/lib\libnds9.a(memset.s.o)
                0x0200a2b4                __aeabi_memset
                0x0200a2d8                __aeabi_memset8
                0x0200a2d8                __aeabi_memset4
                0x0200a2e4                __ndsabi_wordset4
                0x0200a2e8                __ndsabi_lwordset4
 .text.__ndsabi_memset1
                0x0200a350       0x10 C:/msys64/opt/wonderful/thirdparty/blocksds/core/libs/libnds/lib\libnds9.a(memset.s.o)
                0x0200a350                __ndsabi_memset1
 .text.memset   0x0200a360       0x1c C:/msys64/opt/wonderful/thirdparty/blocksds/core/libs/libnds/lib\libnds9.a(memset.s.o)
                0x0200a360                memset
 .text.newRow   0x0200a37c       0x88 C:/msys64/opt/wonderful/thirdparty/blocksds/core/libs/libnds/lib\libnds9.a(console.c.o)
 .text.consolePrintChar.part.0
                0x0200a404      0x100 C:/msys64/opt/wonderful/thirdparty/blocksds/core/libs/libnds/lib\libnds9.a(console.c.o)
 .text.consolePrintChar
                0x0200a504       0x2c C:/msys64/opt/wonderful/thirdparty/blocksds/core/libs/libnds/lib\libnds9.a(console.c.o)
                0x0200a504                consolePrintChar
 .text.con_write
                0x0200a530      0x338 C:/msys64/opt/wonderful/thirdparty/blocksds/core/libs/libnds/lib\libnds9.a(console.c.o)
 .text.consoleLoadFont
                0x0200a868      0x24c C:/msys64/opt/wonderful/thirdparty/blocksds/core/libs/libnds/lib\libnds9.a(console.c.o)
                0x0200a868                consoleLoadFont
 .text.consoleInitEx
                0x0200aab4      0x19c C:/msys64/opt/wonderful/thirdparty/blocksds/core/libs/libnds/lib\libnds9.a(console.c.o)
                0x0200aab4                consoleInitEx
 .text.consoleInit
                0x0200ac50       0x2c C:/msys64/opt/wonderful/thirdparty/blocksds/core/libs/libnds/lib\libnds9.a(console.c.o)
                0x0200ac50                consoleInit
 .text.consoleDemoInit
                0x0200ac7c       0x48 C:/msys64/opt/wonderful/thirdparty/blocksds/core/libs/libnds/lib\libnds9.a(console.c.o)
                0x0200ac7c                consoleDemoInit
 .text.consoleSetCursor
                0x0200acc4       0x24 C:/msys64/opt/wonderful/thirdparty/blocksds/core/libs/libnds/lib\libnds9.a(console.c.o)
                0x0200acc4                consoleSetCursor
 .text.consoleSetColor
                0x0200ace8       0x18 C:/msys64/opt/wonderful/thirdparty/blocksds/core/libs/libnds/lib\libnds9.a(console.c.o)
                0x0200ace8                consoleSetColor
 .text.consoleArm7Flush
                0x0200ad00       0x90 C:/msys64/opt/wonderful/thirdparty/blocksds/core/libs/libnds/lib\libnds9.a(console.c.o)
                0x0200ad00                consoleArm7Flush
 .text.comutex_acquire
                0x0200ad90       0x28 C:/msys64/opt/wonderful/thirdparty/blocksds/core/libs/libnds/lib\libnds9.a(dlmalloc.c.o)
 .text.comutex_release
                0x0200adb8       0x14 C:/msys64/opt/wonderful/thirdparty/blocksds/core/libs/libnds/lib\libnds9.a(dlmalloc.c.o)
 .text.dispose_chunk.constprop.0
                0x0200adcc      0x304 C:/msys64/opt/wonderful/thirdparty/blocksds/core/libs/libnds/lib\libnds9.a(dlmalloc.c.o)
 .text.init_top.constprop.0
                0x0200b0d0       0x3c C:/msys64/opt/wonderful/thirdparty/blocksds/core/libs/libnds/lib\libnds9.a(dlmalloc.c.o)
 .text.segment_holding.constprop.0
                0x0200b10c       0x20 C:/msys64/opt/wonderful/thirdparty/blocksds/core/libs/libnds/lib\libnds9.a(dlmalloc.c.o)
 .text.try_realloc_chunk.constprop.0.isra.0
                0x0200b12c      0x230 C:/msys64/opt/wonderful/thirdparty/blocksds/core/libs/libnds/lib\libnds9.a(dlmalloc.c.o)
 .text.init_mparams.isra.0
                0x0200b35c       0x5c C:/msys64/opt/wonderful/thirdparty/blocksds/core/libs/libnds/lib\libnds9.a(dlmalloc.c.o)
 .text.sys_trim.constprop.0
                0x0200b3b8       0xf8 C:/msys64/opt/wonderful/thirdparty/blocksds/core/libs/libnds/lib\libnds9.a(dlmalloc.c.o)
 .text.malloc   0x0200b4b0      0xce0 C:/msys64/opt/wonderful/thirdparty/blocksds/core/libs/libnds/lib\libnds9.a(dlmalloc.c.o)
                0x0200b4b0                __malloc_malloc
                0x0200b4b0                malloc
 .text.free     0x0200c190      0x360 C:/msys64/opt/wonderful/thirdparty/blocksds/core/libs/libnds/lib\libnds9.a(dlmalloc.c.o)
                0x0200c190                cfree
                0x0200c190                free
                0x0200c190                __malloc_free
 .text.calloc   0x0200c4f0       0x4a C:/msys64/opt/wonderful/thirdparty/blocksds/core/libs/libnds/lib\libnds9.a(dlmalloc.c.o)
                0x0200c4f0                calloc
 *fill*         0x0200c53a        0x2 ff
 .text.realloc  0x0200c53c       0xc4 C:/msys64/opt/wonderful/thirdparty/blocksds/core/libs/libnds/lib\libnds9.a(dlmalloc.c.o)
                0x0200c53c                realloc
 .text.build_argv
                0x0200c600       0x58 C:/msys64/opt/wonderful/thirdparty/blocksds/core/libs/libnds/lib\libnds9.a(crt0_argv.c.o)
                0x0200c600                build_argv
 .text.fatfs_error_to_posix
                0x0200c658       0x24 C:/msys64/opt/wonderful/thirdparty/blocksds/core/libs/libnds/lib\libnds9.a(fatfs.c.o)
                0x0200c658                fatfs_error_to_posix
 .text.fatfs_timestamp_to_fattime
                0x0200c67c       0x28 C:/msys64/opt/wonderful/thirdparty/blocksds/core/libs/libnds/lib\libnds9.a(fatfs.c.o)
                0x0200c67c                fatfs_timestamp_to_fattime
 .text.get_dirname
                0x0200c6a4       0x98 C:/msys64/opt/wonderful/thirdparty/blocksds/core/libs/libnds/lib\libnds9.a(fatfs.c.o)
                0x0200c6a4                get_dirname
 .text.fatGetDefaultCwd
                0x0200c73c       0x70 C:/msys64/opt/wonderful/thirdparty/blocksds/core/libs/libnds/lib\libnds9.a(fatfs.c.o)
                0x0200c73c                fatGetDefaultCwd
 .text.nandInit
                0x0200c7ac       0xe8 C:/msys64/opt/wonderful/thirdparty/blocksds/core/libs/libnds/lib\libnds9.a(fatfs.c.o)
                0x0200c7ac                nandInit
 .text.fatInit.part.0
                0x0200c894      0x1d0 C:/msys64/opt/wonderful/thirdparty/blocksds/core/libs/libnds/lib\libnds9.a(fatfs.c.o)
 .text.fatInitDefault
                0x0200ca64       0x24 C:/msys64/opt/wonderful/thirdparty/blocksds/core/libs/libnds/lib\libnds9.a(fatfs.c.o)
                0x0200ca64                fatInitDefault
 .text.putc_buffered
                0x0200ca88       0x94 C:/msys64/opt/wonderful/thirdparty/blocksds/core/libs/libnds/lib\libnds9.a(iob.c.o)
 .text.stderr_putc_buffered
                0x0200cb1c       0x20 C:/msys64/opt/wonderful/thirdparty/blocksds/core/libs/libnds/lib\libnds9.a(iob.c.o)
 .text.stdin_getc_keyboard
                0x0200cb3c       0xf0 C:/msys64/opt/wonderful/thirdparty/blocksds/core/libs/libnds/lib\libnds9.a(iob.c.o)
 .text.stdout_putc_buffered
                0x0200cc2c       0x40 C:/msys64/opt/wonderful/thirdparty/blocksds/core/libs/libnds/lib\libnds9.a(iob.c.o)
 .text.soundEnable
                0x0200cc6c       0x10 C:/msys64/opt/wonderful/thirdparty/blocksds/core/libs/libnds/lib\libnds9.a(sound.c.o)
                0x0200cc6c                soundEnable
 .text.get_io_dsinand
                0x0200cc7c       0x18 C:/msys64/opt/wonderful/thirdparty/blocksds/core/libs/libnds/lib\libnds9.a(nandfs.c.o)
                0x0200cc7c                get_io_dsinand
 .text.get_io_dsisd
                0x0200cc94       0x24 C:/msys64/opt/wonderful/thirdparty/blocksds/core/libs/libnds/lib\libnds9.a(sdmmc.c.o)
                0x0200cc94                get_io_dsisd
 .text.initSystem
                0x0200ccb8      0x12c C:/msys64/opt/wonderful/thirdparty/blocksds/core/libs/libnds/lib\libnds9.a(initSystem.c.o)
                0x0200ccb8                initSystem
 .text.scanKeys
                0x0200cde4       0xcc C:/msys64/opt/wonderful/thirdparty/blocksds/core/libs/libnds/lib\libnds9.a(keys.c.o)
                0x0200cde4                scanKeys
 .text.keysHeld
                0x0200ceb0        0xc C:/msys64/opt/wonderful/thirdparty/blocksds/core/libs/libnds/lib\libnds9.a(keys.c.o)
                0x0200ceb0                keysHeld
 .text.keysDown
                0x0200cebc        0xc C:/msys64/opt/wonderful/thirdparty/blocksds/core/libs/libnds/lib\libnds9.a(keys.c.o)
                0x0200cebc                keysDown
 .text.touchRead
                0x0200cec8       0x24 C:/msys64/opt/wonderful/thirdparty/blocksds/core/libs/libnds/lib\libnds9.a(keys.c.o)
                0x0200cec8                touchRead
 .text.setTransferInputData
                0x0200ceec       0x1c C:/msys64/opt/wonderful/thirdparty/blocksds/core/libs/libnds/lib\libnds9.a(keys.c.o)
                0x0200ceec                setTransferInputData
 .text.systemValueHandler
                0x0200cf08       0xc4 C:/msys64/opt/wonderful/thirdparty/blocksds/core/libs/libnds/lib\libnds9.a(system.c.o)
                0x0200cf08                systemValueHandler
 .text.systemMsgHandler
                0x0200cfcc       0x2c C:/msys64/opt/wonderful/thirdparty/blocksds/core/libs/libnds/lib\libnds9.a(system.c.o)
                0x0200cfcc                systemMsgHandler
 .text.memBufferIsInMainRam
                0x0200cff8       0x1c C:/msys64/opt/wonderful/thirdparty/blocksds/core/libs/libnds/lib\libnds9.a(system.c.o)
                0x0200cff8                memBufferIsInMainRam
 .text.checkIfText
                0x0200d014       0x6c C:/msys64/opt/wonderful/thirdparty/blocksds/core/libs/libnds/lib\libnds9.a(background.c.o)
                0x0200d014                checkIfText
 .text.bgUpdate
                0x0200d080       0xf0 C:/msys64/opt/wonderful/thirdparty/blocksds/core/libs/libnds/lib\libnds9.a(background.c.o)
                0x0200d080                bgUpdate
 .text.bgInitHidden
                0x0200d170       0xa8 C:/msys64/opt/wonderful/thirdparty/blocksds/core/libs/libnds/lib\libnds9.a(background.c.o)
                0x0200d170                bgInitHidden
 .text.bgInit   0x0200d218       0x48 C:/msys64/opt/wonderful/thirdparty/blocksds/core/libs/libnds/lib\libnds9.a(background.c.o)
                0x0200d218                bgInit
 .text.bgInitHiddenSub
                0x0200d260       0xac C:/msys64/opt/wonderful/thirdparty/blocksds/core/libs/libnds/lib\libnds9.a(background.c.o)
                0x0200d260                bgInitHiddenSub
 .text.bgInitSub
                0x0200d30c       0x48 C:/msys64/opt/wonderful/thirdparty/blocksds/core/libs/libnds/lib\libnds9.a(background.c.o)
                0x0200d30c                bgInitSub
 .text.vramSetPrimaryBanks
                0x0200d354       0x48 C:/msys64/opt/wonderful/thirdparty/blocksds/core/libs/libnds/lib\libnds9.a(video.c.o)
                0x0200d354                vramSetPrimaryBanks
 .text.setBrightness
                0x0200d39c       0x40 C:/msys64/opt/wonderful/thirdparty/blocksds/core/libs/libnds/lib\libnds9.a(video.c.o)
                0x0200d39c                setBrightness
 .text.vramDefault
                0x0200d3dc       0xe4 C:/msys64/opt/wonderful/thirdparty/blocksds/core/libs/libnds/lib\libnds9.a(video.c.o)
                0x0200d3dc                vramDefault
 .text.cothread_delete_internal
                0x0200d4c0       0xb4 C:/msys64/opt/wonderful/thirdparty/blocksds/core/libs/libnds/lib\libnds9.a(threads.c.o)
 .text.cothread_main
                0x0200d574       0x1c C:/msys64/opt/wonderful/thirdparty/blocksds/core/libs/libnds/lib\libnds9.a(threads.c.o)
                0x0200d574                cothread_main
 .text.cothread_yield
                0x0200d590       0x20 C:/msys64/opt/wonderful/thirdparty/blocksds/core/libs/libnds/lib\libnds9.a(threads.c.o)
                0x0200d590                cothread_yield
 .text.cothread_yield_irq
                0x0200d5b0       0xa8 C:/msys64/opt/wonderful/thirdparty/blocksds/core/libs/libnds/lib\libnds9.a(threads.c.o)
                0x0200d5b0                cothread_yield_irq
 .text.cothread_start
                0x0200d658      0x114 C:/msys64/opt/wonderful/thirdparty/blocksds/core/libs/libnds/lib\libnds9.a(threads.c.o)
                0x0200d658                cothread_start
 .text.setExceptionHandler
                0x0200d76c       0x18 C:/msys64/opt/wonderful/thirdparty/blocksds/core/libs/libnds/lib\libnds9.a(exceptions.c.o)
                0x0200d76c                setExceptionHandler
 .text.libndsCrash
                0x0200d784        0xc C:/msys64/opt/wonderful/thirdparty/blocksds/core/libs/libnds/lib\libnds9.a(exceptions.c.o)
                0x0200d784                libndsCrash
 .text.fifo_buffer_wait_block
                0x0200d790       0x74 C:/msys64/opt/wonderful/thirdparty/blocksds/core/libs/libnds/lib\libnds9.a(fifosystem.c.o)
 .text.fifoFillTxFifoFromBuffer
                0x0200d804       0xa0 C:/msys64/opt/wonderful/thirdparty/blocksds/core/libs/libnds/lib\libnds9.a(fifosystem.c.o)
 .text.fifoInternalSendInterrupt
                0x0200d8a4        0x8 C:/msys64/opt/wonderful/thirdparty/blocksds/core/libs/libnds/lib\libnds9.a(fifosystem.c.o)
 .text.fifoInternalSend
                0x0200d8ac       0xd8 C:/msys64/opt/wonderful/thirdparty/blocksds/core/libs/libnds/lib\libnds9.a(fifosystem.c.o)
 .text.fifoSendValue32
                0x0200d984       0x3c C:/msys64/opt/wonderful/thirdparty/blocksds/core/libs/libnds/lib\libnds9.a(fifosystem.c.o)
                0x0200d984                fifoSendValue32
 .text.fifoSendDatamsg
                0x0200d9c0       0x84 C:/msys64/opt/wonderful/thirdparty/blocksds/core/libs/libnds/lib\libnds9.a(fifosystem.c.o)
                0x0200d9c0                fifoSendDatamsg
 .text.fifoGetDatamsg
                0x0200da44       0xe0 C:/msys64/opt/wonderful/thirdparty/blocksds/core/libs/libnds/lib\libnds9.a(fifosystem.c.o)
                0x0200da44                fifoGetDatamsg
 .text.fifoReadRxFifoAndProcessBuffer
                0x0200db24      0x344 C:/msys64/opt/wonderful/thirdparty/blocksds/core/libs/libnds/lib\libnds9.a(fifosystem.c.o)
 .text.fifoGetValue32
                0x0200de68       0x7c C:/msys64/opt/wonderful/thirdparty/blocksds/core/libs/libnds/lib\libnds9.a(fifosystem.c.o)
                0x0200de68                fifoGetValue32
 .text.fifoInternalRecvInterrupt
                0x0200dee4        0x8 C:/msys64/opt/wonderful/thirdparty/blocksds/core/libs/libnds/lib\libnds9.a(fifosystem.c.o)
 .text.fifoSetValue32Handler
                0x0200deec       0x80 C:/msys64/opt/wonderful/thirdparty/blocksds/core/libs/libnds/lib\libnds9.a(fifosystem.c.o)
                0x0200deec                fifoSetValue32Handler
 .text.fifoSetDatamsgHandler
                0x0200df6c       0xa8 C:/msys64/opt/wonderful/thirdparty/blocksds/core/libs/libnds/lib\libnds9.a(fifosystem.c.o)
                0x0200df6c                fifoSetDatamsgHandler
 .text.fifoCheckValue32
                0x0200e014       0x34 C:/msys64/opt/wonderful/thirdparty/blocksds/core/libs/libnds/lib\libnds9.a(fifosystem.c.o)
                0x0200e014                fifoCheckValue32
 .text.fifoInit
                0x0200e048      0x138 C:/msys64/opt/wonderful/thirdparty/blocksds/core/libs/libnds/lib\libnds9.a(fifosystem.c.o)
                0x0200e048                fifoInit
 .text.fifoMutexAcquire
                0x0200e180       0x34 C:/msys64/opt/wonderful/thirdparty/blocksds/core/libs/libnds/lib\libnds9.a(fifosystem.c.o)
                0x0200e180                fifoMutexAcquire
 .text.fifoMutexRelease
                0x0200e1b4       0x20 C:/msys64/opt/wonderful/thirdparty/blocksds/core/libs/libnds/lib\libnds9.a(fifosystem.c.o)
                0x0200e1b4                fifoMutexRelease
 .text.irqSet   0x0200e1d4       0x90 C:/msys64/opt/wonderful/thirdparty/blocksds/core/libs/libnds/lib\libnds9.a(interrupts.c.o)
                0x0200e1d4                irqSet
 .text.irqInit  0x0200e264       0x44 C:/msys64/opt/wonderful/thirdparty/blocksds/core/libs/libnds/lib\libnds9.a(interrupts.c.o)
                0x0200e264                irqInit
 .text.irqEnable
                0x0200e2a8       0x64 C:/msys64/opt/wonderful/thirdparty/blocksds/core/libs/libnds/lib\libnds9.a(interrupts.c.o)
                0x0200e2a8                irqEnable
 .text.systemErrorExit
                0x0200e30c        0x4 C:/msys64/opt/wonderful/thirdparty/blocksds/core/libs/libnds/lib\libnds9.a(exit.c.o)
                0x0200e30c                systemErrorExit
 .text.__libnds_exit
                0x0200e310        0x8 C:/msys64/opt/wonderful/thirdparty/blocksds/core/libs/libnds/lib\libnds9.a(exit.c.o)
                0x0200e310                __libnds_exit
 .text._exit    0x0200e318      0x10c C:/msys64/opt/wonderful/thirdparty/blocksds/core/libs/libnds/lib\libnds9.a(exit.c.o)
                0x0200e318                _exit
 .text.reduceHeapSize
                0x0200e424       0x2c C:/msys64/opt/wonderful/thirdparty/blocksds/core/libs/libnds/lib\libnds9.a(heapfuncs.c.o)
                0x0200e424                reduceHeapSize
 .text.__retarget_lock_init_recursive
                0x0200e450       0x44 C:/msys64/opt/wonderful/thirdparty/blocksds/core/libs/libnds/lib\libnds9.a(locks.c.o)
                0x0200e450                __retarget_lock_init_recursive
 .text.__retarget_lock_acquire_recursive
                0x0200e494       0x70 C:/msys64/opt/wonderful/thirdparty/blocksds/core/libs/libnds/lib\libnds9.a(locks.c.o)
                0x0200e494                __retarget_lock_acquire_recursive
 .text.__retarget_lock_release_recursive
                0x0200e504       0x58 C:/msys64/opt/wonderful/thirdparty/blocksds/core/libs/libnds/lib\libnds9.a(locks.c.o)
                0x0200e504                __retarget_lock_release_recursive
 .text.__retarget_lock_init
                0x0200e55c        0x8 C:/msys64/opt/wonderful/thirdparty/blocksds/core/libs/libnds/lib\libnds9.a(locks.c.o)
                0x0200e55c                __retarget_lock_init
 .text.__retarget_lock_close
                0x0200e564       0x30 C:/msys64/opt/wonderful/thirdparty/blocksds/core/libs/libnds/lib\libnds9.a(locks.c.o)
                0x0200e564                __retarget_lock_close
 .text.__retarget_lock_acquire
                0x0200e594        0x8 C:/msys64/opt/wonderful/thirdparty/blocksds/core/libs/libnds/lib\libnds9.a(locks.c.o)
                0x0200e594                __retarget_lock_acquire
 .text.__retarget_lock_release
                0x0200e59c        0x8 C:/msys64/opt/wonderful/thirdparty/blocksds/core/libs/libnds/lib\libnds9.a(locks.c.o)
                0x0200e59c                __retarget_lock_release
 .text.sbrk     0x0200e5a4       0x44 C:/msys64/opt/wonderful/thirdparty/blocksds/core/libs/libnds/lib\libnds9.a(sbrk.c.o)
                0x0200e5a4                sbrk
 .text.__ndsabi_coro_make_noctx
                0x0200e5e8       0x28 C:/msys64/opt/wonderful/thirdparty/blocksds/core/libs/libnds/lib\libnds9.a(coroutine.c.o)
                0x0200e5e8                __ndsabi_coro_make_noctx
 .text.tchar2uni
                0x0200e610       0xb4 C:/msys64/opt/wonderful/thirdparty/blocksds/core/libs/libnds/lib\libnds9.a(ff.c.o)
 .text.get_ldnumber
                0x0200e6c4       0xdc C:/msys64/opt/wonderful/thirdparty/blocksds/core/libs/libnds/lib\libnds9.a(ff.c.o)
 .text.dir_clear
                0x0200e7a0      0x10c C:/msys64/opt/wonderful/thirdparty/blocksds/core/libs/libnds/lib\libnds9.a(ff.c.o)
 .text.unlock_volume.part.0.isra.0
                0x0200e8ac        0x8 C:/msys64/opt/wonderful/thirdparty/blocksds/core/libs/libnds/lib\libnds9.a(ff.c.o)
 .text.sync_fs  0x0200e8b4       0xb8 C:/msys64/opt/wonderful/thirdparty/blocksds/core/libs/libnds/lib\libnds9.a(ff.c.o)
 .text.move_window
                0x0200e96c       0x78 C:/msys64/opt/wonderful/thirdparty/blocksds/core/libs/libnds/lib\libnds9.a(ff.c.o)
 .text.put_fat.part.0
                0x0200e9e4      0x10c C:/msys64/opt/wonderful/thirdparty/blocksds/core/libs/libnds/lib\libnds9.a(ff.c.o)
 .text.get_fat.isra.0
                0x0200eaf0       0xb8 C:/msys64/opt/wonderful/thirdparty/blocksds/core/libs/libnds/lib\libnds9.a(ff.c.o)
 .text.remove_chain
                0x0200eba8       0x84 C:/msys64/opt/wonderful/thirdparty/blocksds/core/libs/libnds/lib\libnds9.a(ff.c.o)
 .text.create_chain
                0x0200ec2c      0x124 C:/msys64/opt/wonderful/thirdparty/blocksds/core/libs/libnds/lib\libnds9.a(ff.c.o)
 .text.dir_next
                0x0200ed50       0xd4 C:/msys64/opt/wonderful/thirdparty/blocksds/core/libs/libnds/lib\libnds9.a(ff.c.o)
 .text.dir_sdi  0x0200ee24       0x9c C:/msys64/opt/wonderful/thirdparty/blocksds/core/libs/libnds/lib\libnds9.a(ff.c.o)
 .text.dir_alloc
                0x0200eec0       0x4c C:/msys64/opt/wonderful/thirdparty/blocksds/core/libs/libnds/lib\libnds9.a(ff.c.o)
 .text.dir_find
                0x0200ef0c      0x1d0 C:/msys64/opt/wonderful/thirdparty/blocksds/core/libs/libnds/lib\libnds9.a(ff.c.o)
 .text.follow_path
                0x0200f0dc      0x41c C:/msys64/opt/wonderful/thirdparty/blocksds/core/libs/libnds/lib\libnds9.a(ff.c.o)
 .text.dir_register
                0x0200f4f8      0x304 C:/msys64/opt/wonderful/thirdparty/blocksds/core/libs/libnds/lib\libnds9.a(ff.c.o)
 .text.validate
                0x0200f7fc       0x58 C:/msys64/opt/wonderful/thirdparty/blocksds/core/libs/libnds/lib\libnds9.a(ff.c.o)
 .text.check_fs
                0x0200f854      0x150 C:/msys64/opt/wonderful/thirdparty/blocksds/core/libs/libnds/lib\libnds9.a(ff.c.o)
 .text.mount_volume
                0x0200f9a4      0x354 C:/msys64/opt/wonderful/thirdparty/blocksds/core/libs/libnds/lib\libnds9.a(ff.c.o)
 .text.f_mount  0x0200fcf8       0x9c C:/msys64/opt/wonderful/thirdparty/blocksds/core/libs/libnds/lib\libnds9.a(ff.c.o)
                0x0200fcf8                libnds_f_mount
 .text.f_open   0x0200fd94      0x2c0 C:/msys64/opt/wonderful/thirdparty/blocksds/core/libs/libnds/lib\libnds9.a(ff.c.o)
                0x0200fd94                libnds_f_open
 .text.f_read   0x02010054      0x298 C:/msys64/opt/wonderful/thirdparty/blocksds/core/libs/libnds/lib\libnds9.a(ff.c.o)
                0x02010054                libnds_f_read
 .text.f_write  0x020102ec      0x2ec C:/msys64/opt/wonderful/thirdparty/blocksds/core/libs/libnds/lib\libnds9.a(ff.c.o)
                0x020102ec                libnds_f_write
 .text.f_sync   0x020105d8       0xd8 C:/msys64/opt/wonderful/thirdparty/blocksds/core/libs/libnds/lib\libnds9.a(ff.c.o)
                0x020105d8                libnds_f_sync
 .text.f_close  0x020106b0       0x30 C:/msys64/opt/wonderful/thirdparty/blocksds/core/libs/libnds/lib\libnds9.a(ff.c.o)
                0x020106b0                libnds_f_close
 .text.f_chdrive
                0x020106e0       0x24 C:/msys64/opt/wonderful/thirdparty/blocksds/core/libs/libnds/lib\libnds9.a(ff.c.o)
                0x020106e0                libnds_f_chdrive
 .text.f_chdir  0x02010704       0xb0 C:/msys64/opt/wonderful/thirdparty/blocksds/core/libs/libnds/lib\libnds9.a(ff.c.o)
                0x02010704                libnds_f_chdir
 .text.f_lseek  0x020107b4      0x310 C:/msys64/opt/wonderful/thirdparty/blocksds/core/libs/libnds/lib\libnds9.a(ff.c.o)
                0x020107b4                libnds_f_lseek
 .text.ff_uni2oem
                0x02010ac4       0x40 C:/msys64/opt/wonderful/thirdparty/blocksds/core/libs/libnds/lib\libnds9.a(ffunicode.c.o)
                0x02010ac4                libnds_ff_uni2oem
 .text.ff_wtoupper
                0x02010b04       0xcc C:/msys64/opt/wonderful/thirdparty/blocksds/core/libs/libnds/lib\libnds9.a(ffunicode.c.o)
                0x02010b04                libnds_ff_wtoupper
 .text.__aeabi_read_tp
                0x02010bd0        0xc C:/msys64/opt/wonderful/thirdparty/blocksds/core/libs/libnds/lib\libnds9.a(aeabi_read_tp.s.o)
                0x02010bd0                __aeabi_read_tp
 .text.enterException
                0x02010bdc       0xd4 C:/msys64/opt/wonderful/thirdparty/blocksds/core/libs/libnds/lib\libnds9.a(exceptionHandler.s.o)
                0x02010bdc                enterException
                0x02010c50                exceptionC
                0x02010c54                exceptionStack
                0x02010c58                exceptionRegisters
 .text.__ndsabi_coro_resume
                0x02010cb0       0x18 C:/msys64/opt/wonderful/thirdparty/blocksds/core/libs/libnds/lib\libnds9.a(coroutine.s.o)
                0x02010cb0                __ndsabi_coro_resume
 .text.__ndsabi_coro_yield
                0x02010cc8       0x1c C:/msys64/opt/wonderful/thirdparty/blocksds/core/libs/libnds/lib\libnds9.a(coroutine.s.o)
                0x02010cc8                __ndsabi_coro_yield
 .text.__ndsabi_coro_pop_noctx
                0x02010ce4       0x34 C:/msys64/opt/wonderful/thirdparty/blocksds/core/libs/libnds/lib\libnds9.a(coroutine.s.o)
                0x02010ce4                __ndsabi_coro_pop_noctx
 .text.keyboardShiftState.part.0
                0x02010d18       0x78 C:/msys64/opt/wonderful/thirdparty/blocksds/core/libs/libnds/lib\libnds9.a(keyboard.c.o)
 .text.swapKeyGfx.part.0
                0x02010d90      0x134 C:/msys64/opt/wonderful/thirdparty/blocksds/core/libs/libnds/lib\libnds9.a(keyboard.c.o)
 .text.keyboardGetKey
                0x02010ec4       0x64 C:/msys64/opt/wonderful/thirdparty/blocksds/core/libs/libnds/lib\libnds9.a(keyboard.c.o)
                0x02010ec4                keyboardGetKey
 .text.keyboardUpdate
                0x02010f28      0x11c C:/msys64/opt/wonderful/thirdparty/blocksds/core/libs/libnds/lib\libnds9.a(keyboard.c.o)
                0x02010f28                keyboardUpdate
 .text.keyboardShow
                0x02011044      0x140 C:/msys64/opt/wonderful/thirdparty/blocksds/core/libs/libnds/lib\libnds9.a(keyboard.c.o)
                0x02011044                keyboardShow
 .text.keyboardHide
                0x02011184       0x90 C:/msys64/opt/wonderful/thirdparty/blocksds/core/libs/libnds/lib\libnds9.a(keyboard.c.o)
                0x02011184                keyboardHide
 .text.chdir    0x02011214      0x11c C:/msys64/opt/wonderful/thirdparty/blocksds/core/libs/libnds/lib\libnds9.a(chdir.c.o)
                0x02011214                chdir
 .text.cache_init
                0x02011330       0xac C:/msys64/opt/wonderful/thirdparty/blocksds/core/libs/libnds/lib\libnds9.a(cache.c.o)
                0x02011330                cache_init
 .text.cache_sector_get
                0x020113dc       0x70 C:/msys64/opt/wonderful/thirdparty/blocksds/core/libs/libnds/lib\libnds9.a(cache.c.o)
                0x020113dc                cache_sector_get
 .text.cache_sector_add
                0x0201144c       0xb0 C:/msys64/opt/wonderful/thirdparty/blocksds/core/libs/libnds/lib\libnds9.a(cache.c.o)
                0x0201144c                cache_sector_add
 .text.cache_sector_invalidate
                0x020114fc       0x4c C:/msys64/opt/wonderful/thirdparty/blocksds/core/libs/libnds/lib\libnds9.a(cache.c.o)
                0x020114fc                cache_sector_invalidate
 .text.disk_status
                0x02011548       0x6c C:/msys64/opt/wonderful/thirdparty/blocksds/core/libs/libnds/lib\libnds9.a(diskio.c.o)
                0x02011548                libnds_disk_status
 .text.disk_initialize
                0x020115b4       0x74 C:/msys64/opt/wonderful/thirdparty/blocksds/core/libs/libnds/lib\libnds9.a(diskio.c.o)
                0x020115b4                libnds_disk_initialize
 .text.disk_read
                0x02011628      0x104 C:/msys64/opt/wonderful/thirdparty/blocksds/core/libs/libnds/lib\libnds9.a(diskio.c.o)
                0x02011628                libnds_disk_read
 .text.disk_write
                0x0201172c       0xbc C:/msys64/opt/wonderful/thirdparty/blocksds/core/libs/libnds/lib\libnds9.a(diskio.c.o)
                0x0201172c                libnds_disk_write
 .text.disk_ioctl
                0x020117e8       0x48 C:/msys64/opt/wonderful/thirdparty/blocksds/core/libs/libnds/lib\libnds9.a(diskio.c.o)
                0x020117e8                libnds_disk_ioctl
 .text.get_fattime
                0x02011830       0x1c C:/msys64/opt/wonderful/thirdparty/blocksds/core/libs/libnds/lib\libnds9.a(diskio.c.o)
                0x02011830                libnds_ff_get_fattime
 .text.ff_mutex_create
                0x0201184c       0x10 C:/msys64/opt/wonderful/thirdparty/blocksds/core/libs/libnds/lib\libnds9.a(ffsystem.c.o)
                0x0201184c                libnds_ff_mutex_create
 .text.ff_mutex_delete
                0x0201185c        0x4 C:/msys64/opt/wonderful/thirdparty/blocksds/core/libs/libnds/lib\libnds9.a(ffsystem.c.o)
                0x0201185c                libnds_ff_mutex_delete
 .text.ff_mutex_take
                0x02011860       0x18 C:/msys64/opt/wonderful/thirdparty/blocksds/core/libs/libnds/lib\libnds9.a(ffsystem.c.o)
                0x02011860                libnds_ff_mutex_take
 .text.ff_mutex_give
                0x02011878       0x1c C:/msys64/opt/wonderful/thirdparty/blocksds/core/libs/libnds/lib\libnds9.a(ffsystem.c.o)
                0x02011878                libnds_ff_mutex_give
 .text.open     0x02011894       0xfc C:/msys64/opt/wonderful/thirdparty/blocksds/core/libs/libnds/lib\libnds9.a(filesystem.c.o)
                0x02011894                open
 .text.read     0x02011990       0x70 C:/msys64/opt/wonderful/thirdparty/blocksds/core/libs/libnds/lib\libnds9.a(filesystem.c.o)
                0x02011990                read
 .text.write    0x02011a00       0xa0 C:/msys64/opt/wonderful/thirdparty/blocksds/core/libs/libnds/lib\libnds9.a(filesystem.c.o)
                0x02011a00                write
 .text.close    0x02011aa0       0x7c C:/msys64/opt/wonderful/thirdparty/blocksds/core/libs/libnds/lib\libnds9.a(filesystem.c.o)
                0x02011aa0                close
 .text.lseek    0x02011b1c       0x74 C:/msys64/opt/wonderful/thirdparty/blocksds/core/libs/libnds/lib\libnds9.a(filesystem.c.o)
                0x02011b1c                lseek
 .text.nitrofs_read_internal_cart
                0x02011b90       0xa4 C:/msys64/opt/wonderful/thirdparty/blocksds/core/libs/libnds/lib\libnds9.a(nitrofs.c.o)
 .text.nitrofs_read_internal
                0x02011c34       0x54 C:/msys64/opt/wonderful/thirdparty/blocksds/core/libs/libnds/lib\libnds9.a(nitrofs.c.o)
 .text.nitrofs_dir_state_init
                0x02011c88       0x9c C:/msys64/opt/wonderful/thirdparty/blocksds/core/libs/libnds/lib\libnds9.a(nitrofs.c.o)
 .text.nitrofs_dir_state_next
                0x02011d24       0xb0 C:/msys64/opt/wonderful/thirdparty/blocksds/core/libs/libnds/lib\libnds9.a(nitrofs.c.o)
 .text.nitrofs_dir_step
                0x02011dd4       0xf0 C:/msys64/opt/wonderful/thirdparty/blocksds/core/libs/libnds/lib\libnds9.a(nitrofs.c.o)
 .text.nitrofs_use_for_path
                0x02011ec4       0x30 C:/msys64/opt/wonderful/thirdparty/blocksds/core/libs/libnds/lib\libnds9.a(nitrofs.c.o)
                0x02011ec4                nitrofs_use_for_path
 .text.nitrofs_path_resolve
                0x02011ef4       0x68 C:/msys64/opt/wonderful/thirdparty/blocksds/core/libs/libnds/lib\libnds9.a(nitrofs.c.o)
                0x02011ef4                nitrofs_path_resolve
 .text.nitrofs_chdir
                0x02011f5c       0x24 C:/msys64/opt/wonderful/thirdparty/blocksds/core/libs/libnds/lib\libnds9.a(nitrofs.c.o)
                0x02011f5c                nitrofs_chdir
 .text.nitrofs_read
                0x02011f80       0x30 C:/msys64/opt/wonderful/thirdparty/blocksds/core/libs/libnds/lib\libnds9.a(nitrofs.c.o)
                0x02011f80                nitrofs_read
 .text.nitrofs_lseek
                0x02011fb0       0x58 C:/msys64/opt/wonderful/thirdparty/blocksds/core/libs/libnds/lib\libnds9.a(nitrofs.c.o)
                0x02011fb0                nitrofs_lseek
 .text.nitrofs_close
                0x02012008       0x10 C:/msys64/opt/wonderful/thirdparty/blocksds/core/libs/libnds/lib\libnds9.a(nitrofs.c.o)
                0x02012008                nitrofs_close
 .text.nitroFSOpenById
                0x02012018       0x6c C:/msys64/opt/wonderful/thirdparty/blocksds/core/libs/libnds/lib\libnds9.a(nitrofs.c.o)
                0x02012018                nitroFSOpenById
 .text.nitrofs_open
                0x02012084       0x4c C:/msys64/opt/wonderful/thirdparty/blocksds/core/libs/libnds/lib\libnds9.a(nitrofs.c.o)
                0x02012084                nitrofs_open
 .text.__sassert
                0x020120d0       0x90 C:/msys64/opt/wonderful/thirdparty/blocksds/core/libs/libnds/lib\libnds9.a(sassert.c.o)
                0x020120d0                __sassert
 .text.cardReadArm7
                0x02012160       0x6c C:/msys64/opt/wonderful/thirdparty/blocksds/core/libs/libnds/lib\libnds9.a(card.c.o)
                0x02012160                cardReadArm7
 .text.dldi_arm7_read_sectors
                0x020121cc       0x5c C:/msys64/opt/wonderful/thirdparty/blocksds/core/libs/libnds/lib\libnds9.a(dldi.c.o)
 .text.dldi_arm7_shutdown
                0x02012228       0x3c C:/msys64/opt/wonderful/thirdparty/blocksds/core/libs/libnds/lib\libnds9.a(dldi.c.o)
 .text.dldi_arm7_clear_status
                0x02012264       0x3c C:/msys64/opt/wonderful/thirdparty/blocksds/core/libs/libnds/lib\libnds9.a(dldi.c.o)
 .text.dldi_arm7_is_inserted
                0x020122a0       0x3c C:/msys64/opt/wonderful/thirdparty/blocksds/core/libs/libnds/lib\libnds9.a(dldi.c.o)
 .text.dldi_arm7_startup
                0x020122dc       0x50 C:/msys64/opt/wonderful/thirdparty/blocksds/core/libs/libnds/lib\libnds9.a(dldi.c.o)
 .text.dldi_arm7_write_sectors
                0x0201232c       0x5c C:/msys64/opt/wonderful/thirdparty/blocksds/core/libs/libnds/lib\libnds9.a(dldi.c.o)
 .text.dldiGetMode
                0x02012388        0xc C:/msys64/opt/wonderful/thirdparty/blocksds/core/libs/libnds/lib\libnds9.a(dldi.c.o)
                0x02012388                dldiGetMode
 .text.dldiGetInternal
                0x02012394       0xac C:/msys64/opt/wonderful/thirdparty/blocksds/core/libs/libnds/lib\libnds9.a(dldi.c.o)
                0x02012394                dldiGetInternal
 .text.dldiGetStubDataEnd
                0x02012440       0x1c C:/msys64/opt/wonderful/thirdparty/blocksds/core/libs/libnds/lib\libnds9.a(dldi.c.o)
                0x02012440                dldiGetStubDataEnd
 .text.dldiGetStubEnd
                0x0201245c        0x8 C:/msys64/opt/wonderful/thirdparty/blocksds/core/libs/libnds/lib\libnds9.a(dldi.c.o)
                0x0201245c                dldiGetStubEnd
 .text.releaseCrashHandler
                0x02012464       0x7c C:/msys64/opt/wonderful/thirdparty/blocksds/core/libs/libnds/lib\libnds9.a(exceptions.c.o)
 .text.exceptionStatePrint
                0x020124e0       0xf4 C:/msys64/opt/wonderful/thirdparty/blocksds/core/libs/libnds/lib\libnds9.a(exceptions.c.o)
                0x020124e0                exceptionStatePrint
 .text.releaseExceptionHandler
                0x020125d4       0x10 C:/msys64/opt/wonderful/thirdparty/blocksds/core/libs/libnds/lib\libnds9.a(exceptions.c.o)
                0x020125d4                releaseExceptionHandler
 .text.sinLutLookup
                0x020125e4       0x4c C:/msys64/opt/wonderful/thirdparty/blocksds/core/libs/libnds/lib\libnds9.a(trig.c.o)
                0x020125e4                sinLutLookup
 .text.sinLerp  0x02012630       0x38 C:/msys64/opt/wonderful/thirdparty/blocksds/core/libs/libnds/lib\libnds9.a(trig.c.o)
                0x02012630                sinLerp
 .text.cosLerp  0x02012668       0x44 C:/msys64/opt/wonderful/thirdparty/blocksds/core/libs/libnds/lib\libnds9.a(trig.c.o)
                0x02012668                cosLerp
 .text.cardPolledTransfer
                0x020126ac       0x5c C:/msys64/opt/wonderful/thirdparty/blocksds/core/libs/libnds/lib\libnds9.a(card.c.o)
                0x020126ac                cardPolledTransfer
 .text.cardRead
                0x02012708      0x190 C:/msys64/opt/wonderful/thirdparty/blocksds/core/libs/libnds/lib\libnds9.a(card.c.o)
                0x02012708                cardRead
 .text.getCPSR  0x02012898        0x8 C:/msys64/opt/wonderful/thirdparty/blocksds/core/libs/libnds/lib\libnds9.a(cpu.s.o)
                0x02012898                getCPSR
 .text.mmInit   0x020128a0       0x78 C:/msys64/opt/wonderful/thirdparty/blocksds/core/libs/maxmod/lib\libmm9.a(main_ds9.c.o)
                0x020128a0                mmInit
 .text.mmTryToInitializeDefault
                0x02012918       0x34 C:/msys64/opt/wonderful/thirdparty/blocksds/core/libs/maxmod/lib\libmm9.a(main_ds9.c.o)
 .text.mmInitDefaultMem
                0x0201294c       0x1c C:/msys64/opt/wonderful/thirdparty/blocksds/core/libs/maxmod/lib\libmm9.a(main_ds9.c.o)
                0x0201294c                mmInitDefaultMem
 .text.mmsHandleMemoryOp
                0x02012968       0x44 C:/msys64/opt/wonderful/thirdparty/blocksds/core/libs/maxmod/lib\libmm9.a(soundbank.c.o)
 .text.mmSoundBankInMemory
                0x020129ac       0x18 C:/msys64/opt/wonderful/thirdparty/blocksds/core/libs/maxmod/lib\libmm9.a(soundbank.c.o)
                0x020129ac                mmSoundBankInMemory
 .text.mmReceiveMessageValue32
                0x020129c4       0x4c C:/msys64/opt/wonderful/thirdparty/blocksds/core/libs/maxmod/lib\libmm9.a(comms_ds9.c.o)
 .text.SendString
                0x02012a10       0x24 C:/msys64/opt/wonderful/thirdparty/blocksds/core/libs/maxmod/lib\libmm9.a(comms_ds9.c.o)
 .text.mmSendBank
                0x02012a34       0x1a C:/msys64/opt/wonderful/thirdparty/blocksds/core/libs/maxmod/lib\libmm9.a(comms_ds9.c.o)
                0x02012a34                mmSendBank
 *fill*         0x02012a4e        0x2 ff
 .text.mmSetupComms
                0x02012a50       0x18 C:/msys64/opt/wonderful/thirdparty/blocksds/core/libs/maxmod/lib\libmm9.a(comms_ds9.c.o)
                0x02012a50                mmSetupComms
 .text.__libc_init_array
                0x02012a68       0x1c C:/msys64/opt/wonderful/toolchain/gcc-arm-none-eabi/lib/gcc/arm-none-eabi/15.2.1/../../../../arm-none-eabi/lib/thumb/arm946e-s\libc.a(libc_misc_init.c.o)
                0x02012a68                __libc_init_array
 .text.bsearch  0x02012a84       0x40 C:/msys64/opt/wonderful/toolchain/gcc-arm-none-eabi/lib/gcc/arm-none-eabi/15.2.1/../../../../arm-none-eabi/lib/thumb/arm946e-s\libc.a(libc_search_bsearch.c.o)
                0x02012a84                bsearch
 .text.med3.constprop.0
                0x02012ac4       0x42 C:/msys64/opt/wonderful/toolchain/gcc-arm-none-eabi/lib/gcc/arm-none-eabi/15.2.1/../../../../arm-none-eabi/lib/thumb/arm946e-s\libc.a(libc_search_qsort.c.o)
 .text.swapfunc.isra.0
                0x02012b06       0x2c C:/msys64/opt/wonderful/toolchain/gcc-arm-none-eabi/lib/gcc/arm-none-eabi/15.2.1/../../../../arm-none-eabi/lib/thumb/arm946e-s\libc.a(libc_search_qsort.c.o)
 .text.qsort    0x02012b32      0x2b4 C:/msys64/opt/wonderful/toolchain/gcc-arm-none-eabi/lib/gcc/arm-none-eabi/15.2.1/../../../../arm-none-eabi/lib/thumb/arm946e-s\libc.a(libc_search_qsort.c.o)
                0x02012b32                qsort
 .text.fclose   0x02012de6       0x18 C:/msys64/opt/wonderful/toolchain/gcc-arm-none-eabi/lib/gcc/arm-none-eabi/15.2.1/../../../../arm-none-eabi/lib/thumb/arm946e-s\libc.a(libc_stdio_fclose.c.o)
                0x02012de6                fclose
 *fill*         0x02012dfe        0x2 ff
 .text.fdopen   0x02012e00       0x98 C:/msys64/opt/wonderful/toolchain/gcc-arm-none-eabi/lib/gcc/arm-none-eabi/15.2.1/../../../../arm-none-eabi/lib/thumb/arm946e-s\libc.a(libc_stdio_fdopen.c.o)
                0x02012e00                fdopen
 .text.fflush   0x02012e98       0x1a C:/msys64/opt/wonderful/toolchain/gcc-arm-none-eabi/lib/gcc/arm-none-eabi/15.2.1/../../../../arm-none-eabi/lib/thumb/arm946e-s\libc.a(libc_stdio_fflush.c.o)
                0x02012e98                fflush
 .text.getc     0x02012eb2       0x44 C:/msys64/opt/wonderful/toolchain/gcc-arm-none-eabi/lib/gcc/arm-none-eabi/15.2.1/../../../../arm-none-eabi/lib/thumb/arm946e-s\libc.a(libc_stdio_fgetc.c.o)
                0x02012eb2                getc
                0x02012eb2                fgetc
                0x02012eb2                getc_unlocked
 .text.fgetpos  0x02012ef6       0x12 C:/msys64/opt/wonderful/toolchain/gcc-arm-none-eabi/lib/gcc/arm-none-eabi/15.2.1/../../../../arm-none-eabi/lib/thumb/arm946e-s\libc.a(libc_stdio_fgetpos.c.o)
                0x02012ef6                fgetpos
 .text.fopen    0x02012f08       0x3a C:/msys64/opt/wonderful/toolchain/gcc-arm-none-eabi/lib/gcc/arm-none-eabi/15.2.1/../../../../arm-none-eabi/lib/thumb/arm946e-s\libc.a(libc_stdio_fopen.c.o)
                0x02012f08                fopen
 .text.putc     0x02012f42       0x2c C:/msys64/opt/wonderful/toolchain/gcc-arm-none-eabi/lib/gcc/arm-none-eabi/15.2.1/../../../../arm-none-eabi/lib/thumb/arm946e-s\libc.a(libc_stdio_fputc.c.o)
                0x02012f42                putc
                0x02012f42                fputc
                0x02012f42                putc_unlocked
 *fill*         0x02012f6e        0x2 ff
 .text.fread    0x02012f70      0x1b8 C:/msys64/opt/wonderful/toolchain/gcc-arm-none-eabi/lib/gcc/arm-none-eabi/15.2.1/../../../../arm-none-eabi/lib/thumb/arm946e-s\libc.a(libc_stdio_fread.c.o)
                0x02012f70                fread
 .text.fseek    0x02013128       0x40 C:/msys64/opt/wonderful/toolchain/gcc-arm-none-eabi/lib/gcc/arm-none-eabi/15.2.1/../../../../arm-none-eabi/lib/thumb/arm946e-s\libc.a(libc_stdio_fseek.c.o)
                0x02013128                fseek
 .text.fseeko   0x02013168       0x40 C:/msys64/opt/wonderful/toolchain/gcc-arm-none-eabi/lib/gcc/arm-none-eabi/15.2.1/../../../../arm-none-eabi/lib/thumb/arm946e-s\libc.a(libc_stdio_fseeko.c.o)
                0x02013168                fseeko
 .text.ftell    0x020131a8       0x3c C:/msys64/opt/wonderful/toolchain/gcc-arm-none-eabi/lib/gcc/arm-none-eabi/15.2.1/../../../../arm-none-eabi/lib/thumb/arm946e-s\libc.a(libc_stdio_ftell.c.o)
                0x020131a8                ftell
 .text.fwrite   0x020131e4      0x16e C:/msys64/opt/wonderful/toolchain/gcc-arm-none-eabi/lib/gcc/arm-none-eabi/15.2.1/../../../../arm-none-eabi/lib/thumb/arm946e-s\libc.a(libc_stdio_fwrite.c.o)
                0x020131e4                fwrite
 *fill*         0x02013352        0x2 ff
 .text.printf   0x02013354       0x20 C:/msys64/opt/wonderful/toolchain/gcc-arm-none-eabi/lib/gcc/arm-none-eabi/15.2.1/../../../../arm-none-eabi/lib/thumb/arm946e-s\libc.a(libc_stdio_printf.c.o)
                0x02013354                printf
 .text.putchar  0x02013374       0x10 C:/msys64/opt/wonderful/toolchain/gcc-arm-none-eabi/lib/gcc/arm-none-eabi/15.2.1/../../../../arm-none-eabi/lib/thumb/arm946e-s\libc.a(libc_stdio_putchar.c.o)
                0x02013374                putchar_unlocked
                0x02013374                putchar
 .text.puts     0x02013384       0x44 C:/msys64/opt/wonderful/toolchain/gcc-arm-none-eabi/lib/gcc/arm-none-eabi/15.2.1/../../../../arm-none-eabi/lib/thumb/arm946e-s\libc.a(libc_stdio_puts.c.o)
                0x02013384                puts
 .text.setvbuf  0x020133c8       0x24 C:/msys64/opt/wonderful/toolchain/gcc-arm-none-eabi/lib/gcc/arm-none-eabi/15.2.1/../../../../arm-none-eabi/lib/thumb/arm946e-s\libc.a(libc_stdio_setvbuf.c.o)
                0x020133c8                setvbuf
 .text.__stdio_flags
                0x020133ec       0x58 C:/msys64/opt/wonderful/toolchain/gcc-arm-none-eabi/lib/gcc/arm-none-eabi/15.2.1/../../../../arm-none-eabi/lib/thumb/arm946e-s\libc.a(libc_stdio_sflags.c.o)
                0x020133ec                __stdio_flags
 .text.sprintf  0x02013444       0x44 C:/msys64/opt/wonderful/toolchain/gcc-arm-none-eabi/lib/gcc/arm-none-eabi/15.2.1/../../../../arm-none-eabi/lib/thumb/arm946e-s\libc.a(libc_stdio_sprintf.c.o)
                0x02013444                sprintf
 .text.sscanf   0x02013488       0x3c C:/msys64/opt/wonderful/toolchain/gcc-arm-none-eabi/lib/gcc/arm-none-eabi/15.2.1/../../../../arm-none-eabi/lib/thumb/arm946e-s\libc.a(libc_stdio_sscanf.c.o)
                0x02013488                sscanf
 .text.__ultoa_invert
                0x020134c4       0x52 C:/msys64/opt/wonderful/toolchain/gcc-arm-none-eabi/lib/gcc/arm-none-eabi/15.2.1/../../../../arm-none-eabi/lib/thumb/arm946e-s\libc.a(libc_stdio_vfprintf.c.o)
 *fill*         0x02013516        0x2 ff
 .text.skip_to_arg
                0x02013518      0x13c C:/msys64/opt/wonderful/toolchain/gcc-arm-none-eabi/lib/gcc/arm-none-eabi/15.2.1/../../../../arm-none-eabi/lib/thumb/arm946e-s\libc.a(libc_stdio_vfprintf.c.o)
 .text.vfprintf
                0x02013654      0xad0 C:/msys64/opt/wonderful/toolchain/gcc-arm-none-eabi/lib/gcc/arm-none-eabi/15.2.1/../../../../arm-none-eabi/lib/thumb/arm946e-s\libc.a(libc_stdio_vfprintf.c.o)
                0x02013654                vfprintf
                0x02013654                __d_vfprintf
 .text.scanf_getc
                0x02014124       0x14 C:/msys64/opt/wonderful/toolchain/gcc-arm-none-eabi/lib/gcc/arm-none-eabi/15.2.1/../../../../arm-none-eabi/lib/thumb/arm946e-s\libc.a(libc_stdio_vfscanf.c.o)
 .text.scanf_ungetc
                0x02014138       0x12 C:/msys64/opt/wonderful/toolchain/gcc-arm-none-eabi/lib/gcc/arm-none-eabi/15.2.1/../../../../arm-none-eabi/lib/thumb/arm946e-s\libc.a(libc_stdio_vfscanf.c.o)
 .text.skip_spaces
                0x0201414a       0x2a C:/msys64/opt/wonderful/toolchain/gcc-arm-none-eabi/lib/gcc/arm-none-eabi/15.2.1/../../../../arm-none-eabi/lib/thumb/arm946e-s\libc.a(libc_stdio_vfscanf.c.o)
 .text.putval   0x02014174       0x2a C:/msys64/opt/wonderful/toolchain/gcc-arm-none-eabi/lib/gcc/arm-none-eabi/15.2.1/../../../../arm-none-eabi/lib/thumb/arm946e-s\libc.a(libc_stdio_vfscanf.c.o)
 *fill*         0x0201419e        0x2 ff
 .text.getmb    0x020141a0       0x84 C:/msys64/opt/wonderful/toolchain/gcc-arm-none-eabi/lib/gcc/arm-none-eabi/15.2.1/../../../../arm-none-eabi/lib/thumb/arm946e-s\libc.a(libc_stdio_vfscanf.c.o)
 .text.vfscanf  0x02014224      0x9f0 C:/msys64/opt/wonderful/toolchain/gcc-arm-none-eabi/lib/gcc/arm-none-eabi/15.2.1/../../../../arm-none-eabi/lib/thumb/arm946e-s\libc.a(libc_stdio_vfscanf.c.o)
                0x02014224                vfscanf
                0x02014224                __d_vfscanf
 .text.vprintf  0x02014c14       0x14 C:/msys64/opt/wonderful/toolchain/gcc-arm-none-eabi/lib/gcc/arm-none-eabi/15.2.1/../../../../arm-none-eabi/lib/thumb/arm946e-s\libc.a(libc_stdio_vprintf.c.o)
                0x02014c14                vprintf
 .text.mulShift64
                0x02014c28       0x62 C:/msys64/opt/wonderful/toolchain/gcc-arm-none-eabi/lib/gcc/arm-none-eabi/15.2.1/../../../../arm-none-eabi/lib/thumb/arm946e-s\libc.a(libc_stdio_atod_ryu.c.o)
 *fill*         0x02014c8a        0x2 ff
 .text.__atod_engine
                0x02014c8c      0x158 C:/msys64/opt/wonderful/toolchain/gcc-arm-none-eabi/lib/gcc/arm-none-eabi/15.2.1/../../../../arm-none-eabi/lib/thumb/arm946e-s\libc.a(libc_stdio_atod_ryu.c.o)
                0x02014c8c                __atod_engine
 .text.__atof_engine
                0x02014de4      0x120 C:/msys64/opt/wonderful/toolchain/gcc-arm-none-eabi/lib/gcc/arm-none-eabi/15.2.1/../../../../arm-none-eabi/lib/thumb/arm946e-s\libc.a(libc_stdio_atof_ryu.c.o)
                0x02014de4                __atof_engine
 .text.mulShiftAll64
                0x02014f04      0x202 C:/msys64/opt/wonderful/toolchain/gcc-arm-none-eabi/lib/gcc/arm-none-eabi/15.2.1/../../../../arm-none-eabi/lib/thumb/arm946e-s\libc.a(libc_stdio_dtoa_ryu.c.o)
 *fill*         0x02015106        0x2 ff
 .text.div10    0x02015108       0x28 C:/msys64/opt/wonderful/toolchain/gcc-arm-none-eabi/lib/gcc/arm-none-eabi/15.2.1/../../../../arm-none-eabi/lib/thumb/arm946e-s\libc.a(libc_stdio_dtoa_ryu.c.o)
 .text.__dtoa_engine
                0x02015130      0x4b8 C:/msys64/opt/wonderful/toolchain/gcc-arm-none-eabi/lib/gcc/arm-none-eabi/15.2.1/../../../../arm-none-eabi/lib/thumb/arm946e-s\libc.a(libc_stdio_dtoa_ryu.c.o)
                0x02015130                __dtoa_engine
 .text.mulShift32
                0x020155e8       0x44 C:/msys64/opt/wonderful/toolchain/gcc-arm-none-eabi/lib/gcc/arm-none-eabi/15.2.1/../../../../arm-none-eabi/lib/thumb/arm946e-s\libc.a(libc_stdio_ryu_divpow2.c.o)
 .text.__mulPow5InvDivPow2
                0x0201562c       0x28 C:/msys64/opt/wonderful/toolchain/gcc-arm-none-eabi/lib/gcc/arm-none-eabi/15.2.1/../../../../arm-none-eabi/lib/thumb/arm946e-s\libc.a(libc_stdio_ryu_divpow2.c.o)
                0x0201562c                __mulPow5InvDivPow2
 .text.__mulPow5divPow2
                0x02015654       0x20 C:/msys64/opt/wonderful/toolchain/gcc-arm-none-eabi/lib/gcc/arm-none-eabi/15.2.1/../../../../arm-none-eabi/lib/thumb/arm946e-s\libc.a(libc_stdio_ryu_divpow2.c.o)
                0x02015654                __mulPow5divPow2
 .text.__log10Pow2
                0x02015674        0xc C:/msys64/opt/wonderful/toolchain/gcc-arm-none-eabi/lib/gcc/arm-none-eabi/15.2.1/../../../../arm-none-eabi/lib/thumb/arm946e-s\libc.a(libc_stdio_ryu_log10.c.o)
                0x02015674                __log10Pow2
 .text.__log10Pow5
                0x02015680        0xc C:/msys64/opt/wonderful/toolchain/gcc-arm-none-eabi/lib/gcc/arm-none-eabi/15.2.1/../../../../arm-none-eabi/lib/thumb/arm946e-s\libc.a(libc_stdio_ryu_log10.c.o)
                0x02015680                __log10Pow5
 .text.__log2pow5
                0x0201568c        0xc C:/msys64/opt/wonderful/toolchain/gcc-arm-none-eabi/lib/gcc/arm-none-eabi/15.2.1/../../../../arm-none-eabi/lib/thumb/arm946e-s\libc.a(libc_stdio_ryu_log2pow5.c.o)
                0x0201568c                __log2pow5
 .text.__ceil_log2pow5
                0x02015698       0x10 C:/msys64/opt/wonderful/toolchain/gcc-arm-none-eabi/lib/gcc/arm-none-eabi/15.2.1/../../../../arm-none-eabi/lib/thumb/arm946e-s\libc.a(libc_stdio_ryu_log2pow5.c.o)
                0x02015698                __ceil_log2pow5
 .text.__pow5bits
                0x020156a8       0x10 C:/msys64/opt/wonderful/toolchain/gcc-arm-none-eabi/lib/gcc/arm-none-eabi/15.2.1/../../../../arm-none-eabi/lib/thumb/arm946e-s\libc.a(libc_stdio_ryu_pow5bits.c.o)
                0x020156a8                __pow5bits
 .text.__pow5Factor
                0x020156b8       0x2c C:/msys64/opt/wonderful/toolchain/gcc-arm-none-eabi/lib/gcc/arm-none-eabi/15.2.1/../../../../arm-none-eabi/lib/thumb/arm946e-s\libc.a(libc_stdio_ryu_table.c.o)
                0x020156b8                __pow5Factor
 .text.__double_computePow5
                0x020156e4      0x100 C:/msys64/opt/wonderful/toolchain/gcc-arm-none-eabi/lib/gcc/arm-none-eabi/15.2.1/../../../../arm-none-eabi/lib/thumb/arm946e-s\libc.a(libc_stdio_ryu_table.c.o)
                0x020156e4                __double_computePow5
 .text.__double_computeInvPow5
                0x020157e4       0xfc C:/msys64/opt/wonderful/toolchain/gcc-arm-none-eabi/lib/gcc/arm-none-eabi/15.2.1/../../../../arm-none-eabi/lib/thumb/arm946e-s\libc.a(libc_stdio_ryu_table.c.o)
                0x020157e4                __double_computeInvPow5
 .text.__umul128
                0x020158e0       0x6c C:/msys64/opt/wonderful/toolchain/gcc-arm-none-eabi/lib/gcc/arm-none-eabi/15.2.1/../../../../arm-none-eabi/lib/thumb/arm946e-s\libc.a(libc_stdio_ryu_umul128.c.o)
                0x020158e0                __umul128
 .text.__shiftright128
                0x0201594c       0x28 C:/msys64/opt/wonderful/toolchain/gcc-arm-none-eabi/lib/gcc/arm-none-eabi/15.2.1/../../../../arm-none-eabi/lib/thumb/arm946e-s\libc.a(libc_stdio_ryu_umul128.c.o)
                0x0201594c                __shiftright128
 .text.atof     0x02015974        0xa C:/msys64/opt/wonderful/toolchain/gcc-arm-none-eabi/lib/gcc/arm-none-eabi/15.2.1/../../../../arm-none-eabi/lib/thumb/arm946e-s\libc.a(libc_stdlib_atof.c.o)
                0x02015974                atof
 .text.atoi     0x0201597e        0xc C:/msys64/opt/wonderful/toolchain/gcc-arm-none-eabi/lib/gcc/arm-none-eabi/15.2.1/../../../../arm-none-eabi/lib/thumb/arm946e-s\libc.a(libc_stdlib_atoi.c.o)
                0x0201597e                atoi
 .text.exit     0x0201598a        0xe C:/msys64/opt/wonderful/toolchain/gcc-arm-none-eabi/lib/gcc/arm-none-eabi/15.2.1/../../../../arm-none-eabi/lib/thumb/arm946e-s\libc.a(libc_stdlib_exit.c.o)
                0x0201598a                exit
 .text.__ascii_mbtowc
                0x02015998       0x2e C:/msys64/opt/wonderful/toolchain/gcc-arm-none-eabi/lib/gcc/arm-none-eabi/15.2.1/../../../../arm-none-eabi/lib/thumb/arm946e-s\libc.a(libc_stdlib_mbtowc_r.c.o)
                0x02015998                __ascii_mbtowc
 *fill*         0x020159c6        0x2 ff
 .text.__utf8_mbtowc
                0x020159c8      0x1f0 C:/msys64/opt/wonderful/toolchain/gcc-arm-none-eabi/lib/gcc/arm-none-eabi/15.2.1/../../../../arm-none-eabi/lib/thumb/arm946e-s\libc.a(libc_stdlib_mbtowc_r.c.o)
                0x020159c8                __utf8_mbtowc
 .text.__ascii_wctomb
                0x02015bb8       0x16 C:/msys64/opt/wonderful/toolchain/gcc-arm-none-eabi/lib/gcc/arm-none-eabi/15.2.1/../../../../arm-none-eabi/lib/thumb/arm946e-s\libc.a(libc_stdlib_wctomb_r.c.o)
                0x02015bb8                __ascii_wctomb
 *fill*         0x02015bce        0x2 ff
 .text.__utf8_wctomb
                0x02015bd0       0xb8 C:/msys64/opt/wonderful/toolchain/gcc-arm-none-eabi/lib/gcc/arm-none-eabi/15.2.1/../../../../arm-none-eabi/lib/thumb/arm946e-s\libc.a(libc_stdlib_wctomb_r.c.o)
                0x02015bd0                __utf8_wctomb
 .text.memcmp   0x02015c88       0x1c C:/msys64/opt/wonderful/toolchain/gcc-arm-none-eabi/lib/gcc/arm-none-eabi/15.2.1/../../../../arm-none-eabi/lib/thumb/arm946e-s\libc.a(libc_string_memcmp.c.o)
                0x02015c88                memcmp
 .text.strchr   0x02015ca4       0x1e C:/msys64/opt/wonderful/toolchain/gcc-arm-none-eabi/lib/gcc/arm-none-eabi/15.2.1/../../../../arm-none-eabi/lib/thumb/arm946e-s\libc.a(libc_string_strchr.c.o)
                0x02015ca4                strchr
 .text.strdup   0x02015cc2       0x20 C:/msys64/opt/wonderful/toolchain/gcc-arm-none-eabi/lib/gcc/arm-none-eabi/15.2.1/../../../../arm-none-eabi/lib/thumb/arm946e-s\libc.a(libc_string_strdup.c.o)
                0x02015cc2                strdup
 .text.strncmp  0x02015ce2       0x24 C:/msys64/opt/wonderful/toolchain/gcc-arm-none-eabi/lib/gcc/arm-none-eabi/15.2.1/../../../../arm-none-eabi/lib/thumb/arm946e-s\libc.a(libc_string_strncmp.c.o)
                0x02015ce2                strncmp
 .text.strnlen  0x02015d06       0x16 C:/msys64/opt/wonderful/toolchain/gcc-arm-none-eabi/lib/gcc/arm-none-eabi/15.2.1/../../../../arm-none-eabi/lib/thumb/arm946e-s\libc.a(libc_string_strnlen.c.o)
                0x02015d06                strnlen
 .text.strrchr  0x02015d1c       0x28 C:/msys64/opt/wonderful/toolchain/gcc-arm-none-eabi/lib/gcc/arm-none-eabi/15.2.1/../../../../arm-none-eabi/lib/thumb/arm946e-s\libc.a(libc_string_strrchr.c.o)
                0x02015d1c                strrchr
 .text.strstr   0x02015d44       0x2c C:/msys64/opt/wonderful/toolchain/gcc-arm-none-eabi/lib/gcc/arm-none-eabi/15.2.1/../../../../arm-none-eabi/lib/thumb/arm946e-s\libc.a(libc_string_strstr.c.o)
                0x02015d44                strstr
 .text.localtime
                0x02015d70       0x18 C:/msys64/opt/wonderful/toolchain/gcc-arm-none-eabi/lib/gcc/arm-none-eabi/15.2.1/../../../../arm-none-eabi/lib/thumb/arm946e-s\libc.a(libc_time_lcltime.c.o)
                0x02015d70                localtime
 .text.localtime_r
                0x02015d88      0x1f8 C:/msys64/opt/wonderful/toolchain/gcc-arm-none-eabi/lib/gcc/arm-none-eabi/15.2.1/../../../../arm-none-eabi/lib/thumb/arm946e-s\libc.a(libc_time_lcltime_r.c.o)
                0x02015d88                localtime_r
 .text.time     0x02015f80       0x28 C:/msys64/opt/wonderful/toolchain/gcc-arm-none-eabi/lib/gcc/arm-none-eabi/15.2.1/../../../../arm-none-eabi/lib/thumb/arm946e-s\libc.a(libc_time_time.c.o)
                0x02015f80                time
 .text.__tzcalc_limits
                0x02015fa8      0x178 C:/msys64/opt/wonderful/toolchain/gcc-arm-none-eabi/lib/gcc/arm-none-eabi/15.2.1/../../../../arm-none-eabi/lib/thumb/arm946e-s\libc.a(libc_time_tzcalc_limits.c.o)
                0x02015fa8                __tzcalc_limits
 .text._tzset_unlocked
                0x02016120      0x3e0 C:/msys64/opt/wonderful/toolchain/gcc-arm-none-eabi/lib/gcc/arm-none-eabi/15.2.1/../../../../arm-none-eabi/lib/thumb/arm946e-s\libc.a(libc_time_tzset.c.o)
                0x02016120                _tzset_unlocked
 .text.isnan    0x02016500       0x18 C:/msys64/opt/wonderful/toolchain/gcc-arm-none-eabi/lib/gcc/arm-none-eabi/15.2.1/../../../../arm-none-eabi/lib/thumb/arm946e-s\libc.a(libm_common_s_isnan.c.o)
                0x02016500                isnan
                0x02016500                isnanl
                0x02016500                __isnand
                0x02016500                __isnanl
 .text.iswspace
                0x02016518        0xa C:/msys64/opt/wonderful/toolchain/gcc-arm-none-eabi/lib/gcc/arm-none-eabi/15.2.1/../../../../arm-none-eabi/lib/thumb/arm946e-s\libc.a(libc_ctype_iswspace.c.o)
                0x02016518                iswspace
 *fill*         0x02016522        0x2 ff
 .text.iswspace_l
                0x02016524       0x84 C:/msys64/opt/wonderful/toolchain/gcc-arm-none-eabi/lib/gcc/arm-none-eabi/15.2.1/../../../../arm-none-eabi/lib/thumb/arm946e-s\libc.a(libc_ctype_iswspace_l.c.o)
                0x02016524                iswspace_l
 .text.__libc_fini_array
                0x020165a8       0x1c C:/msys64/opt/wonderful/toolchain/gcc-arm-none-eabi/lib/gcc/arm-none-eabi/15.2.1/../../../../arm-none-eabi/lib/thumb/arm946e-s\libc.a(libc_misc_fini.c.o)
                0x020165a8                __libc_fini_array
 .text.__picolibc_non_atomic_load_ungetc
                0x020165c4        0x4 C:/msys64/opt/wonderful/toolchain/gcc-arm-none-eabi/lib/gcc/arm-none-eabi/15.2.1/../../../../arm-none-eabi/lib/thumb/arm946e-s\libc.a(libc_stdio_atomic_load.c.o)
                0x020165c4                __picolibc_non_atomic_load_ungetc
                0x020165c4                __atomic_load_ungetc
 .text.__picolibc_non_atomic_store_ungetc
                0x020165c8        0x4 C:/msys64/opt/wonderful/toolchain/gcc-arm-none-eabi/lib/gcc/arm-none-eabi/15.2.1/../../../../arm-none-eabi/lib/thumb/arm946e-s\libc.a(libc_stdio_atomic_store.c.o)
                0x020165c8                __atomic_store_ungetc
                0x020165c8                __picolibc_non_atomic_store_ungetc
 .text.__bufio_lock
                0x020165cc       0x18 C:/msys64/opt/wonderful/toolchain/gcc-arm-none-eabi/lib/gcc/arm-none-eabi/15.2.1/../../../../arm-none-eabi/lib/thumb/arm946e-s\libc.a(libc_stdio_bufio.c.o)
 .text.__bufio_flush_locked
                0x020165e4       0x66 C:/msys64/opt/wonderful/toolchain/gcc-arm-none-eabi/lib/gcc/arm-none-eabi/15.2.1/../../../../arm-none-eabi/lib/thumb/arm946e-s\libc.a(libc_stdio_bufio.c.o)
                0x020165e4                __bufio_flush_locked
 .text.__bufio_fill_locked
                0x0201664a       0x2c C:/msys64/opt/wonderful/toolchain/gcc-arm-none-eabi/lib/gcc/arm-none-eabi/15.2.1/../../../../arm-none-eabi/lib/thumb/arm946e-s\libc.a(libc_stdio_bufio.c.o)
                0x0201664a                __bufio_fill_locked
 .text.__bufio_flush
                0x02016676       0x1a C:/msys64/opt/wonderful/toolchain/gcc-arm-none-eabi/lib/gcc/arm-none-eabi/15.2.1/../../../../arm-none-eabi/lib/thumb/arm946e-s\libc.a(libc_stdio_bufio.c.o)
                0x02016676                __bufio_flush
 .text.__bufio_setdir_locked
                0x02016690       0x1a C:/msys64/opt/wonderful/toolchain/gcc-arm-none-eabi/lib/gcc/arm-none-eabi/15.2.1/../../../../arm-none-eabi/lib/thumb/arm946e-s\libc.a(libc_stdio_bufio.c.o)
                0x02016690                __bufio_setdir_locked
 .text.__bufio_put
                0x020166aa       0x50 C:/msys64/opt/wonderful/toolchain/gcc-arm-none-eabi/lib/gcc/arm-none-eabi/15.2.1/../../../../arm-none-eabi/lib/thumb/arm946e-s\libc.a(libc_stdio_bufio.c.o)
                0x020166aa                __bufio_put
 *fill*         0x020166fa        0x2 ff
 .text.__bufio_get
                0x020166fc       0x70 C:/msys64/opt/wonderful/toolchain/gcc-arm-none-eabi/lib/gcc/arm-none-eabi/15.2.1/../../../../arm-none-eabi/lib/thumb/arm946e-s\libc.a(libc_stdio_bufio.c.o)
                0x020166fc                __bufio_get
 .text.__bufio_seek
                0x0201676c       0x6a C:/msys64/opt/wonderful/toolchain/gcc-arm-none-eabi/lib/gcc/arm-none-eabi/15.2.1/../../../../arm-none-eabi/lib/thumb/arm946e-s\libc.a(libc_stdio_bufio.c.o)
                0x0201676c                __bufio_seek
 .text.__bufio_close
                0x020167d6       0x58 C:/msys64/opt/wonderful/toolchain/gcc-arm-none-eabi/lib/gcc/arm-none-eabi/15.2.1/../../../../arm-none-eabi/lib/thumb/arm946e-s\libc.a(libc_stdio_bufio_close.c.o)
                0x020167d6                __bufio_close
 *fill*         0x0201682e        0x2 ff
 .text.__bufio_setvbuf
                0x02016830       0xb0 C:/msys64/opt/wonderful/toolchain/gcc-arm-none-eabi/lib/gcc/arm-none-eabi/15.2.1/../../../../arm-none-eabi/lib/thumb/arm946e-s\libc.a(libc_stdio_bufio_setvbuf.c.o)
                0x02016830                __bufio_setvbuf
 .text.__dtox_engine
                0x020168e0      0x128 C:/msys64/opt/wonderful/toolchain/gcc-arm-none-eabi/lib/gcc/arm-none-eabi/15.2.1/../../../../arm-none-eabi/lib/thumb/arm946e-s\libc.a(libc_stdio_dtox_engine.c.o)
                0x020168e0                __dtox_engine
 .text.__picolibc_non_atomic_exchange_ungetc
                0x02016a08        0x8 C:/msys64/opt/wonderful/toolchain/gcc-arm-none-eabi/lib/gcc/arm-none-eabi/15.2.1/../../../../arm-none-eabi/lib/thumb/arm946e-s\libc.a(libc_stdio_exchange.c.o)
                0x02016a08                __picolibc_non_atomic_exchange_ungetc
                0x02016a08                __atomic_exchange_ungetc
 .text.__file_str_get
                0x02016a10       0x16 C:/msys64/opt/wonderful/toolchain/gcc-arm-none-eabi/lib/gcc/arm-none-eabi/15.2.1/../../../../arm-none-eabi/lib/thumb/arm946e-s\libc.a(libc_stdio_filestrget.c.o)
                0x02016a10                __file_str_get
 .text.__file_str_put
                0x02016a26       0x10 C:/msys64/opt/wonderful/toolchain/gcc-arm-none-eabi/lib/gcc/arm-none-eabi/15.2.1/../../../../arm-none-eabi/lib/thumb/arm946e-s\libc.a(libc_stdio_filestrput.c.o)
                0x02016a26                __file_str_put
 *fill*         0x02016a36        0x2 ff
 .text.strtod   0x02016a38      0x440 C:/msys64/opt/wonderful/toolchain/gcc-arm-none-eabi/lib/gcc/arm-none-eabi/15.2.1/../../../../arm-none-eabi/lib/thumb/arm946e-s\libc.a(libc_stdio_strtod.c.o)
                0x02016a38                strtod
                0x02016a38                strtold
 .text.strtol   0x02016e78       0xf4 C:/msys64/opt/wonderful/toolchain/gcc-arm-none-eabi/lib/gcc/arm-none-eabi/15.2.1/../../../../arm-none-eabi/lib/thumb/arm946e-s\libc.a(libc_stdio_strtol.c.o)
                0x02016e78                strtol
 .text.strtoul  0x02016f6c      0x12c C:/msys64/opt/wonderful/toolchain/gcc-arm-none-eabi/lib/gcc/arm-none-eabi/15.2.1/../../../../arm-none-eabi/lib/thumb/arm946e-s\libc.a(libc_stdio_strtoul.c.o)
                0x02016f6c                strtoul
 .text.ungetc   0x02017098       0x36 C:/msys64/opt/wonderful/toolchain/gcc-arm-none-eabi/lib/gcc/arm-none-eabi/15.2.1/../../../../arm-none-eabi/lib/thumb/arm946e-s\libc.a(libc_stdio_ungetc.c.o)
                0x02017098                ungetc
 .text.getenv   0x020170ce        0xa C:/msys64/opt/wonderful/toolchain/gcc-arm-none-eabi/lib/gcc/arm-none-eabi/15.2.1/../../../../arm-none-eabi/lib/thumb/arm946e-s\libc.a(libc_stdlib_getenv.c.o)
                0x020170ce                getenv
 .text._findenv
                0x020170d8       0x7c C:/msys64/opt/wonderful/toolchain/gcc-arm-none-eabi/lib/gcc/arm-none-eabi/15.2.1/../../../../arm-none-eabi/lib/thumb/arm946e-s\libc.a(libc_stdlib_getenv_r.c.o)
                0x020170d8                _findenv
 .text.__gettzinfo
                0x02017154        0x8 C:/msys64/opt/wonderful/toolchain/gcc-arm-none-eabi/lib/gcc/arm-none-eabi/15.2.1/../../../../arm-none-eabi/lib/thumb/arm946e-s\libc.a(libc_time_gettzinfo.c.o)
                0x02017154                __gettzinfo
 .text.gmtime_r
                0x0201715c      0x1bc C:/msys64/opt/wonderful/toolchain/gcc-arm-none-eabi/lib/gcc/arm-none-eabi/15.2.1/../../../../arm-none-eabi/lib/thumb/arm946e-s\libc.a(libc_time_gmtime_r.c.o)
                0x0201715c                gmtime_r
 .text.__fpclassifyd
                0x02017318       0x38 C:/msys64/opt/wonderful/toolchain/gcc-arm-none-eabi/lib/gcc/arm-none-eabi/15.2.1/../../../../arm-none-eabi/lib/thumb/arm946e-s\libc.a(libm_common_s_fpclassify.c.o)
                0x02017318                __fpclassifyd
                0x02017318                __fpclassifyl
 .text.__picolibc_non_atomic_compare_exchange_ungetc
                0x02017350       0x12 C:/msys64/opt/wonderful/toolchain/gcc-arm-none-eabi/lib/gcc/arm-none-eabi/15.2.1/../../../../arm-none-eabi/lib/thumb/arm946e-s\libc.a(libc_stdio_compare_exchange.c.o)
                0x02017350                __atomic_compare_exchange_ungetc
                0x02017350                __picolibc_non_atomic_compare_exchange_ungetc
 *fill*         0x02017362        0x2 ff
 .text.gettimeofday
                0x02017364       0x1c C:/msys64/opt/wonderful/thirdparty/blocksds/core/libs/libnds/lib\libnds9.a(syscalls.c.o)
                0x02017364                gettimeofday
 .text.gettimeofday.__stub
                0x02017380       0x40 linker stubs
 *(EXCLUDE_FILE(*.twl*) .gnu.warning)
 *(EXCLUDE_FILE(*.twl*) .gnu.linkonce.t*)
 *(.glue_7)
 .glue_7        0x020173c0        0x0 linker stubs
 *(.glue_7t)
 .glue_7t       0x020173c0        0x0 linker stubs
                0x020173c0                        . = ALIGN (0x4)

.vfp11_veneer   0x020173c0        0x0
 .vfp11_veneer  0x020173c0        0x0 linker stubs

.v4_bx          0x020173c0        0x0
 .v4_bx         0x020173c0        0x0 linker stubs

.iplt           0x020173c0        0x0
 .iplt          0x020173c0        0x0 C:/msys64/opt/wonderful/thirdparty/blocksds/core/sys/crts/ds_arm9_crt0.o

.fini           0x020173c0        0x8
 *(.fini)
 .fini          0x020173c0        0x8 C:/msys64/opt/wonderful/toolchain/gcc-arm-none-eabi/lib/gcc/arm-none-eabi/15.2.1/thumb/arm946e-s/crtn.o
                0x020173c8                        __text_end = .

.rodata         0x020173c8   0x240238
 *(EXCLUDE_FILE(*.twl*) .rodata)
 .rodata        0x020173c8       0x24 C:/msys64/opt/wonderful/thirdparty/blocksds/external/libdsf/lib\libdsf.a(dsf.c.o)
 .rodata        0x020173ec       0x14 C:/msys64/opt/wonderful/thirdparty/blocksds/core/libs/libnds/lib\libnds9.a(fatfs.c.o)
 .rodata        0x02017400       0x40 C:/msys64/opt/wonderful/thirdparty/blocksds/core/libs/libnds/lib\libnds9.a(exceptions.c.o)
 .rodata        0x02017440      0x180 C:/msys64/opt/wonderful/toolchain/gcc-arm-none-eabi/lib/gcc/arm-none-eabi/15.2.1/../../../../arm-none-eabi/lib/thumb/arm946e-s\libc.a(libc_ctype_ctype_.c.o)
                0x02017440                _ctype_b
 .rodata        0x020175c0        0xb C:/msys64/opt/wonderful/toolchain/gcc-arm-none-eabi/lib/gcc/arm-none-eabi/15.2.1/../../../../arm-none-eabi/lib/thumb/arm946e-s\libc.a(libc_stdio_vfscanf.c.o)
 *fill*         0x020175cb        0x5 ff
 .rodata        0x020175d0      0x340 C:/msys64/opt/wonderful/toolchain/gcc-arm-none-eabi/lib/gcc/arm-none-eabi/15.2.1/../../../../arm-none-eabi/lib/thumb/arm946e-s\libc.a(libc_stdio_ryu_table.c.o)
 .rodata        0x02017910        0x8 C:/msys64/opt/wonderful/toolchain/gcc-arm-none-eabi/lib/gcc/arm-none-eabi/15.2.1/../../../../arm-none-eabi/lib/thumb/arm946e-s\libc.a(libc_stdlib_mbtowc_r.c.o)
                0x02017910                __mbtowc
 .rodata        0x02017918        0x8 C:/msys64/opt/wonderful/toolchain/gcc-arm-none-eabi/lib/gcc/arm-none-eabi/15.2.1/../../../../arm-none-eabi/lib/thumb/arm946e-s\libc.a(libc_stdlib_wctomb_r.c.o)
                0x02017918                __wctomb
 .rodata        0x02017920       0x18 C:/msys64/opt/wonderful/toolchain/gcc-arm-none-eabi/lib/gcc/arm-none-eabi/15.2.1/../../../../arm-none-eabi/lib/thumb/arm946e-s\libc.a(libc_time_month_lengths.c.o)
                0x02017920                __month_lengths
 .rodata        0x02017938        0xb C:/msys64/opt/wonderful/toolchain/gcc-arm-none-eabi/lib/gcc/arm-none-eabi/15.2.1/../../../../arm-none-eabi/lib/thumb/arm946e-s\libc.a(libc_stdio_strtod.c.o)
 *fill*         0x02017943        0x1 ff
 .rodata        0x02017944        0x4 C:/msys64/opt/wonderful/toolchain/gcc-arm-none-eabi/lib/gcc/arm-none-eabi/15.2.1/../../../../arm-none-eabi/lib/thumb/arm946e-s\libc.a(libc_stdlib_environ.c.o)
 *all.rodata*(*)
 *(EXCLUDE_FILE(*.twl*) .roda)
 *(EXCLUDE_FILE(*.twl*) .rodata.*)
 .rodata.font2_fnt_bin
                0x02017948     0x214a build/tejinaDS/data/font2_fnt.bin.o
                0x02017948                font2_fnt_bin
 *fill*         0x02019a92        0x2 ff
 .rodata.font_fnt_bin
                0x02019a94     0x2a1d build/tejinaDS/data/font_fnt.bin.o
                0x02019a94                font_fnt_bin
 *fill*         0x0201c4b1        0x3 ff
 .rodata.kana_fnt_bin
                0x0201c4b4     0x1a85 build/tejinaDS/data/kana_fnt.bin.o
                0x0201c4b4                kana_fnt_bin
 *fill*         0x0201df39        0x3 ff
 .rodata.keyboard_fnt_bin
                0x0201df3c      0xf48 build/tejinaDS/data/keyboard_fnt.bin.o
                0x0201df3c                keyboard_fnt_bin
 .rodata.nunito_fnt_bin
                0x0201ee84     0x419b build/tejinaDS/data/nunito_fnt.bin.o
                0x0201ee84                nunito_fnt_bin
 *fill*         0x0202301f        0x1 ff
 .rodata.font_0_256Pal
                0x02023020      0x200 build/tejinaDS/graphics/font_0_256.png.o
                0x02023020                font_0_256Pal
 .rodata.font_0_256Bitmap
                0x02023220    0x10000 build/tejinaDS/graphics/font_0_256.png.o
                0x02023220                font_0_256Bitmap
 .rodata.nunito_0Bitmap
                0x02033220    0x20000 build/tejinaDS/graphics/nunito_0.png.o
                0x02033220                nunito_0Bitmap
 .rodata.soundbank_bin
                0x02053220   0x20290c build/tejinaDS/maxmod/soundbank.c.o
                0x02053220                soundbank_bin
 .rodata.draw_button.str1.4
                0x02255b2c      0xf10 build/tejinaDS/source/main.c.o
                                 0x19 (size before relaxing)
 .rodata.run_quiz_hiragana.str1.4
                0x02256a3c        0x0 build/tejinaDS/source/main.c.o
                                 0x52 (size before relaxing)
 .rodata.run_quiz_katakana.str1.4