Archive member included to satisfy reference by file (symbol)

C:/msys64/opt/wonderful/thirdparty/blocksds/external/libdsf/lib\libdsf.a(dsf.c.o)
                              build/tejinaDS/source/main.c.o (DSF_LoadFontMemory)
C:/msys64/opt/wonderful/thirdparty/blocksds/core/libs/libnds/lib\libnds9.a(cp15.s.o)
                              C:/msys64/opt/wonderful/thirdparty/blocksds/core/sys/crts/ds_arm9_crt0.o (CP15_FlushICache)
C:/msys64/opt/wonderful/thirdparty/blocksds/core/libs/libnds/lib\libnds9.a(mpu_setup.s.o)
                              C:/msys64/opt/wonderful/thirdparty/blocksds/core/sys/crts/ds_arm9_crt0.o (__libnds_mpu_setup)
C:/msys64/opt/wonderful/thirdparty/blocksds/core/libs/libnds/lib\libnds9.a(dma.s.o)
                              build/tejinaDS/source/main.c.o (dmaSetParams)
C:/msys64/opt/wonderful/thirdparty/blocksds/core/libs/libnds/lib\libnds9.a(memcpy.s.o)
                              build/tejinaDS/source/main.c.o (memcpy)
C:/msys64/opt/wonderful/thirdparty/blocksds/core/libs/libnds/lib\libnds9.a(memset.s.o)
                              C:/msys64/opt/wonderful/thirdparty/blocksds/external/libdsf/lib\libdsf.a(dsf.c.o) (memset)
C:/msys64/opt/wonderful/thirdparty/blocksds/core/libs/libnds/lib\libnds9.a(console.c.o)
                              build/tejinaDS/source/main.c.o (consoleInit)
C:/msys64/opt/wonderful/thirdparty/blocksds/core/libs/libnds/lib\libnds9.a(dlmalloc.c.o)
                              C:/msys64/opt/wonderful/thirdparty/blocksds/external/libdsf/lib\libdsf.a(dsf.c.o) (malloc)
C:/msys64/opt/wonderful/thirdparty/blocksds/core/libs/libnds/lib\libnds9.a(crt0_argv.c.o)
                              C:/msys64/opt/wonderful/thirdparty/blocksds/core/sys/crts/ds_arm9_crt0.o (build_argv)
C:/msys64/opt/wonderful/thirdparty/blocksds/core/libs/libnds/lib\libnds9.a(iob.c.o)
                              C:/msys64/opt/wonderful/thirdparty/blocksds/core/libs/libnds/lib\libnds9.a(console.c.o) (stderr)
C:/msys64/opt/wonderful/thirdparty/blocksds/core/libs/libnds/lib\libnds9.a(sound.c.o)
                              build/tejinaDS/source/main.c.o (soundEnable)
C:/msys64/opt/wonderful/thirdparty/blocksds/core/libs/libnds/lib\libnds9.a(cache.c.o)
                              C:/msys64/opt/wonderful/thirdparty/blocksds/core/libs/libnds/lib\libnds9.a(console.c.o) (CP15_CleanAndFlushDCacheRange)
C:/msys64/opt/wonderful/thirdparty/blocksds/core/libs/libnds/lib\libnds9.a(initSystem.c.o)
                              C:/msys64/opt/wonderful/thirdparty/blocksds/core/sys/crts/ds_arm9_crt0.o (__debugger_unit)
C:/msys64/opt/wonderful/thirdparty/blocksds/core/libs/libnds/lib\libnds9.a(keys.c.o)
                              build/tejinaDS/source/main.c.o (scanKeys)
C:/msys64/opt/wonderful/thirdparty/blocksds/core/libs/libnds/lib\libnds9.a(securearea.c.o)
                              C:/msys64/opt/wonderful/thirdparty/blocksds/core/sys/crts/ds_arm9_crt0.o (__secure_area__)
C:/msys64/opt/wonderful/thirdparty/blocksds/core/libs/libnds/lib\libnds9.a(system.c.o)
                              C:/msys64/opt/wonderful/thirdparty/blocksds/core/libs/libnds/lib\libnds9.a(initSystem.c.o) (systemValueHandler)
C:/msys64/opt/wonderful/thirdparty/blocksds/core/libs/libnds/lib\libnds9.a(background.c.o)
                              build/tejinaDS/source/main.c.o (bgState)
C:/msys64/opt/wonderful/thirdparty/blocksds/core/libs/libnds/lib\libnds9.a(video.c.o)
                              build/tejinaDS/source/main.c.o (vramSetPrimaryBanks)
C:/msys64/opt/wonderful/thirdparty/blocksds/core/libs/libnds/lib\libnds9.a(threads.c.o)
                              C:/msys64/opt/wonderful/thirdparty/blocksds/core/libs/libnds/lib\libnds9.a(iob.c.o) (cothread_yield_irq)
C:/msys64/opt/wonderful/thirdparty/blocksds/core/libs/libnds/lib\libnds9.a(debugprint.c.o)
                              C:/msys64/opt/wonderful/thirdparty/blocksds/core/libs/libnds/lib\libnds9.a(console.c.o) (nocash_putc_buffered)
C:/msys64/opt/wonderful/thirdparty/blocksds/core/libs/libnds/lib\libnds9.a(exceptions.c.o)
                              C:/msys64/opt/wonderful/thirdparty/blocksds/core/libs/libnds/lib\libnds9.a(threads.c.o) (libndsCrash)
C:/msys64/opt/wonderful/thirdparty/blocksds/core/libs/libnds/lib\libnds9.a(fifosystem.c.o)
                              C:/msys64/opt/wonderful/thirdparty/blocksds/core/libs/libnds/lib\libnds9.a(sound.c.o) (fifoSendValue32)
C:/msys64/opt/wonderful/thirdparty/blocksds/core/libs/libnds/lib\libnds9.a(interrupts.c.o)
                              C:/msys64/opt/wonderful/thirdparty/blocksds/core/libs/libnds/lib\libnds9.a(fifosystem.c.o) (irqSet)
C:/msys64/opt/wonderful/thirdparty/blocksds/core/libs/libnds/lib\libnds9.a(exit.c.o)
                              C:/msys64/opt/wonderful/thirdparty/blocksds/core/sys/crts/ds_arm9_crt0.o (__libnds_exit)
C:/msys64/opt/wonderful/thirdparty/blocksds/core/libs/libnds/lib\libnds9.a(heapfuncs.c.o)
[...]
Memory Configuration

Name             Origin             Length             Attributes
ewram            0x02000000         0x00380000
dtcm             0x02ff4000         0x00004000
itcm             0x01000000         0x00008000
*default*        0x00000000         0xffffffff

Linker script and memory map

                0x00000000                        PROVIDE (__dtcm_data_size = 0x0)
                0x00000001                        ASSERT (((__dtcm_data_size & 0x3) == 0x0), __dtcm_data_size must be a multiple of 4)
                0x00004000                        PROVIDE (__dldi_size = 0x4000)
                0x00000040                        PROVIDE (__dtcm_reserved_size = 0x40)
                0x00000001                        ASSERT (((__dtcm_reserved_size & 0x3) == 0x0), __dtcm_reserved_size must be a multiple of 4)
                0x00000100                        PROVIDE (__svc_stack_size = 0x100)
                0x00000001                        ASSERT (((__svc_stack_size & 0x3) == 0x0), __svc_stack_size must be a multiple of 4)
                0x00000100                        PROVIDE (__irq_stack_size = 0x100)
                0x00000001                        ASSERT (((__irq_stack_size & 0x3) == 0x0), __irq_stack_size must be a multiple of 4)
                0x00000000                        PROVIDE (__usr_stack_size = 0x0)
                0x00000001                        ASSERT (((__usr_stack_size & 0x3) == 0x0), __usr_stack_size must be a multiple of 4)
                0x02380000                        __ewram_end = (ORIGIN (ewram) + LENGTH (ewram))
                0x02380000                        __eheap_end = (ORIGIN (ewram) + LENGTH (ewram))
                0x02ff4000                        __dtcm_start = ORIGIN (dtcm)
                0x02ff8000                        __dtcm_top = (ORIGIN (dtcm) + LENGTH (dtcm))
                0x02ff7ff8                        __irq_flags = (__dtcm_top - 0x8)
                0x02ff7ffc                        __irq_vector = (__dtcm_top - 0x4)
                0x02ff7fc0                        __sp_svc = (__dtcm_top - __dtcm_reserved_size)
                0x02ff7ec0                        __sp_irq = (__sp_svc - __svc_stack_size)
                0x02ff7dc0                        __sp_usr = ((__sp_irq - __irq_stack_size) - __dtcm_data_size)
                0x02ff4000                        __dtcm_data_start = (__dtcm_data_size > 0x0)?__sp_usr:ORIGIN (dtcm)
                0x02ff7dc0                        __dtcm_data_top = (__dtcm_data_size > 0x0)?(__sp_irq - __irq_stack_size):(__sp_usr - __usr_stack_size)
                0x0000000e                        __dldi_log2_size = (LOG2CEIL ((__dldi_size + 0x1)) - 0x1)

.secure         0x02000000      0x800
 *(.secure)
 .secure        0x02000000      0x800 C:/msys64/opt/wonderful/thirdparty/blocksds/core/libs/libnds/lib\libnds9.a(securearea.c.o)
                0x02000000                __secure_area__

.crt0           0x02000800      0x2e4
                0x02000800                        __text_start = .
 *(.crt0)
 .crt0          0x02000800      0x2e4 C:/msys64/opt/wonderful/thirdparty/blocksds/core/sys/crts/ds_arm9_crt0.o
                0x02000800                _start
                0x02000ae4                        . = ALIGN (0x4)

.dldi           0x02000ae4        0x0
                0x02000ae4                        __dldi_start = .
 *(.dldi)
                0x02000ae4                        . = ALIGN (0x4)
                0x02000ae4                        __dldi_data_end = .
                0x02000ae4                        __dldi_end = (__dldi_data_end > __dldi_start)?(__dldi_start + __dldi_size):__dldi_start
                0x02000ae4                        . = __dldi_end
                0x02000ae4                        . = ALIGN (0x4)

.plt
 *(.plt)

.init           0x02000ae4        0x8
 *(SORT_NONE(.init))
 .init          0x02000ae4        0x8 C:/msys64/opt/wonderful/toolchain/gcc-arm-none-eabi/lib/gcc/arm-none-eabi/15.2.1/thumb/arm946e-s/crtn.o

.text           0x02000af0     0x84f8
 *(EXCLUDE_FILE(*.twl* *.itcm*) .text)
 .text          0x02000af0        0xe C:/msys64/opt/wonderful/toolchain/gcc-arm-none-eabi/lib/gcc/arm-none-eabi/15.2.1/../../../../arm-none-eabi/lib/thumb/arm946e-s\libc.a(strlen.S.o)
                0x02000af0                strlen
 *fill*         0x02000afe        0x2 ff
 .text          0x02000b00       0x14 C:/msys64/opt/wonderful/toolchain/gcc-arm-none-eabi/lib/gcc/arm-none-eabi/15.2.1/thumb/arm946e-s\libgcc.a(_thumb1_case_uqi.o)
                0x02000b00                __gnu_thumb1_case_uqi
 .text          0x02000b14       0x14 C:/msys64/opt/wonderful/toolchain/gcc-arm-none-eabi/lib/gcc/arm-none-eabi/15.2.1/thumb/arm946e-s\libgcc.a(_thumb1_case_uhi.o)
                0x02000b14                __gnu_thumb1_case_uhi
 .text          0x02000b28      0x214 C:/msys64/opt/wonderful/toolchain/gcc-arm-none-eabi/lib/gcc/arm-none-eabi/15.2.1/thumb/arm946e-s\libgcc.a(_udivsi3.o)
                0x02000b28                __aeabi_uidiv
                0x02000b28                __udivsi3
                0x02000d1c                __aeabi_uidivmod
 .text          0x02000d3c      0x248 C:/msys64/opt/wonderful/toolchain/gcc-arm-none-eabi/lib/gcc/arm-none-eabi/15.2.1/thumb/arm946e-s\libgcc.a(_divsi3.o)
                0x02000d3c                __divsi3
                0x02000d3c                __aeabi_idiv
                0x02000f64                __aeabi_idivmod
 .text          0x02000f84        0x4 C:/msys64/opt/wonderful/toolchain/gcc-arm-none-eabi/lib/gcc/arm-none-eabi/15.2.1/thumb/arm946e-s\libgcc.a(_dvmd_tls.o)
                0x02000f84                __aeabi_idiv0
                0x02000f84                __aeabi_ldiv0
 .text          0x02000f88       0x18 C:/msys64/opt/wonderful/toolchain/gcc-arm-none-eabi/lib/gcc/arm-none-eabi/15.2.1/thumb/arm946e-s\libgcc.a(_lshrdi3.o)
                0x02000f88                __lshrdi3
                0x02000f88                __aeabi_llsr
 .text          0x02000fa0       0x1c C:/msys64/opt/wonderful/toolchain/gcc-arm-none-eabi/lib/gcc/arm-none-eabi/15.2.1/thumb/arm946e-s\libgcc.a(_ashrdi3.o)
                0x02000fa0                __aeabi_lasr
                0x02000fa0                __ashrdi3
 .text          0x02000fbc       0x18 C:/msys64/opt/wonderful/toolchain/gcc-arm-none-eabi/lib/gcc/arm-none-eabi/15.2.1/thumb/arm946e-s\libgcc.a(_ashldi3.o)
                0x02000fbc                __aeabi_llsl
                0x02000fbc                __ashldi3
 .text          0x02000fd4        0x8 C:/msys64/opt/wonderful/toolchain/gcc-arm-none-eabi/lib/gcc/arm-none-eabi/15.2.1/thumb/arm946e-s\libgcc.a(_clzsi2.o)
                0x02000fd4                __clzsi2
 .text          0x02000fdc       0x14 C:/msys64/opt/wonderful/toolchain/gcc-arm-none-eabi/lib/gcc/arm-none-eabi/15.2.1/thumb/arm946e-s\libgcc.a(_clzdi2.o)
                0x02000fdc                __clzdi2
 .text          0x02000ff0       0x3c C:/msys64/opt/wonderful/toolchain/gcc-arm-none-eabi/lib/gcc/arm-none-eabi/15.2.1/thumb/arm946e-s\libgcc.a(_aeabi_uldivmod.o)
                0x02000ff0                __aeabi_uldivmod
 .text          0x0200102c      0x190 C:/msys64/opt/wonderful/toolchain/gcc-arm-none-eabi/lib/gcc/arm-none-eabi/15.2.1/thumb/arm946e-s\libgcc.a(_udivmoddi4.o)
                0x0200102c                __udivmoddi4
 .text          0x020011bc       0x14 C:/msys64/opt/wonderful/toolchain/gcc-arm-none-eabi/lib/gcc/arm-none-eabi/15.2.1/thumb/arm946e-s\libgcc.a(muldi3.o)
                0x020011bc                __muldi3
                0x020011bc                __aeabi_lmul
 *(EXCLUDE_FILE(*.twl* *.itcm*) .stub)
 *(EXCLUDE_FILE(*.twl* *.itcm*) .text.*)
 .text.drawRect
                0x020011d0       0x80 build/tejinaDS/source/main.c.o
                0x020011d0                drawRect
 .text.wait_forever
                0x02001250       0x1c build/tejinaDS/source/main.c.o
                0x02001250                wait_forever
 .text.draw_button
                0x0200126c       0xe4 build/tejinaDS/source/main.c.o
                0x0200126c                draw_button
 .text.draw_text_font
                0x02001350      0x100 build/tejinaDS/source/main.c.o
                0x02001350                draw_text_font
 .text.run_quiz_hiragana
                0x02001450       0x88 build/tejinaDS/source/main.c.o
                0x02001450                run_quiz_hiragana
 .text.get_menu
                0x020014d8      0x30c build/tejinaDS/source/main.c.o
                0x020014d8                get_menu
 .text.display_menu
                0x020017e4      0x2d4 build/tejinaDS/source/main.c.o
                0x020017e4                display_menu
 .text.draw_screen_main
                0x02001ab8      0x1b8 build/tejinaDS/source/main.c.o
                0x02001ab8                draw_screen_main
 .text.draw_screen_sub
                0x02001c70       0x70 build/tejinaDS/source/main.c.o
                0x02001c70                draw_screen_sub
 .text.startup.main
                0x02001ce0      0x204 build/tejinaDS/source/main.c.o
                0x02001ce0                main
 .text.DSF_block_char_cmp
                0x02001ee4       0x2c C:/msys64/opt/wonderful/thirdparty/blocksds/external/libdsf/lib\libdsf.a(dsf.c.o)
 .text.DSF_kerning_pair_cmp
                0x02001f10       0x14 C:/msys64/opt/wonderful/thirdparty/blocksds/external/libdsf/lib\libdsf.a(dsf.c.o)
 .text.DSF_UTF8_CodepointRead
                0x02001f24       0x74 C:/msys64/opt/wonderful/thirdparty/blocksds/external/libdsf/lib\libdsf.a(dsf.c.o)
 .text.DSF_LoadFontMemory
                0x02001f98      0x228 C:/msys64/opt/wonderful/thirdparty/blocksds/external/libdsf/lib\libdsf.a(dsf.c.o)
                0x02001f98                DSF_LoadFontMemory
 .text.DSF_FreeFont
                0x020021c0       0x28 C:/msys64/opt/wonderful/thirdparty/blocksds/external/libdsf/lib\libdsf.a(dsf.c.o)
                0x020021c0                DSF_FreeFont
 .text.DSF_CodepointRenderDryRun
                0x020021e8       0x98 C:/msys64/opt/wonderful/thirdparty/blocksds/external/libdsf/lib\libdsf.a(dsf.c.o)
                0x020021e8                DSF_CodepointRenderDryRun
 .text.DSF_StringRenderDryRunWithCursor
                0x02002280       0xd0 C:/msys64/opt/wonderful/thirdparty/blocksds/external/libdsf/lib\libdsf.a(dsf.c.o)
                0x02002280                DSF_StringRenderDryRunWithCursor
 .text.DSF_StringRenderToTexture
                0x02002350      0x504 C:/msys64/opt/wonderful/thirdparty/blocksds/external/libdsf/lib\libdsf.a(dsf.c.o)
                0x02002350                DSF_StringRenderToTexture
 .text.CP15_FlushICache
                0x02002854        0xc C:/msys64/opt/wonderful/thirdparty/blocksds/core/libs/libnds/lib\libnds9.a(cp15.s.o)
                0x02002854                CP15_FlushICache
 .text.CP15_FlushDCache
                0x02002860        0xc C:/msys64/opt/wonderful/thirdparty/blocksds/core/libs/libnds/lib\libnds9.a(cp15.s.o)
                0x02002860                CP15_FlushDCache
 .text.CP15_CleanAndFlushDCache
                0x0200286c       0x34 C:/msys64/opt/wonderful/thirdparty/blocksds/core/libs/libnds/lib\libnds9.a(cp15.s.o)
                0x0200286c                CP15_CleanAndFlushDCache
 .text.__libnds_mpu_setup
                0x020028a0      0x1c4 C:/msys64/opt/wonderful/thirdparty/blocksds/core/libs/libnds/lib\libnds9.a(mpu_setup.s.o)
                0x020028a0                __libnds_mpu_setup
 .text.CP15_MPUDisable
                0x02002a64       0x3c C:/msys64/opt/wonderful/thirdparty/blocksds/core/libs/libnds/lib\libnds9.a(mpu_setup.s.o)
                0x02002a64                CP15_MPUDisable
 .text.__libnds_mpu_jump_past_dtcm
                0x02002aa0       0x4c C:/msys64/opt/wonderful/thirdparty/blocksds/core/libs/libnds/lib\libnds9.a(mpu_setup.s.o)
                0x02002aa0                __libnds_mpu_jump_past_dtcm
 .text.memUncached
                0x02002aec       0x20 C:/msys64/opt/wonderful/thirdparty/blocksds/core/libs/libnds/lib\libnds9.a(mpu_setup.s.o)
                0x02002aec                memUncached
 .text.dmaSetParams
                0x02002b0c       0x1c C:/msys64/opt/wonderful/thirdparty/blocksds/core/libs/libnds/lib\libnds9.a(dma.s.o)
                0x02002b0c                dmaSetParams
 .text.dmaStopSafe
                0x02002b28       0x44 C:/msys64/opt/wonderful/thirdparty/blocksds/core/libs/libnds/lib\libnds9.a(dma.s.o)
                0x02002b28                dmaStopSafe
 .text.__aeabi_memcpy
                0x02002b6c       0xc8 C:/msys64/opt/wonderful/thirdparty/blocksds/core/libs/libnds/lib\libnds9.a(memcpy.s.o)
                0x02002b6c                __aeabi_memcpy
                0x02002ba4                __aeabi_memcpy4
                0x02002ba4                __aeabi_memcpy8
                0x02002c10                __ndsabi_memcpy2
 .text.__ndsabi_memcpy1
                0x02002c34       0x14 C:/msys64/opt/wonderful/thirdparty/blocksds/core/libs/libnds/lib\libnds9.a(memcpy.s.o)
                0x02002c34                __ndsabi_memcpy1
 .text.memcpy   0x02002c48       0x10 C:/msys64/opt/wonderful/thirdparty/blocksds/core/libs/libnds/lib\libnds9.a(memcpy.s.o)
                0x02002c48                memcpy
 .text.__aeabi_memset
                0x02002c58       0x9c C:/msys64/opt/wonderful/thirdparty/blocksds/core/libs/libnds/lib\libnds9.a(memset.s.o)
                0x02002c58                __aeabi_memset
                0x02002c7c                __aeabi_memset8
                0x02002c7c                __aeabi_memset4
                0x02002c88                __ndsabi_wordset4
                0x02002c8c                __ndsabi_lwordset4
 .text.__ndsabi_memset1
                0x02002cf4       0x10 C:/msys64/opt/wonderful/thirdparty/blocksds/core/libs/libnds/lib\libnds9.a(memset.s.o)
                0x02002cf4                __ndsabi_memset1
 .text.memset   0x02002d04       0x1c C:/msys64/opt/wonderful/thirdparty/blocksds/core/libs/libnds/lib\libnds9.a(memset.s.o)
                0x02002d04                memset
 .text.newRow   0x02002d20       0x88 C:/msys64/opt/wonderful/thirdparty/blocksds/core/libs/libnds/lib\libnds9.a(console.c.o)
 .text.consolePrintChar.part.0
                0x02002da8      0x100 C:/msys64/opt/wonderful/thirdparty/blocksds/core/libs/libnds/lib\libnds9.a(console.c.o)
 .text.consolePrintChar
                0x02002ea8       0x2c C:/msys64/opt/wonderful/thirdparty/blocksds/core/libs/libnds/lib\libnds9.a(console.c.o)
                0x02002ea8                consolePrintChar
 .text.con_write
                0x02002ed4      0x338 C:/msys64/opt/wonderful/thirdparty/blocksds/core/libs/libnds/lib\libnds9.a(console.c.o)
 .text.consoleLoadFont
                0x0200320c      0x24c C:/msys64/opt/wonderful/thirdparty/blocksds/core/libs/libnds/lib\libnds9.a(console.c.o)
                0x0200320c                consoleLoadFont
 .text.consoleInitEx
                0x02003458      0x19c C:/msys64/opt/wonderful/thirdparty/blocksds/core/libs/libnds/lib\libnds9.a(console.c.o)
                0x02003458                consoleInitEx
 .text.consoleInit
                0x020035f4       0x2c C:/msys64/opt/wonderful/thirdparty/blocksds/core/libs/libnds/lib\libnds9.a(console.c.o)
                0x020035f4                consoleInit
 .text.consoleDemoInit
                0x02003620       0x48 C:/msys64/opt/wonderful/thirdparty/blocksds/core/libs/libnds/lib\libnds9.a(console.c.o)
                0x02003620                consoleDemoInit
 .text.consoleSetCursor
                0x02003668       0x24 C:/msys64/opt/wonderful/thirdparty/blocksds/core/libs/libnds/lib\libnds9.a(console.c.o)
                0x02003668                consoleSetCursor
 .text.consoleSetColor
                0x0200368c       0x18 C:/msys64/opt/wonderful/thirdparty/blocksds/core/libs/libnds/lib\libnds9.a(console.c.o)
                0x0200368c                consoleSetColor
 .text.consoleArm7Flush
                0x020036a4       0x90 C:/msys64/opt/wonderful/thirdparty/blocksds/core/libs/libnds/lib\libnds9.a(console.c.o)
                0x020036a4                consoleArm7Flush
 .text.comutex_acquire
                0x02003734       0x28 C:/msys64/opt/wonderful/thirdparty/blocksds/core/libs/libnds/lib\libnds9.a(dlmalloc.c.o)
 .text.comutex_release
                0x0200375c       0x14 C:/msys64/opt/wonderful/thirdparty/blocksds/core/libs/libnds/lib\libnds9.a(dlmalloc.c.o)
 .text.dispose_chunk.constprop.0
                0x02003770      0x304 C:/msys64/opt/wonderful/thirdparty/blocksds/core/libs/libnds/lib\libnds9.a(dlmalloc.c.o)
 .text.init_top.constprop.0
                0x02003a74       0x3c C:/msys64/opt/wonderful/thirdparty/blocksds/core/libs/libnds/lib\libnds9.a(dlmalloc.c.o)
 .text.segment_holding.constprop.0
                0x02003ab0       0x20 C:/msys64/opt/wonderful/thirdparty/blocksds/core/libs/libnds/lib\libnds9.a(dlmalloc.c.o)
 .text.try_realloc_chunk.constprop.0.isra.0
                0x02003ad0      0x230 C:/msys64/opt/wonderful/thirdparty/blocksds/core/libs/libnds/lib\libnds9.a(dlmalloc.c.o)
 .text.init_mparams.isra.0
                0x02003d00       0x5c C:/msys64/opt/wonderful/thirdparty/blocksds/core/libs/libnds/lib\libnds9.a(dlmalloc.c.o)
 .text.sys_trim.constprop.0
                0x02003d5c       0xf8 C:/msys64/opt/wonderful/thirdparty/blocksds/core/libs/libnds/lib\libnds9.a(dlmalloc.c.o)
 .text.malloc   0x02003e54      0xce0 C:/msys64/opt/wonderful/thirdparty/blocksds/core/libs/libnds/lib\libnds9.a(dlmalloc.c.o)
                0x02003e54                __malloc_malloc
                0x02003e54                malloc
 .text.free     0x02004b34      0x360 C:/msys64/opt/wonderful/thirdparty/blocksds/core/libs/libnds/lib\libnds9.a(dlmalloc.c.o)
                0x02004b34                cfree
                0x02004b34                free
                0x02004b34                __malloc_free
 .text.calloc   0x02004e94       0x4a C:/msys64/opt/wonderful/thirdparty/blocksds/core/libs/libnds/lib\libnds9.a(dlmalloc.c.o)
                0x02004e94                calloc
 *fill*         0x02004ede        0x2 ff
 .text.realloc  0x02004ee0       0xc4 C:/msys64/opt/wonderful/thirdparty/blocksds/core/libs/libnds/lib\libnds9.a(dlmalloc.c.o)
                0x02004ee0                realloc
 .text.build_argv
                0x02004fa4       0x58 C:/msys64/opt/wonderful/thirdparty/blocksds/core/libs/libnds/lib\libnds9.a(crt0_argv.c.o)
                0x02004fa4                build_argv
 .text.putc_buffered
                0x02004ffc       0x94 C:/msys64/opt/wonderful/thirdparty/blocksds/core/libs/libnds/lib\libnds9.a(iob.c.o)
 .text.stderr_putc_buffered
                0x02005090       0x20 C:/msys64/opt/wonderful/thirdparty/blocksds/core/libs/libnds/lib\libnds9.a(iob.c.o)
 .text.stdout_putc_buffered
                0x020050b0       0x40 C:/msys64/opt/wonderful/thirdparty/blocksds/core/libs/libnds/lib\libnds9.a(iob.c.o)
 .text.soundEnable
                0x020050f0       0x10 C:/msys64/opt/wonderful/thirdparty/blocksds/core/libs/libnds/lib\libnds9.a(sound.c.o)
                0x020050f0                soundEnable
 .text.initSystem
                0x02005100      0x12c C:/msys64/opt/wonderful/thirdparty/blocksds/core/libs/libnds/lib\libnds9.a(initSystem.c.o)
                0x02005100                initSystem
 .text.scanKeys
                0x0200522c       0xcc C:/msys64/opt/wonderful/thirdparty/blocksds/core/libs/libnds/lib\libnds9.a(keys.c.o)
                0x0200522c                scanKeys
 .text.keysHeld
                0x020052f8        0xc C:/msys64/opt/wonderful/thirdparty/blocksds/core/libs/libnds/lib\libnds9.a(keys.c.o)
                0x020052f8                keysHeld
 .text.keysDown
                0x02005304        0xc C:/msys64/opt/wonderful/thirdparty/blocksds/core/libs/libnds/lib\libnds9.a(keys.c.o)
                0x02005304                keysDown
 .text.touchRead
                0x02005310       0x24 C:/msys64/opt/wonderful/thirdparty/blocksds/core/libs/libnds/lib\libnds9.a(keys.c.o)
                0x02005310                touchRead
 .text.setTransferInputData
                0x02005334       0x1c C:/msys64/opt/wonderful/thirdparty/blocksds/core/libs/libnds/lib\libnds9.a(keys.c.o)
                0x02005334                setTransferInputData
 .text.systemValueHandler
                0x02005350       0xc4 C:/msys64/opt/wonderful/thirdparty/blocksds/core/libs/libnds/lib\libnds9.a(system.c.o)
                0x02005350                systemValueHandler
 .text.systemMsgHandler
                0x02005414       0x2c C:/msys64/opt/wonderful/thirdparty/blocksds/core/libs/libnds/lib\libnds9.a(system.c.o)
                0x02005414                systemMsgHandler
 .text.checkIfText
                0x02005440       0x6c C:/msys64/opt/wonderful/thirdparty/blocksds/core/libs/libnds/lib\libnds9.a(background.c.o)
                0x02005440                checkIfText
 .text.bgUpdate
                0x020054ac       0xf0 C:/msys64/opt/wonderful/thirdparty/blocksds/core/libs/libnds/lib\libnds9.a(background.c.o)
                0x020054ac                bgUpdate
 .text.bgInitHidden
                0x0200559c       0xa8 C:/msys64/opt/wonderful/thirdparty/blocksds/core/libs/libnds/lib\libnds9.a(background.c.o)
                0x0200559c                bgInitHidden
 .text.bgInit   0x02005644       0x48 C:/msys64/opt/wonderful/thirdparty/blocksds/core/libs/libnds/lib\libnds9.a(background.c.o)
                0x02005644                bgInit
 .text.bgInitHiddenSub
                0x0200568c       0xac C:/msys64/opt/wonderful/thirdparty/blocksds/core/libs/libnds/lib\libnds9.a(background.c.o)
                0x0200568c                bgInitHiddenSub
 .text.bgInitSub
                0x02005738       0x48 C:/msys64/opt/wonderful/thirdparty/blocksds/core/libs/libnds/lib\libnds9.a(background.c.o)
                0x02005738                bgInitSub
 .text.vramSetPrimaryBanks
                0x02005780       0x48 C:/msys64/opt/wonderful/thirdparty/blocksds/core/libs/libnds/lib\libnds9.a(video.c.o)
                0x02005780                vramSetPrimaryBanks
 .text.setBrightness
                0x020057c8       0x40 C:/msys64/opt/wonderful/thirdparty/blocksds/core/libs/libnds/lib\libnds9.a(video.c.o)
                0x020057c8                setBrightness
 .text.vramDefault
                0x02005808       0xe4 C:/msys64/opt/wonderful/thirdparty/blocksds/core/libs/libnds/lib\libnds9.a(video.c.o)
                0x02005808                vramDefault
 .text.cothread_delete_internal
                0x020058ec       0xb4 C:/msys64/opt/wonderful/thirdparty/blocksds/core/libs/libnds/lib\libnds9.a(threads.c.o)
 .text.cothread_main
                0x020059a0       0x1c C:/msys64/opt/wonderful/thirdparty/blocksds/core/libs/libnds/lib\libnds9.a(threads.c.o)
                0x020059a0                cothread_main
 .text.cothread_yield
                0x020059bc       0x20 C:/msys64/opt/wonderful/thirdparty/blocksds/core/libs/libnds/lib\libnds9.a(threads.c.o)
                0x020059bc                cothread_yield
 .text.cothread_yield_irq
                0x020059dc       0xa8 C:/msys64/opt/wonderful/thirdparty/blocksds/core/libs/libnds/lib\libnds9.a(threads.c.o)
                0x020059dc                cothread_yield_irq
 .text.cothread_start
                0x02005a84      0x114 C:/msys64/opt/wonderful/thirdparty/blocksds/core/libs/libnds/lib\libnds9.a(threads.c.o)
                0x02005a84                cothread_start
 .text.setExceptionHandler
                0x02005b98       0x18 C:/msys64/opt/wonderful/thirdparty/blocksds/core/libs/libnds/lib\libnds9.a(exceptions.c.o)
                0x02005b98                setExceptionHandler
 .text.libndsCrash
                0x02005bb0        0xc C:/msys64/opt/wonderful/thirdparty/blocksds/core/libs/libnds/lib\libnds9.a(exceptions.c.o)
                0x02005bb0                libndsCrash
 .text.fifo_buffer_wait_block
                0x02005bbc       0x74 C:/msys64/opt/wonderful/thirdparty/blocksds/core/libs/libnds/lib\libnds9.a(fifosystem.c.o)
 .text.fifoFillTxFifoFromBuffer
                0x02005c30       0xa0 C:/msys64/opt/wonderful/thirdparty/blocksds/core/libs/libnds/lib\libnds9.a(fifosystem.c.o)
 .text.fifoInternalSendInterrupt
                0x02005cd0        0x8 C:/msys64/opt/wonderful/thirdparty/blocksds/core/libs/libnds/lib\libnds9.a(fifosystem.c.o)
 .text.fifoInternalSend
                0x02005cd8       0xd8 C:/msys64/opt/wonderful/thirdparty/blocksds/core/libs/libnds/lib\libnds9.a(fifosystem.c.o)
 .text.fifoSendValue32
                0x02005db0       0x3c C:/msys64/opt/wonderful/thirdparty/blocksds/core/libs/libnds/lib\libnds9.a(fifosystem.c.o)
                0x02005db0                fifoSendValue32
 .text.fifoSendDatamsg
                0x02005dec       0x84 C:/msys64/opt/wonderful/thirdparty/blocksds/core/libs/libnds/lib\libnds9.a(fifosystem.c.o)
                0x02005dec                fifoSendDatamsg
 .text.fifoGetDatamsg
                0x02005e70       0xe0 C:/msys64/opt/wonderful/thirdparty/blocksds/core/libs/libnds/lib\libnds9.a(fifosystem.c.o)
                0x02005e70                fifoGetDatamsg
 .text.fifoReadRxFifoAndProcessBuffer
                0x02005f50      0x344 C:/msys64/opt/wonderful/thirdparty/blocksds/core/libs/libnds/lib\libnds9.a(fifosystem.c.o)
 .text.fifoGetAddress
                0x02006294       0x7c C:/msys64/opt/wonderful/thirdparty/blocksds/core/libs/libnds/lib\libnds9.a(fifosystem.c.o)
                0x02006294                fifoGetAddress
 .text.fifoGetValue32
                0x02006310       0x7c C:/msys64/opt/wonderful/thirdparty/blocksds/core/libs/libnds/lib\libnds9.a(fifosystem.c.o)
                0x02006310                fifoGetValue32
 .text.fifoInternalRecvInterrupt
                0x0200638c        0x8 C:/msys64/opt/wonderful/thirdparty/blocksds/core/libs/libnds/lib\libnds9.a(fifosystem.c.o)
 .text.fifoSetValue32Handler
                0x02006394       0x80 C:/msys64/opt/wonderful/thirdparty/blocksds/core/libs/libnds/lib\libnds9.a(fifosystem.c.o)
                0x02006394                fifoSetValue32Handler
 .text.fifoSetDatamsgHandler
                0x02006414       0xa8 C:/msys64/opt/wonderful/thirdparty/blocksds/core/libs/libnds/lib\libnds9.a(fifosystem.c.o)
                0x02006414                fifoSetDatamsgHandler
 .text.fifoCheckAddress
                0x020064bc       0x34 C:/msys64/opt/wonderful/thirdparty/blocksds/core/libs/libnds/lib\libnds9.a(fifosystem.c.o)
                0x020064bc                fifoCheckAddress
 .text.fifoInit
                0x020064f0      0x138 C:/msys64/opt/wonderful/thirdparty/blocksds/core/libs/libnds/lib\libnds9.a(fifosystem.c.o)
                0x020064f0                fifoInit
 .text.irqSet   0x02006628       0x90 C:/msys64/opt/wonderful/thirdparty/blocksds/core/libs/libnds/lib\libnds9.a(interrupts.c.o)
                0x02006628                irqSet
 .text.irqInit  0x020066b8       0x44 C:/msys64/opt/wonderful/thirdparty/blocksds/core/libs/libnds/lib\libnds9.a(interrupts.c.o)
                0x020066b8                irqInit
 .text.irqEnable
                0x020066fc       0x64 C:/msys64/opt/wonderful/thirdparty/blocksds/core/libs/libnds/lib\libnds9.a(interrupts.c.o)
                0x020066fc                irqEnable
 .text.systemErrorExit
                0x02006760        0x4 C:/msys64/opt/wonderful/thirdparty/blocksds/core/libs/libnds/lib\libnds9.a(exit.c.o)
                0x02006760                systemErrorExit
 .text.__libnds_exit
                0x02006764        0x8 C:/msys64/opt/wonderful/thirdparty/blocksds/core/libs/libnds/lib\libnds9.a(exit.c.o)
                0x02006764                __libnds_exit
 .text._exit    0x0200676c      0x10c C:/msys64/opt/wonderful/thirdparty/blocksds/core/libs/libnds/lib\libnds9.a(exit.c.o)
                0x0200676c                _exit
 .text.reduceHeapSize
                0x02006878       0x2c C:/msys64/opt/wonderful/thirdparty/blocksds/core/libs/libnds/lib\libnds9.a(heapfuncs.c.o)
                0x02006878                reduceHeapSize
 .text.__retarget_lock_init_recursive
                0x020068a4       0x44 C:/msys64/opt/wonderful/thirdparty/blocksds/core/libs/libnds/lib\libnds9.a(locks.c.o)
                0x020068a4                __retarget_lock_init_recursive
 .text.__retarget_lock_acquire_recursive
                0x020068e8       0x70 C:/msys64/opt/wonderful/thirdparty/blocksds/core/libs/libnds/lib\libnds9.a(locks.c.o)
                0x020068e8                __retarget_lock_acquire_recursive
 .text.__retarget_lock_release_recursive
                0x02006958       0x58 C:/msys64/opt/wonderful/thirdparty/blocksds/core/libs/libnds/lib\libnds9.a(locks.c.o)
                0x02006958                __retarget_lock_release_recursive
 .text.__retarget_lock_init
                0x020069b0        0x8 C:/msys64/opt/wonderful/thirdparty/blocksds/core/libs/libnds/lib\libnds9.a(locks.c.o)
                0x020069b0                __retarget_lock_init
 .text.__retarget_lock_close
                0x020069b8       0x30 C:/msys64/opt/wonderful/thirdparty/blocksds/core/libs/libnds/lib\libnds9.a(locks.c.o)
                0x020069b8                __retarget_lock_close
 .text.__retarget_lock_acquire
                0x020069e8        0x8 C:/msys64/opt/wonderful/thirdparty/blocksds/core/libs/libnds/lib\libnds9.a(locks.c.o)
                0x020069e8                __retarget_lock_acquire
 .text.__retarget_lock_release
                0x020069f0        0x8 C:/msys64/opt/wonderful/thirdparty/blocksds/core/libs/libnds/lib\libnds9.a(locks.c.o)
                0x020069f0                __retarget_lock_release
 .text.sbrk     0x020069f8       0x44 C:/msys64/opt/wonderful/thirdparty/blocksds/core/libs/libnds/lib\libnds9.a(sbrk.c.o)
                0x020069f8                sbrk
 .text.__ndsabi_coro_make_noctx
                0x02006a3c       0x28 C:/msys64/opt/wonderful/thirdparty/blocksds/core/libs/libnds/lib\libnds9.a(coroutine.c.o)
                0x02006a3c                __ndsabi_coro_make_noctx
 .text.__aeabi_read_tp
                0x02006a64        0xc C:/msys64/opt/wonderful/thirdparty/blocksds/core/libs/libnds/lib\libnds9.a(aeabi_read_tp.s.o)
                0x02006a64                __aeabi_read_tp
 .text.enterException
                0x02006a70       0xd4 C:/msys64/opt/wonderful/thirdparty/blocksds/core/libs/libnds/lib\libnds9.a(exceptionHandler.s.o)
                0x02006a70                enterException
                0x02006ae4                exceptionC
                0x02006ae8                exceptionStack
                0x02006aec                exceptionRegisters
 .text.__ndsabi_coro_resume
                0x02006b44       0x18 C:/msys64/opt/wonderful/thirdparty/blocksds/core/libs/libnds/lib\libnds9.a(coroutine.s.o)
                0x02006b44                __ndsabi_coro_resume
 .text.__ndsabi_coro_yield
                0x02006b5c       0x1c C:/msys64/opt/wonderful/thirdparty/blocksds/core/libs/libnds/lib\libnds9.a(coroutine.s.o)
                0x02006b5c                __ndsabi_coro_yield
 .text.__ndsabi_coro_pop_noctx
                0x02006b78       0x34 C:/msys64/opt/wonderful/thirdparty/blocksds/core/libs/libnds/lib\libnds9.a(coroutine.s.o)
                0x02006b78                __ndsabi_coro_pop_noctx
 .text.__sassert
                0x02006bac       0x90 C:/msys64/opt/wonderful/thirdparty/blocksds/core/libs/libnds/lib\libnds9.a(sassert.c.o)
                0x02006bac                __sassert
 .text.releaseCrashHandler
                0x02006c3c       0x7c C:/msys64/opt/wonderful/thirdparty/blocksds/core/libs/libnds/lib\libnds9.a(exceptions.c.o)
 .text.exceptionStatePrint
                0x02006cb8       0xf4 C:/msys64/opt/wonderful/thirdparty/blocksds/core/libs/libnds/lib\libnds9.a(exceptions.c.o)
                0x02006cb8                exceptionStatePrint
 .text.releaseExceptionHandler
                0x02006dac       0x10 C:/msys64/opt/wonderful/thirdparty/blocksds/core/libs/libnds/lib\libnds9.a(exceptions.c.o)
                0x02006dac                releaseExceptionHandler
 .text.sinLutLookup
                0x02006dbc       0x4c C:/msys64/opt/wonderful/thirdparty/blocksds/core/libs/libnds/lib\libnds9.a(trig.c.o)
                0x02006dbc                sinLutLookup
 .text.sinLerp  0x02006e08       0x38 C:/msys64/opt/wonderful/thirdparty/blocksds/core/libs/libnds/lib\libnds9.a(trig.c.o)
                0x02006e08                sinLerp
 .text.cosLerp  0x02006e40       0x44 C:/msys64/opt/wonderful/thirdparty/blocksds/core/libs/libnds/lib\libnds9.a(trig.c.o)
                0x02006e40                cosLerp
 .text.getCPSR  0x02006e84        0x8 C:/msys64/opt/wonderful/thirdparty/blocksds/core/libs/libnds/lib\libnds9.a(cpu.s.o)
                0x02006e84                getCPSR
 .text.mmWaitForHandle
                0x02006e8c       0x2c C:/msys64/opt/wonderful/thirdparty/blocksds/core/libs/maxmod/lib\libmm9.a(comms_ds9.c.o)
 .text.mmReceiveMessageValue32
                0x02006eb8       0x4c C:/msys64/opt/wonderful/thirdparty/blocksds/core/libs/maxmod/lib\libmm9.a(comms_ds9.c.o)
 .text.SendString
                0x02006f04       0x24 C:/msys64/opt/wonderful/thirdparty/blocksds/core/libs/maxmod/lib\libmm9.a(comms_ds9.c.o)
 .text.SendCommandHword
                0x02006f28       0x18 C:/msys64/opt/wonderful/thirdparty/blocksds/core/libs/maxmod/lib\libmm9.a(comms_ds9.c.o)
 .text.mmSendBank
                0x02006f40       0x1a C:/msys64/opt/wonderful/thirdparty/blocksds/core/libs/maxmod/lib\libmm9.a(comms_ds9.c.o)
                0x02006f40                mmSendBank
 .text.mmEffect
                0x02006f5a       0x12 C:/msys64/opt/wonderful/thirdparty/blocksds/core/libs/maxmod/lib\libmm9.a(comms_ds9.c.o)
                0x02006f5a                mmEffect
 .text.mmSetupComms
                0x02006f6c       0x18 C:/msys64/opt/wonderful/thirdparty/blocksds/core/libs/maxmod/lib\libmm9.a(comms_ds9.c.o)
                0x02006f6c                mmSetupComms
 .text.mmInit   0x02006f84       0x78 C:/msys64/opt/wonderful/thirdparty/blocksds/core/libs/maxmod/lib\libmm9.a(main_ds9.c.o)
                0x02006f84                mmInit
 .text.mmTryToInitializeDefault
                0x02006ffc       0x34 C:/msys64/opt/wonderful/thirdparty/blocksds/core/libs/maxmod/lib\libmm9.a(main_ds9.c.o)
 .text.mmInitDefaultMem
                0x02007030       0x1c C:/msys64/opt/wonderful/thirdparty/blocksds/core/libs/maxmod/lib\libmm9.a(main_ds9.c.o)
                0x02007030                mmInitDefaultMem
 .text.mmFlushMemoryBank
                0x0200704c       0x24 C:/msys64/opt/wonderful/thirdparty/blocksds/core/libs/maxmod/lib\libmm9.a(memory.c.o)
 .text.mmLoadEffect
                0x02007070       0x54 C:/msys64/opt/wonderful/thirdparty/blocksds/core/libs/maxmod/lib\libmm9.a(memory.c.o)
                0x02007070                mmLoadEffect
 .text.mmsHandleMemoryOp
                0x020070c4       0x44 C:/msys64/opt/wonderful/thirdparty/blocksds/core/libs/maxmod/lib\libmm9.a(soundbank.c.o)
 .text.mmSoundBankInMemory
                0x02007108       0x18 C:/msys64/opt/wonderful/thirdparty/blocksds/core/libs/maxmod/lib\libmm9.a(soundbank.c.o)
                0x02007108                mmSoundBankInMemory
 .text.__libc_init_array
                0x02007120       0x1c C:/msys64/opt/wonderful/toolchain/gcc-arm-none-eabi/lib/gcc/arm-none-eabi/15.2.1/../../../../arm-none-eabi/lib/thumb/arm946e-s\libc.a(libc_misc_init.c.o)
                0x02007120                __libc_init_array
 .text.bsearch  0x0200713c       0x40 C:/msys64/opt/wonderful/toolchain/gcc-arm-none-eabi/lib/gcc/arm-none-eabi/15.2.1/../../../../arm-none-eabi/lib/thumb/arm946e-s\libc.a(libc_search_bsearch.c.o)
                0x0200713c                bsearch
 .text.med3.constprop.0
                0x0200717c       0x42 C:/msys64/opt/wonderful/toolchain/gcc-arm-none-eabi/lib/gcc/arm-none-eabi/15.2.1/../../../../arm-none-eabi/lib/thumb/arm946e-s\libc.a(libc_search_qsort.c.o)
 .text.swapfunc.isra.0
                0x020071be       0x2c C:/msys64/opt/wonderful/toolchain/gcc-arm-none-eabi/lib/gcc/arm-none-eabi/15.2.1/../../../../arm-none-eabi/lib/thumb/arm946e-s\libc.a(libc_search_qsort.c.o)
 .text.qsort    0x020071ea      0x2b4 C:/msys64/opt/wonderful/toolchain/gcc-arm-none-eabi/lib/gcc/arm-none-eabi/15.2.1/../../../../arm-none-eabi/lib/thumb/arm946e-s\libc.a(libc_search_qsort.c.o)
                0x020071ea                qsort
 .text.fflush   0x0200749e       0x1a C:/msys64/opt/wonderful/toolchain/gcc-arm-none-eabi/lib/gcc/arm-none-eabi/15.2.1/../../../../arm-none-eabi/lib/thumb/arm946e-s\libc.a(libc_stdio_fflush.c.o)
                0x0200749e                fflush
 .text.printf   0x020074b8       0x20 C:/msys64/opt/wonderful/toolchain/gcc-arm-none-eabi/lib/gcc/arm-none-eabi/15.2.1/../../../../arm-none-eabi/lib/thumb/arm946e-s\libc.a(libc_stdio_printf.c.o)
                0x020074b8                printf
 .text.putchar  0x020074d8       0x10 C:/msys64/opt/wonderful/toolchain/gcc-arm-none-eabi/lib/gcc/arm-none-eabi/15.2.1/../../../../arm-none-eabi/lib/thumb/arm946e-s\libc.a(libc_stdio_putchar.c.o)
                0x020074d8                putchar_unlocked
                0x020074d8                putchar
 .text.puts     0x020074e8       0x44 C:/msys64/opt/wonderful/toolchain/gcc-arm-none-eabi/lib/gcc/arm-none-eabi/15.2.1/../../../../arm-none-eabi/lib/thumb/arm946e-s\libc.a(libc_stdio_puts.c.o)
                0x020074e8                puts
 .text.setvbuf  0x0200752c       0x24 C:/msys64/opt/wonderful/toolchain/gcc-arm-none-eabi/lib/gcc/arm-none-eabi/15.2.1/../../../../arm-none-eabi/lib/thumb/arm946e-s\libc.a(libc_stdio_setvbuf.c.o)
                0x0200752c                setvbuf
 .text.__ultoa_invert
                0x02007550       0x52 C:/msys64/opt/wonderful/toolchain/gcc-arm-none-eabi/lib/gcc/arm-none-eabi/15.2.1/../../../../arm-none-eabi/lib/thumb/arm946e-s\libc.a(libc_stdio_vfprintf.c.o)
 *fill*         0x020075a2        0x2 ff
 .text.skip_to_arg
                0x020075a4      0x13c C:/msys64/opt/wonderful/toolchain/gcc-arm-none-eabi/lib/gcc/arm-none-eabi/15.2.1/../../../../arm-none-eabi/lib/thumb/arm946e-s\libc.a(libc_stdio_vfprintf.c.o)
 .text.vfprintf
                0x020076e0      0xad0 C:/msys64/opt/wonderful/toolchain/gcc-arm-none-eabi/lib/gcc/arm-none-eabi/15.2.1/../../../../arm-none-eabi/lib/thumb/arm946e-s\libc.a(libc_stdio_vfprintf.c.o)
                0x020076e0                vfprintf
                0x020076e0                __d_vfprintf
 .text.vprintf  0x020081b0       0x14 C:/msys64/opt/wonderful/toolchain/gcc-arm-none-eabi/lib/gcc/arm-none-eabi/15.2.1/../../../../arm-none-eabi/lib/thumb/arm946e-s\libc.a(libc_stdio_vprintf.c.o)
                0x020081b0                vprintf
 .text.mulShiftAll64
                0x020081c4      0x202 C:/msys64/opt/wonderful/toolchain/gcc-arm-none-eabi/lib/gcc/arm-none-eabi/15.2.1/../../../../arm-none-eabi/lib/thumb/arm946e-s\libc.a(libc_stdio_dtoa_ryu.c.o)
 *fill*         0x020083c6        0x2 ff
 .text.div10    0x020083c8       0x28 C:/msys64/opt/wonderful/toolchain/gcc-arm-none-eabi/lib/gcc/arm-none-eabi/15.2.1/../../../../arm-none-eabi/lib/thumb/arm946e-s\libc.a(libc_stdio_dtoa_ryu.c.o)
 .text.__dtoa_engine
                0x020083f0      0x4b8 C:/msys64/opt/wonderful/toolchain/gcc-arm-none-eabi/lib/gcc/arm-none-eabi/15.2.1/../../../../arm-none-eabi/lib/thumb/arm946e-s\libc.a(libc_stdio_dtoa_ryu.c.o)
                0x020083f0                __dtoa_engine
 .text.__log10Pow2
                0x020088a8        0xc C:/msys64/opt/wonderful/toolchain/gcc-arm-none-eabi/lib/gcc/arm-none-eabi/15.2.1/../../../../arm-none-eabi/lib/thumb/arm946e-s\libc.a(libc_stdio_ryu_log10.c.o)
                0x020088a8                __log10Pow2
 .text.__log10Pow5
                0x020088b4        0xc C:/msys64/opt/wonderful/toolchain/gcc-arm-none-eabi/lib/gcc/arm-none-eabi/15.2.1/../../../../arm-none-eabi/lib/thumb/arm946e-s\libc.a(libc_stdio_ryu_log10.c.o)
                0x020088b4                __log10Pow5
 .text.__pow5bits
                0x020088c0       0x10 C:/msys64/opt/wonderful/toolchain/gcc-arm-none-eabi/lib/gcc/arm-none-eabi/15.2.1/../../../../arm-none-eabi/lib/thumb/arm946e-s\libc.a(libc_stdio_ryu_pow5bits.c.o)
                0x020088c0                __pow5bits
 .text.__pow5Factor
                0x020088d0       0x2c C:/msys64/opt/wonderful/toolchain/gcc-arm-none-eabi/lib/gcc/arm-none-eabi/15.2.1/../../../../arm-none-eabi/lib/thumb/arm946e-s\libc.a(libc_stdio_ryu_table.c.o)
                0x020088d0                __pow5Factor
 .text.__double_computePow5
                0x020088fc      0x100 C:/msys64/opt/wonderful/toolchain/gcc-arm-none-eabi/lib/gcc/arm-none-eabi/15.2.1/../../../../arm-none-eabi/lib/thumb/arm946e-s\libc.a(libc_stdio_ryu_table.c.o)
                0x020088fc                __double_computePow5
 .text.__double_computeInvPow5
                0x020089fc       0xfc C:/msys64/opt/wonderful/toolchain/gcc-arm-none-eabi/lib/gcc/arm-none-eabi/15.2.1/../../../../arm-none-eabi/lib/thumb/arm946e-s\libc.a(libc_stdio_ryu_table.c.o)
                0x020089fc                __double_computeInvPow5
 .text.__umul128
                0x02008af8       0x6c C:/msys64/opt/wonderful/toolchain/gcc-arm-none-eabi/lib/gcc/arm-none-eabi/15.2.1/../../../../arm-none-eabi/lib/thumb/arm946e-s\libc.a(libc_stdio_ryu_umul128.c.o)
                0x02008af8                __umul128
 .text.__shiftright128
                0x02008b64       0x28 C:/msys64/opt/wonderful/toolchain/gcc-arm-none-eabi/lib/gcc/arm-none-eabi/15.2.1/../../../../arm-none-eabi/lib/thumb/arm946e-s\libc.a(libc_stdio_ryu_umul128.c.o)
                0x02008b64                __shiftright128
 .text.exit     0x02008b8c        0xe C:/msys64/opt/wonderful/toolchain/gcc-arm-none-eabi/lib/gcc/arm-none-eabi/15.2.1/../../../../arm-none-eabi/lib/thumb/arm946e-s\libc.a(libc_stdlib_exit.c.o)
                0x02008b8c                exit
 .text.__ascii_wctomb
                0x02008b9a       0x16 C:/msys64/opt/wonderful/toolchain/gcc-arm-none-eabi/lib/gcc/arm-none-eabi/15.2.1/../../../../arm-none-eabi/lib/thumb/arm946e-s\libc.a(libc_stdlib_wctomb_r.c.o)
                0x02008b9a                __ascii_wctomb
 .text.__utf8_wctomb
                0x02008bb0       0xb8 C:/msys64/opt/wonderful/toolchain/gcc-arm-none-eabi/lib/gcc/arm-none-eabi/15.2.1/../../../../arm-none-eabi/lib/thumb/arm946e-s\libc.a(libc_stdlib_wctomb_r.c.o)
                0x02008bb0                __utf8_wctomb
 .text.strnlen  0x02008c68       0x16 C:/msys64/opt/wonderful/toolchain/gcc-arm-none-eabi/lib/gcc/arm-none-eabi/15.2.1/../../../../arm-none-eabi/lib/thumb/arm946e-s\libc.a(libc_string_strnlen.c.o)
                0x02008c68                strnlen
 .text.time     0x02008c7e       0x28 C:/msys64/opt/wonderful/toolchain/gcc-arm-none-eabi/lib/gcc/arm-none-eabi/15.2.1/../../../../arm-none-eabi/lib/thumb/arm946e-s\libc.a(libc_time_time.c.o)
                0x02008c7e                time
 *fill*         0x02008ca6        0x2 ff
 .text.__libc_fini_array
                0x02008ca8       0x1c C:/msys64/opt/wonderful/toolchain/gcc-arm-none-eabi/lib/gcc/arm-none-eabi/15.2.1/../../../../arm-none-eabi/lib/thumb/arm946e-s\libc.a(libc_misc_fini.c.o)
                0x02008ca8                __libc_fini_array
 .text.__picolibc_non_atomic_store_ungetc
                0x02008cc4        0x4 C:/msys64/opt/wonderful/toolchain/gcc-arm-none-eabi/lib/gcc/arm-none-eabi/15.2.1/../../../../arm-none-eabi/lib/thumb/arm946e-s\libc.a(libc_stdio_atomic_store.c.o)
                0x02008cc4                __atomic_store_ungetc
                0x02008cc4                __picolibc_non_atomic_store_ungetc
 .text.__bufio_flush_locked
                0x02008cc8       0x66 C:/msys64/opt/wonderful/toolchain/gcc-arm-none-eabi/lib/gcc/arm-none-eabi/15.2.1/../../../../arm-none-eabi/lib/thumb/arm946e-s\libc.a(libc_stdio_bufio.c.o)
                0x02008cc8                __bufio_flush_locked
 *fill*         0x02008d2e        0x2 ff
 .text.__bufio_setvbuf
                0x02008d30       0xb0 C:/msys64/opt/wonderful/toolchain/gcc-arm-none-eabi/lib/gcc/arm-none-eabi/15.2.1/../../../../arm-none-eabi/lib/thumb/arm946e-s\libc.a(libc_stdio_bufio_setvbuf.c.o)
                0x02008d30                __bufio_setvbuf
 .text.__dtox_engine
                0x02008de0      0x128 C:/msys64/opt/wonderful/toolchain/gcc-arm-none-eabi/lib/gcc/arm-none-eabi/15.2.1/../../../../arm-none-eabi/lib/thumb/arm946e-s\libc.a(libc_stdio_dtox_engine.c.o)
                0x02008de0                __dtox_engine
 .text.putc     0x02008f08       0x2c C:/msys64/opt/wonderful/toolchain/gcc-arm-none-eabi/lib/gcc/arm-none-eabi/15.2.1/../../../../arm-none-eabi/lib/thumb/arm946e-s\libc.a(libc_stdio_fputc.c.o)
                0x02008f08                putc
                0x02008f08                fputc
                0x02008f08                putc_unlocked
 .text.__bufio_close
                0x02008f34       0x58 C:/msys64/opt/wonderful/toolchain/gcc-arm-none-eabi/lib/gcc/arm-none-eabi/15.2.1/../../../../arm-none-eabi/lib/thumb/arm946e-s\libc.a(libc_stdio_bufio_close.c.o)
                0x02008f34                __bufio_close
 .text.gettimeofday
                0x02008f8c       0x1c C:/msys64/opt/wonderful/thirdparty/blocksds/core/libs/libnds/lib\libnds9.a(syscalls.c.o)
                0x02008f8c                gettimeofday
 .text.gettimeofday.__stub
                0x02008fa8       0x40 linker stubs
 *(EXCLUDE_FILE(*.twl*) .gnu.warning)
 *(EXCLUDE_FILE(*.twl*) .gnu.linkonce.t*)
 *(.glue_7)
 .glue_7        0x02008fe8        0x0 linker stubs
 *(.glue_7t)
 .glue_7t       0x02008fe8        0x0 linker stubs
                0x02008fe8                        . = ALIGN (0x4)

.vfp11_veneer   0x02008fe8        0x0
 .vfp11_veneer  0x02008fe8        0x0 linker stubs

.v4_bx          0x02008fe8        0x0
 .v4_bx         0x02008fe8        0x0 linker stubs

.iplt           0x02008fe8        0x0
 .iplt          0x02008fe8        0x0 C:/msys64/opt/wonderful/thirdparty/blocksds/core/sys/crts/ds_arm9_crt0.o

.fini           0x02008fe8        0x8
 *(.fini)
 .fini          0x02008fe8        0x8 C:/msys64/opt/wonderful/toolchain/gcc-arm-none-eabi/lib/gcc/arm-none-eabi/15.2.1/thumb/arm946e-s/crtn.o
                0x02008ff0                        __text_end = .

.rodata         0x02008ff0   0x27f6b4
 *(EXCLUDE_FILE(*.twl*) .rodata)
 .rodata        0x02008ff0       0x24 C:/msys64/opt/wonderful/thirdparty/blocksds/external/libdsf/lib\libdsf.a(dsf.c.o)
 .rodata        0x02009014       0x40 C:/msys64/opt/wonderful/thirdparty/blocksds/core/libs/libnds/lib\libnds9.a(exceptions.c.o)
 *fill*         0x02009054        0x4 ff
 .rodata        0x02009058      0x340 C:/msys64/opt/wonderful/toolchain/gcc-arm-none-eabi/lib/gcc/arm-none-eabi/15.2.1/../../../../arm-none-eabi/lib/thumb/arm946e-s\libc.a(libc_stdio_ryu_table.c.o)
 .rodata        0x02009398        0x8 C:/msys64/opt/wonderful/toolchain/gcc-arm-none-eabi/lib/gcc/arm-none-eabi/15.2.1/../../../../arm-none-eabi/lib/thumb/arm946e-s\libc.a(libc_stdlib_wctomb_r.c.o)
                0x02009398                __wctomb
 *all.rodata*(*)
 *(EXCLUDE_FILE(*.twl*) .roda)
 *(EXCLUDE_FILE(*.twl*) .rodata.*)
 .rodata.font2_fnt_bin
                0x020093a0     0x214a build/tejinaDS/data/font2_fnt.bin.o
                0x020093a0                font2_fnt_bin
 *fill*         0x0200b4ea        0x2 ff
 .rodata.font_fnt_bin
                0x0200b4ec     0x2a1d build/tejinaDS/data/font_fnt.bin.o
                0x0200b4ec                font_fnt_bin
 *fill*         0x0200df09        0x3 ff
 .rodata.kana_fnt_bin
                0x0200df0c     0x1a85 build/tejinaDS/data/kana_fnt.bin.o
                0x0200df0c                kana_fnt_bin
 *fill*         0x0200f991        0x3 ff
 .rodata.keyboard_fnt_bin
                0x0200f994      0xf48 build/tejinaDS/data/keyboard_fnt.bin.o
                0x0200f994                keyboard_fnt_bin
 .rodata.nunito_fnt_bin
                0x020108dc     0x419b build/tejinaDS/data/nunito_fnt.bin.o
                0x020108dc                nunito_fnt_bin
 *fill*         0x02014a77        0x1 ff
 .rodata.font_0_256Pal
                0x02014a78      0x200 build/tejinaDS/graphics/font_0_256.png.o
                0x02014a78                font_0_256Pal
 .rodata.font_0_256Bitmap
                0x02014c78    0x10000 build/tejinaDS/graphics/font_0_256.png.o
                0x02014c78                font_0_256Bitmap
 .rodata.kana_0Bitmap
                0x02024c78    0x40000 build/tejinaDS/graphics/kana_0.png.o
                0x02024c78                kana_0Bitmap
 .rodata.nunito_0Bitmap
                0x02064c78    0x20000 build/tejinaDS/graphics/nunito_0.png.o
                0x02064c78                nunito_0Bitmap
 .rodata.soundbank_bin
                0x02084c78   0x20290c build/tejinaDS/maxmod/soundbank.c.o
                0x02084c78                soundbank_bin
 .rodata.draw_button.str1.4
                0x02287584      0xa44 build/tejinaDS/source/main.c.o
                                 0x19 (size before relaxing)
 .rodata.run_quiz_hiragana.str1.4
                0x02287fc8        0x0 build/tejinaDS/source/main.c.o
                                  0xd (size before relaxing)
 .rodata.run_quiz_katakana.str1.4
                0x02287fc8        0x0 build/tejinaDS/source/main.c.o
                                 0x29 (size before relaxing)
 .rodata.get_menu.str1.4
                0x02287fc8        0x0 build/tejinaDS/source/main.c.o
                                0x64c (size before relaxing)
 .rodata.get_menu
                0x02287fc8       0xb4 build/tejinaDS/source/main.c.o
 .rodata.draw_screen_main.str1.4
                0x0228807c        0x0 build/tejinaDS/source/main.c.o
                                 0x43 (size before relaxing)
 .rodata.main.str1.4
                0x0228807c        0x0 build/tejinaDS/source/main.c.o
                                0x1af (size before relaxing)
 .rodata.themes
                0x0228807c       0x34 build/tejinaDS/source/main.c.o
 .rodata.DSF_StringRenderToTexture
                0x022880b0       0x20 C:/msys64/opt/wonderful/thirdparty/blocksds/external/libdsf/lib\libdsf.a(dsf.c.o)
 .rodata.con_write
                0x022880d0      0x118 C:/msys64/opt/wonderful/thirdparty/blocksds/core/libs/libnds/lib\libnds9.a(console.c.o)
 .rodata.stderr
                0x022881e8        0x4 C:/msys64/opt/wonderful/thirdparty/blocksds/core/libs/libnds/lib\libnds9.a(iob.c.o)
                0x022881e8                stderr
 .rodata.stdout
                0x022881ec        0x4 C:/msys64/opt/wonderful/thirdparty/blocksds/core/libs/libnds/lib\libnds9.a(iob.c.o)
                0x022881ec                stdout
 .rodata.systemValueHandler.str1.4
                0x022881f0        0x0 C:/msys64/opt/wonderful/thirdparty/blocksds/core/libs/libnds/lib\libnds9.a(system.c.o)
                                 0x2b (size before relaxing)
 .rodata.systemValueHandler
                0x022881f0       0x10 C:/msys64/opt/wonderful/thirdparty/blocksds/core/libs/libnds/lib\libnds9.a(system.c.o)
 .rodata.bgTransform
                0x02288200       0x20 C:/msys64/opt/wonderful/thirdparty/blocksds/core/libs/libnds/lib\libnds9.a(background.c.o)
                0x02288200                bgTransform
 .rodata.bgScrollTable
                0x02288220       0x20 C:/msys64/opt/wonderful/thirdparty/blocksds/core/libs/libnds/lib\libnds9.a(background.c.o)
                0x02288220                bgScrollTable
 .rodata.bgControl
                0x02288240       0x20 C:/msys64/opt/wonderful/thirdparty/blocksds/core/libs/libnds/lib\libnds9.a(background.c.o)
                0x02288240                bgControl
 .rodata.__func__.0
                0x02288260       0x19 C:/msys64/opt/wonderful/thirdparty/blocksds/core/libs/libnds/lib\libnds9.a(threads.c.o)
 .rodata.fifoReadRxFifoAndProcessBuffer.str1.4
                0x02288279        0x0 C:/msys64/opt/wonderful/thirdparty/blocksds/core/libs/libnds/lib\libnds9.a(fifosystem.c.o)
                                 0x15 (size before relaxing)
 .rodata.__retarget_lock_init_recursive.str1.4
                0x02288279        0x0 C:/msys64/opt/wonderful/thirdparty/blocksds/core/libs/libnds/lib\libnds9.a(locks.c.o)
                                  0xa (size before relaxing)
 .rodata.__retarget_lock_close_recursive.str1.4
                0x02288279        0x0 C:/msys64/opt/wonderful/thirdparty/blocksds/core/libs/libnds/lib\libnds9.a(locks.c.o)
                                  0xb (size before relaxing)
 .rodata.__retarget_lock_release_recursive.str1.4
                0x02288279        0x0 C:/msys64/opt/wonderful/thirdparty/blocksds/core/libs/libnds/lib\libnds9.a(locks.c.o)
                                  0xd (size before relaxing)
 *fill*         0x02288279        0x3 ff
 .rodata.default_fontTiles
                0x0228827c      0x300 C:/msys64/opt/wonderful/thirdparty/blocksds/core/libs/libnds/lib\libnds9.a(default_font.png.o)
                0x0228827c                default_fontTiles
 .rodata.__sassert.str1.4
                0x0228857c        0x0 C:/msys64/opt/wonderful/thirdparty/blocksds/core/libs/libnds/lib\libnds9.a(sassert.c.o)
                                 0x73 (size before relaxing)
 .rodata.releaseCrashHandler.str1.4
                0x0228857c        0x0 C:/msys64/opt/wonderful/thirdparty/blocksds/core/libs/libnds/lib\libnds9.a(exceptions.c.o)
                                 0x33 (size before relaxing)
 .rodata.exceptionStatePrint.str1.4
                0x0228857c        0x0 C:/msys64/opt/wonderful/thirdparty/blocksds/core/libs/libnds/lib\libnds9.a(exceptions.c.o)
                                 0x58 (size before relaxing)
 .rodata.str1.4
                0x0228857c        0x0 C:/msys64/opt/wonderful/thirdparty/blocksds/core/libs/libnds/lib\libnds9.a(exceptions.c.o)
                                 0x40 (size before relaxing)
 .rodata.SIN_LUT
                0x0228857c      0x102 C:/msys64/opt/wonderful/thirdparty/blocksds/core/libs/libnds/lib\libnds9.a(trig.c.o)
                0x0228857c                SIN_LUT
 .rodata.SendString.str1.1
                0x0228867e       0x26 C:/msys64/opt/wonderful/thirdparty/blocksds/core/libs/maxmod/lib\libmm9.a(comms_ds9.c.o)
                                 0x17 (size before relaxing)
 .rodata.str1.1
                0x022886a4        0x0 C:/msys64/opt/wonderful/toolchain/gcc-arm-none-eabi/lib/gcc/arm-none-eabi/15.2.1/../../../../arm-none-eabi/lib/thumb/arm946e-s\libc.a(libc_stdio_vfprintf.c.o)
                                  0xf (size before relaxing)
 *(EXCLUDE_FILE(*.twl*) .gnu.linkonce.r*)
                0x022886a4                        . = ALIGN (0x4)

.ARM.extab
 *(.ARM.extab* .gnu.linkonce.armextab.*)
                0x022886a4                        __exidx_start = .

ARM.exidx       0x022886a4        0x8
 *(.ARM.exidx* .gnu.linkonce.armexidx.*)
 .ARM.exidx     0x022886a4        0x8 C:/msys64/opt/wonderful/toolchain/gcc-arm-none-eabi/lib/gcc/arm-none-eabi/15.2.1/thumb/arm946e-s\libgcc.a(_udivmoddi4.o)
                0x022886ac                        __exidx_end = .
                0x022886ac                        . = ALIGN (0x4)

.init_array     0x022886ac        0x0
                [!provide]                        PROVIDE (__preinit_array_start = .)
                0x022886ac                        PROVIDE (__bothinit_array_start = .)
 *(.preinit_array)
                [!provide]                        PROVIDE (__preinit_array_end = .)
                [!provide]                        PROVIDE (__init_array_start = .)
 *(SORT_BY_INIT_PRIORITY(.init_array.*) SORT_BY_INIT_PRIORITY(.ctors.*))
 *(.init_array EXCLUDE_FILE(*crtend?.o *crtend.o *crtbegin?.o *crtbegin.o) .ctors)
                [!provide]                        PROVIDE (__init_array_end = .)
                0x022886ac                        PROVIDE (__bothinit_array_end = .)

.fini_array     0x022886ac        0x0
                0x022886ac                        PROVIDE (__fini_array_start = .)
 *(SORT_BY_INIT_PRIORITY(.fini_array.*) SORT_BY_INIT_PRIORITY(.dtors.*))
 *(.fini_array EXCLUDE_FILE(*crtend?.o *crtend.o *crtbegin?.o *crtbegin.o) .dtors)
 *(.fini_array*)
                0x022886ac                        PROVIDE (__fini_array_end = .)

.ctors          0x022886ac        0x0
 *crtbegin.o(.ctors)
 *crtbegin?.o(.ctors)
 *(EXCLUDE_FILE(*crtend?.o *crtend.o) .ctors)
 *(SORT_BY_NAME(.ctors.*))
 *(.ctors)
                0x022886ac                        . = ALIGN (0x4)

.dtors          0x022886ac        0x0
 *crtbegin.o(.dtors)
 *crtbegin?.o(.dtors)
 *(EXCLUDE_FILE(*crtend?.o *crtend.o) .dtors)
 *(SORT_BY_NAME(.dtors.*))
 *(.dtors)
                0x022886ac                        . = ALIGN (0x4)

.eh_frame       0x022886ac        0x4
 *(.eh_frame)
 .eh_frame      0x022886ac        0x4 C:/msys64/opt/wonderful/toolchain/gcc-arm-none-eabi/lib/gcc/arm-none-eabi/15.2.1/thumb/arm946e-s/crtend.o
                0x022886b0                        . = ALIGN (0x4)

.rel.dyn        0x022886b0        0x0
 .rel.iplt      0x022886b0        0x0 C:/msys64/opt/wonderful/thirdparty/blocksds/core/sys/crts/ds_arm9_crt0.o

.gcc_except_table
                0x022886b0        0x0
 *(.gcc_except_table .gcc_except_table.*)
                0x022886b0                        . = ALIGN (0x4)

.got            0x022886b0       0x10
 *(.got.plt)
 .got.plt       0x022886b0        0xc C:/msys64/opt/wonderful/thirdparty/blocksds/core/sys/crts/ds_arm9_crt0.o
                0x022886b0                _GLOBAL_OFFSET_TABLE_
 *(.got)
 .got           0x022886bc        0x4 C:/msys64/opt/wonderful/thirdparty/blocksds/core/sys/crts/ds_arm9_crt0.o
 *(.rel.got)
 .rel.got       0x022886c0        0x0 C:/msys64/opt/wonderful/thirdparty/blocksds/core/sys/crts/ds_arm9_crt0.o

.ewram          0x022886c0        0x0
                0x022886c0                        __ewram_start = ABSOLUTE (.)
 *(.ewram)
 *ewram.*(.text)
                0x022886c0                        . = ALIGN (0x4)

.data           0x022886c0       0x60
                0x022886c0                        __data_start = ABSOLUTE (.)
 *(EXCLUDE_FILE(*.twl*) .data)
 .data          0x022886c0       0x28 C:/msys64/opt/wonderful/thirdparty/blocksds/core/libs/libnds/lib\libnds9.a(mpu_setup.s.o)
 .data          0x022886e8        0x4 C:/msys64/opt/wonderful/toolchain/gcc-arm-none-eabi/lib/gcc/arm-none-eabi/15.2.1/../../../../arm-none-eabi/lib/thumb/arm946e-s\libc.a(libc_locale_localedata.c.o)
                0x022886e8                __global_locale
 *(EXCLUDE_FILE(*.twl*) .data.*)
 .data.currentTheme
                0x022886ec        0x1 build/tejinaDS/source/main.c.o
                0x022886ec                currentTheme
 .data.firstConsoleInit.0
                0x022886ed        0x1 C:/msys64/opt/wonderful/thirdparty/blocksds/core/libs/libnds/lib\libnds9.a(console.c.o)
 *fill*         0x022886ee        0x2 ff
 .data.currentConsole
                0x022886f0        0x4 C:/msys64/opt/wonderful/thirdparty/blocksds/core/libs/libnds/lib\libnds9.a(console.c.o)
 .data.__stderr
                0x022886f4       0x10 C:/msys64/opt/wonderful/thirdparty/blocksds/core/libs/libnds/lib\libnds9.a(iob.c.o)
 .data.__stdout
                0x02288704       0x10 C:/msys64/opt/wonderful/thirdparty/blocksds/core/libs/libnds/lib\libnds9.a(iob.c.o)
 .data.count    0x02288714        0x1 C:/msys64/opt/wonderful/thirdparty/blocksds/core/libs/libnds/lib\libnds9.a(keys.c.o)
 .data.repeat   0x02288715        0x1 C:/msys64/opt/wonderful/thirdparty/blocksds/core/libs/libnds/lib\libnds9.a(keys.c.o)
 .data.delay    0x02288716        0x1 C:/msys64/opt/wonderful/thirdparty/blocksds/core/libs/libnds/lib\libnds9.a(keys.c.o)
 *fill*         0x02288717        0x1 ff
 .data.latchedArm7Buttons
                0x02288718        0x2 C:/msys64/opt/wonderful/thirdparty/blocksds/core/libs/libnds/lib\libnds9.a(keys.c.o)
 .data.receivedArm7Buttons
                0x0228871a        0x2 C:/msys64/opt/wonderful/thirdparty/blocksds/core/libs/libnds/lib\libnds9.a(keys.c.o)
 .data.mmFifoChannel
                0x0228871c        0x4 C:/msys64/opt/wonderful/thirdparty/blocksds/core/libs/maxmod/lib\libmm9.a(comms_ds9.c.o)
 *(EXCLUDE_FILE(*.twl*) .gnu.linkonce.d*)
                0x02288720                        . = ALIGN (0x4)

.igot.plt       0x02288720        0x0
 .igot.plt      0x02288720        0x0 C:/msys64/opt/wonderful/thirdparty/blocksds/core/sys/crts/ds_arm9_crt0.o

.tdata          0x02288720        0x0
                0x02288720                        __tdata_start = ABSOLUTE (.)
 *(.tdata .tdata.* .gnu.linkonce.td.*)
                0x02288720                        . = ALIGN (0x4)
                0x02288720                        __tdata_end = ABSOLUTE (.)
                0x02288720                        __data_end = .
                0x00000000                        __tdata_size = (__tdata_end - __tdata_start)

.tbss           0x02288720        0x8
                0x02288720                        __tbss_start = ABSOLUTE (.)
 *(.tbss .tbss.* .gnu.linkonce.tb.*)
 .tbss          0x02288720        0x4 C:/msys64/opt/wonderful/toolchain/gcc-arm-none-eabi/lib/gcc/arm-none-eabi/15.2.1/../../../../arm-none-eabi/lib/thumb/arm946e-s\libc.a(libc_errno_errno.c.o)
                0x02288720                errno
 .tbss          0x02288724        0x4 C:/msys64/opt/wonderful/toolchain/gcc-arm-none-eabi/lib/gcc/arm-none-eabi/15.2.1/../../../../arm-none-eabi/lib/thumb/arm946e-s\libc.a(libc_locale_localedata.c.o)
                0x02288724                _locale
 *(.tcommon)
                0x02288728                        . = ALIGN (0x4)
                0x02288728                        __tbss_end = ABSOLUTE (.)
                0x00000008                        __tbss_size = (__tbss_end - __tbss_start)
                0x02288720                        __bss_vma = .

.dtcm           0x02ff4000        0x0 load address 0x02288720
                0x02288720                        __dtcm_lma = LOADADDR (.dtcm)
 *(.dtcm)
 *(.dtcm.*)
                0x02ff4000                        . = ALIGN (0x4)
                0x02ff4000                        __dtcm_end = ABSOLUTE (.)

.itcm           0x01000000      0x468 load address 0x02288720
                0x02288720                        __itcm_lma = LOADADDR (.itcm)
                0x01000000                        __itcm_start = ABSOLUTE (.)
 *(.vectors .vectors.*)
 *(.itcm)
 *(.itcm.*)
 .itcm.text     0x01000000       0x8c C:/msys64/opt/wonderful/thirdparty/blocksds/core/libs/libnds/lib\libnds9.a(cache.c.o)
                0x01000000                CP15_CleanAndFlushDCacheRange
                0x01000034                CP15_FlushDCacheRange
                0x01000060                CP15_FlushICacheRange
 .itcm.text     0x0100008c       0xd4 C:/msys64/opt/wonderful/thirdparty/blocksds/core/libs/libnds/lib\libnds9.a(threads.c.o)
                0x0100008c                cothread_yield_signal
                0x010000e0                cothread_send_signal
 .itcm.data     0x01000160        0x4 C:/msys64/opt/wonderful/thirdparty/blocksds/core/libs/libnds/lib\libnds9.a(threads.c.o)
                0x01000160                __tls
 .itcm.bss      0x01000164       0x8c C:/msys64/opt/wonderful/thirdparty/blocksds/core/libs/libnds/lib\libnds9.a(threads.c.o)
                0x01000164                cothread_threads_waiting_count
                0x01000168                cothread_threads_count
                0x0100016c                cothread_list_signal
                0x01000170                cothread_list_irq
 .itcm.data     0x010001f0       0x80 C:/msys64/opt/wonderful/thirdparty/blocksds/core/libs/libnds/lib\libnds9.a(interrupts.c.o)
                0x010001f0                irqTable
 .itcm.text     0x01000270       0x90 C:/msys64/opt/wonderful/thirdparty/blocksds/core/libs/libnds/lib\libnds9.a(swiIntrWait.c.o)
                0x01000270                swiIntrWait
                0x010002f4                swiWaitForVBlank
 .itcm.setCpuClock
                0x01000300       0x50 C:/msys64/opt/wonderful/thirdparty/blocksds/core/libs/libnds/lib\libnds9.a(cpu_clock.s.o)
                0x01000300                setCpuClock
 .itcm.IntrMain
                0x01000350      0x110 C:/msys64/opt/wonderful/thirdparty/blocksds/core/libs/libnds/lib\libnds9.a(interruptDispatcher.s.o)
                0x01000350                IntrMain
                0x0100045c                irq_nesting_level
 .itcm.IntrMain.__stub
                0x01000460        0x8 linker stubs
 *.itcm*(.text .stub .text.*)
                0x01000468                        . = ALIGN (0x4)
                0x01000468                        __itcm_end = ABSOLUTE (.)

.sbss           0x02ff4000        0x0
                0x02ff4000                        __sbss_start = ABSOLUTE (.)
                0x02ff4000                        __sbss_start__ = ABSOLUTE (.)
 *(.sbss)
 *(.sbss.*)
                0x02ff4000                        . = ALIGN (0x4)
                0x02ff4000                        __sbss_end = ABSOLUTE (.)

.bss            0x02288720     0x10d0
                0x02288720                        __bss_start = ABSOLUTE (.)
                0x02288720                        __bss_start__ = ABSOLUTE (.)
 *(EXCLUDE_FILE(*.twl*) .dynbss)
 *(EXCLUDE_FILE(*.twl*) .gnu.linkonce.b*)
 *(EXCLUDE_FILE(*.twl*) .bss*)
 .bss.m.0       0x02288720       0x10 build/tejinaDS/source/main.c.o
 .bss.handle_kana
                0x02288730        0x4 build/tejinaDS/source/main.c.o
 .bss.handle_keyboard
                0x02288734        0x4 build/tejinaDS/source/main.c.o
 .bss.handle_nunito
                0x02288738        0x4 build/tejinaDS/source/main.c.o
 .bss.handle2   0x0228873c        0x4 build/tejinaDS/source/main.c.o
 .bss.handle    0x02288740        0x4 build/tejinaDS/source/main.c.o
 .bss.arm7console
                0x02288744        0x4 C:/msys64/opt/wonderful/thirdparty/blocksds/core/libs/libnds/lib\libnds9.a(console.c.o)
 .bss.arm7con   0x02288748        0x4 C:/msys64/opt/wonderful/thirdparty/blocksds/core/libs/libnds/lib\libnds9.a(console.c.o)
 .bss.libnds_stderr_write
                0x0228874c        0x4 C:/msys64/opt/wonderful/thirdparty/blocksds/core/libs/libnds/lib\libnds9.a(console.c.o)
                0x0228874c                libnds_stderr_write
 .bss.libnds_stdout_write
                0x02288750        0x4 C:/msys64/opt/wonderful/thirdparty/blocksds/core/libs/libnds/lib\libnds9.a(console.c.o)
                0x02288750                libnds_stdout_write
 .bss.currentCopy
                0x02288754       0x40 C:/msys64/opt/wonderful/thirdparty/blocksds/core/libs/libnds/lib\libnds9.a(console.c.o)
 .bss._gm_      0x02288794      0x1dc C:/msys64/opt/wonderful/thirdparty/blocksds/core/libs/libnds/lib\libnds9.a(dlmalloc.c.o)
 .bss.mparams   0x02288970       0x14 C:/msys64/opt/wonderful/thirdparty/blocksds/core/libs/libnds/lib\libnds9.a(dlmalloc.c.o)
 .bss.malloc_global_mutex
                0x02288984        0x1 C:/msys64/opt/wonderful/thirdparty/blocksds/core/libs/libnds/lib\libnds9.a(dlmalloc.c.o)
 *fill*         0x02288985        0x1 
 .bss.stderr_buf_len
                0x02288986        0x2 C:/msys64/opt/wonderful/thirdparty/blocksds/core/libs/libnds/lib\libnds9.a(iob.c.o)
 .bss.stdout_buf_len
                0x02288988        0x2 C:/msys64/opt/wonderful/thirdparty/blocksds/core/libs/libnds/lib\libnds9.a(iob.c.o)
 *fill*         0x0228898a        0x2 
 .bss.stderr_buf
                0x0228898c       0x11 C:/msys64/opt/wonderful/thirdparty/blocksds/core/libs/libnds/lib\libnds9.a(iob.c.o)
 *fill*         0x0228899d        0x3 
 .bss.stdout_buf
                0x022889a0       0x11 C:/msys64/opt/wonderful/thirdparty/blocksds/core/libs/libnds/lib\libnds9.a(iob.c.o)
 *fill*         0x022889b1        0x3 
 .bss.punixTime
                0x022889b4        0x4 C:/msys64/opt/wonderful/thirdparty/blocksds/core/libs/libnds/lib\libnds9.a(initSystem.c.o)
                0x022889b4                punixTime
 .bss.__debugger_unit
                0x022889b8        0x1 C:/msys64/opt/wonderful/thirdparty/blocksds/core/libs/libnds/lib\libnds9.a(initSystem.c.o)
                0x022889b8                __debugger_unit
 .bss.__dsimode
                0x022889b9        0x1 C:/msys64/opt/wonderful/thirdparty/blocksds/core/libs/libnds/lib\libnds9.a(initSystem.c.o)
                0x022889b9                __dsimode
 .bss.keysrepeat
                0x022889ba        0x2 C:/msys64/opt/wonderful/thirdparty/blocksds/core/libs/libnds/lib\libnds9.a(keys.c.o)
 .bss.keysup    0x022889bc        0x2 C:/msys64/opt/wonderful/thirdparty/blocksds/core/libs/libnds/lib\libnds9.a(keys.c.o)
 .bss.keysdown  0x022889be        0x2 C:/msys64/opt/wonderful/thirdparty/blocksds/core/libs/libnds/lib\libnds9.a(keys.c.o)
 .bss.keys      0x022889c0        0x2 C:/msys64/opt/wonderful/thirdparty/blocksds/core/libs/libnds/lib\libnds9.a(keys.c.o)
 *fill*         0x022889c2        0x2 
 .bss.latchedTouchPosition
                0x022889c4        0xc C:/msys64/opt/wonderful/thirdparty/blocksds/core/libs/libnds/lib\libnds9.a(keys.c.o)
 .bss.receivedTouchPosition
                0x022889d0        0xc C:/msys64/opt/wonderful/thirdparty/blocksds/core/libs/libnds/lib\libnds9.a(keys.c.o)
 .bss.SDcallback
                0x022889dc        0x4 C:/msys64/opt/wonderful/thirdparty/blocksds/core/libs/libnds/lib\libnds9.a(system.c.o)
 .bss.bgIsTextLut
                0x022889e0        0x8 C:/msys64/opt/wonderful/thirdparty/blocksds/core/libs/libnds/lib\libnds9.a(background.c.o)
                0x022889e0                bgIsTextLut
 .bss.bgState   0x022889e8      0x140 C:/msys64/opt/wonderful/thirdparty/blocksds/core/libs/libnds/lib\libnds9.a(background.c.o)
                0x022889e8                bgState
 .bss.main_args
                0x02288b28        0x8 C:/msys64/opt/wonderful/thirdparty/blocksds/core/libs/libnds/lib\libnds9.a(threads.c.o)
 .bss.cothread_list
                0x02288b30       0x20 C:/msys64/opt/wonderful/thirdparty/blocksds/core/libs/libnds/lib\libnds9.a(threads.c.o)
 .bss.cothread_active_thread
                0x02288b50        0x4 C:/msys64/opt/wonderful/thirdparty/blocksds/core/libs/libnds/lib\libnds9.a(threads.c.o)
 .bss.free_fn   0x02288b54        0x4 C:/msys64/opt/wonderful/thirdparty/blocksds/core/libs/libnds/lib\libnds9.a(threads.c.o)
 .bss.exceptionMsg
                0x02288b58        0x4 C:/msys64/opt/wonderful/thirdparty/blocksds/core/libs/libnds/lib\libnds9.a(exceptions.c.o)
                0x02288b58                exceptionMsg
 .bss.fifo_rx_processing
                0x02288b5c        0x1 C:/msys64/opt/wonderful/thirdparty/blocksds/core/libs/libnds/lib\libnds9.a(fifosystem.c.o)
 *fill*         0x02288b5d        0x3 
 .bss.fifo_datamsg_data
                0x02288b60       0x40 C:/msys64/opt/wonderful/thirdparty/blocksds/core/libs/libnds/lib\libnds9.a(fifosystem.c.o)
 .bss.fifo_value32_data
                0x02288ba0       0x40 C:/msys64/opt/wonderful/thirdparty/blocksds/core/libs/libnds/lib\libnds9.a(fifosystem.c.o)
 .bss.fifo_address_data
                0x02288be0       0x40 C:/msys64/opt/wonderful/thirdparty/blocksds/core/libs/libnds/lib\libnds9.a(fifosystem.c.o)
 .bss.fifo_datamsg_func
                0x02288c20       0x40 C:/msys64/opt/wonderful/thirdparty/blocksds/core/libs/libnds/lib\libnds9.a(fifosystem.c.o)
 .bss.fifo_value32_func
                0x02288c60       0x40 C:/msys64/opt/wonderful/thirdparty/blocksds/core/libs/libnds/lib\libnds9.a(fifosystem.c.o)
 .bss.fifo_address_func
                0x02288ca0       0x40 C:/msys64/opt/wonderful/thirdparty/blocksds/core/libs/libnds/lib\libnds9.a(fifosystem.c.o)
 .bss.fifo_rx_queue
                0x02288ce0        0x4 C:/msys64/opt/wonderful/thirdparty/blocksds/core/libs/libnds/lib\libnds9.a(fifosystem.c.o)
 .bss.fifo_tx_queue
                0x02288ce4        0x4 C:/msys64/opt/wonderful/thirdparty/blocksds/core/libs/libnds/lib\libnds9.a(fifosystem.c.o)
 .bss.fifo_free_queue
                0x02288ce8        0x4 C:/msys64/opt/wonderful/thirdparty/blocksds/core/libs/libnds/lib\libnds9.a(fifosystem.c.o)
 .bss.fifo_value32_queue
                0x02288cec       0x40 C:/msys64/opt/wonderful/thirdparty/blocksds/core/libs/libnds/lib\libnds9.a(fifosystem.c.o)
 .bss.fifo_data_queue
                0x02288d2c       0x40 C:/msys64/opt/wonderful/thirdparty/blocksds/core/libs/libnds/lib\libnds9.a(fifosystem.c.o)
 .bss.fifo_address_queue
                0x02288d6c       0x40 C:/msys64/opt/wonderful/thirdparty/blocksds/core/libs/libnds/lib\libnds9.a(fifosystem.c.o)
 .bss.global_pool_free_words
                0x02288dac        0x4 C:/msys64/opt/wonderful/thirdparty/blocksds/core/libs/libnds/lib\libnds9.a(fifosystem.c.o)
 .bss.global_fifo_pool
                0x02288db0      0x800 C:/msys64/opt/wonderful/thirdparty/blocksds/core/libs/libnds/lib\libnds9.a(fifosystem.c.o)
 .bss.locks     0x022895b0      0x210 C:/msys64/opt/wonderful/thirdparty/blocksds/core/libs/libnds/lib\libnds9.a(locks.c.o)
 .bss.heap_start
                0x022897c0        0x4 C:/msys64/opt/wonderful/thirdparty/blocksds/core/libs/libnds/lib\libnds9.a(sbrk.c.o)
 .bss.fake_heap_start
                0x022897c4        0x4 C:/msys64/opt/wonderful/thirdparty/blocksds/core/libs/libnds/lib\libnds9.a(sbrk.c.o)
                0x022897c4                fake_heap_start
 .bss.fake_heap_end
                0x022897c8        0x4 C:/msys64/opt/wonderful/thirdparty/blocksds/core/libs/libnds/lib\libnds9.a(sbrk.c.o)
                0x022897c8                fake_heap_end
 .bss.mmLayerMainPosition
                0x022897cc        0x2 C:/msys64/opt/wonderful/thirdparty/blocksds/core/libs/maxmod/lib\libmm9.a(comms_ds9.c.o)
 .bss.mmActiveStatus
                0x022897ce        0x1 C:/msys64/opt/wonderful/thirdparty/blocksds/core/libs/maxmod/lib\libmm9.a(comms_ds9.c.o)
 .bss.mm_stream_arm9_flag
                0x022897cf        0x1 C:/msys64/opt/wonderful/thirdparty/blocksds/core/libs/maxmod/lib\libmm9.a(comms_ds9.c.o)
                0x022897cf                mm_stream_arm9_flag
 .bss.mmCallback
                0x022897d0        0x4 C:/msys64/opt/wonderful/thirdparty/blocksds/core/libs/maxmod/lib\libmm9.a(main_ds9.c.o)
                0x022897d0                mmCallback
 .bss.mmSampleBank
                0x022897d4        0x4 C:/msys64/opt/wonderful/thirdparty/blocksds/core/libs/maxmod/lib\libmm9.a(main_ds9.c.o)
                0x022897d4                mmSampleBank
 .bss.mmModuleBank
                0x022897d8        0x4 C:/msys64/opt/wonderful/thirdparty/blocksds/core/libs/maxmod/lib\libmm9.a(main_ds9.c.o)
                0x022897d8                mmModuleBank
 .bss.mmMemoryBank
                0x022897dc        0x4 C:/msys64/opt/wonderful/thirdparty/blocksds/core/libs/maxmod/lib\libmm9.a(main_ds9.c.o)
                0x022897dc                mmMemoryBank
 .bss.mmSampleCount
                0x022897e0        0x4 C:/msys64/opt/wonderful/thirdparty/blocksds/core/libs/maxmod/lib\libmm9.a(main_ds9.c.o)
                0x022897e0                mmSampleCount
 .bss.mmModuleCount
                0x022897e4        0x4 C:/msys64/opt/wonderful/thirdparty/blocksds/core/libs/maxmod/lib\libmm9.a(main_ds9.c.o)
                0x022897e4                mmModuleCount
 .bss.mmcbMemory
                0x022897e8        0x4 C:/msys64/opt/wonderful/thirdparty/blocksds/core/libs/maxmod/lib\libmm9.a(main_ds9.c.o)
                0x022897e8                mmcbMemory
 .bss.mmsAddress
                0x022897ec        0x4 C:/msys64/opt/wonderful/thirdparty/blocksds/core/libs/maxmod/lib\libmm9.a(soundbank.c.o)
 *(EXCLUDE_FILE(*.twl*) COMMON)
                0x022897f0                        . = ALIGN (0x4)
                0x022897f0                        __bss_end__ = ABSOLUTE (.)

.noinit         0x022897f0        0x0
                0x022897f0                        __noinit_start = ABSOLUTE (.)
 *(EXCLUDE_FILE(*.twl*) .noinit)
 *(EXCLUDE_FILE(*.twl*) .noinit.*)
 *(EXCLUDE_FILE(*.twl*) .gnu.linkonce.n.*)
                0x022897f0                        . = ALIGN (0x4)
                0x022897f0                        __noinit_end = ABSOLUTE (.)

.tls            0x022897f0        0x8
                0x022897f0                        __tls_start = ABSOLUTE (.)
                0x022897f8                        . = ((. + __tdata_size) + __tbss_size)
 *fill*         0x022897f0        0x8 
                0x022897f8                        . = ALIGN (0x4)
                0x022897f8                        __tls_end = ABSOLUTE (.)
                0x022897f8                        __end__ = ABSOLUTE (.)
                0x00000008                        __tls_size = (__tls_end - __tls_start)

.twl            0x022897f8        0x0 load address 0x02400000
                0x02400000                        __arm9i_lma__ = LOADADDR (.twl)
                0x022897f8                        __arm9i_start__ = ABSOLUTE (.)
 *(.twl)
 *(.twl.text .twl.text.*)
 *(.twl.rodata .twl.rodata.*)
 *(.twl.data .twl.data.*)
 *.twl*(.text .stub .text.* .gnu.linkonce.t.*)
 *.twl*(.rodata)
 *.twl*(.roda)
 *.twl*(.rodata.*)
 *.twl*(.data)
 *.twl*(.data.*)
 *.twl*(.gnu.linkonce.d*)
                0x022897f8                        . = ALIGN (0x4)
                0x022897f8                        __arm9i_end__ = ABSOLUTE (.)

.twl_bss        0x022897f8        0x0
                0x022897f8                        __twl_bss_start__ = ABSOLUTE (.)
 *(.twl_bss .twl_bss.*)
 *(.twl.bss .twl.bss.*)
 *.twl*(.dynbss)
 *.twl*(.gnu.linkonce.b*)
 *.twl*(.bss*)
 *.twl*(COMMON)
                0x022897f8                        . = ALIGN (0x4)
                0x022897f8                        __twl_bss_end__ = ABSOLUTE (.)

.twl_noinit     0x022897f8        0x0
                0x022897f8                        __twl_noinit_start__ = ABSOLUTE (.)
 *(.twl_noinit .twl_noinit.*)
 *(.twl.noinit .twl.noinit.*)
 *.twl*(.noinit)
 *.twl*(.noinit.*)
 *.twl*(.gnu.linkonce.n.*)
                0x022897f8                        . = ALIGN (0x4)
                0x022897f8                        __twl_noinit_end__ = ABSOLUTE (.)
                0x022897f8                        __twl_end__ = ABSOLUTE (.)
                0x00000468                        __itcm_size = (__itcm_end - __itcm_start)
                0x00000000                        __dtcm_size = (__dtcm_end - __dtcm_data_start)
                0x00000000                        __arm9i_size__ = (__arm9i_end__ - __arm9i_start__)
                0x000010d0                        __bss_size__ = (__bss_end__ - __bss_start__)
                0x00000000                        __sbss_size = (__sbss_end - __sbss_start)
                0x00000000                        __twl_bss_size__ = (__twl_bss_end__ - __twl_bss_start__)

.stab
 *(.stab)

.stabstr
 *(.stabstr)

.stab.excl
 *(.stab.excl)

.stab.exclstr
 *(.stab.exclstr)

.stab.index
 *(.stab.index)

.stab.indexstr
 *(.stab.indexstr)

.comment        0x00000000       0x2b
 *(.comment)
 .comment       0x00000000       0x2b build/tejinaDS/data/font2_fnt.bin.o
                                 0x2c (size before relaxing)
 .comment       0x0000002b        0x0 build/tejinaDS/data/font_fnt.bin.o
                                 0x2c (size before relaxing)
 .comment       0x0000002b        0x0 build/tejinaDS/data/kana_fnt.bin.o
                                 0x2c (size before relaxing)
 .comment       0x0000002b        0x0 build/tejinaDS/data/keyboard_fnt.bin.o
                                 0x2c (size before relaxing)
 .comment       0x0000002b        0x0 build/tejinaDS/data/nunito_fnt.bin.o
                                 0x2c (size before relaxing)
 .comment       0x0000002b        0x0 build/tejinaDS/graphics/font_0_256.png.o
                                 0x2c (size before relaxing)
 .comment       0x0000002b        0x0 build/tejinaDS/graphics/kana_0.png.o
                                 0x2c (size before relaxing)
 .comment       0x0000002b        0x0 build/tejinaDS/graphics/nunito_0.png.o
                                 0x2c (size before relaxing)
 .comment       0x0000002b        0x0 build/tejinaDS/maxmod/soundbank.c.o
                                 0x2c (size before relaxing)
 .comment       0x0000002b        0x0 build/tejinaDS/source/main.c.o
                                 0x2c (size before relaxing)
 .comment       0x0000002b        0x0 C:/msys64/opt/wonderful/thirdparty/blocksds/external/libdsf/lib\libdsf.a(dsf.c.o)
                                 0x2c (size before relaxing)
 .comment       0x0000002b        0x0 C:/msys64/opt/wonderful/thirdparty/blocksds/core/libs/libnds/lib\libnds9.a(console.c.o)
                                 0x2c (size before relaxing)
 .comment       0x0000002b        0x0 C:/msys64/opt/wonderful/thirdparty/blocksds/core/libs/libnds/lib\libnds9.a(dlmalloc.c.o)
                                 0x2c (size before relaxing)
 .comment       0x0000002b        0x0 C:/msys64/opt/wonderful/thirdparty/blocksds/core/libs/libnds/lib\libnds9.a(crt0_argv.c.o)
                                 0x2c (size before relaxing)
 .comment       0x0000002b        0x0 C:/msys64/opt/wonderful/thirdparty/blocksds/core/libs/libnds/lib\libnds9.a(iob.c.o)
                                 0x2c (size before relaxing)
 .comment       0x0000002b        0x0 C:/msys64/opt/wonderful/thirdparty/blocksds/core/libs/libnds/lib\libnds9.a(sound.c.o)
                                 0x2c (size before relaxing)
 .comment       0x0000002b        0x0 C:/msys64/opt/wonderful/thirdparty/blocksds/core/libs/libnds/lib\libnds9.a(cache.c.o)
                                 0x2c (size before relaxing)
 .comment       0x0000002b        0x0 C:/msys64/opt/wonderful/thirdparty/blocksds/core/libs/libnds/lib\libnds9.a(initSystem.c.o)
                                 0x2c (size before relaxing)
 .comment       0x0000002b        0x0 C:/msys64/opt/wonderful/thirdparty/blocksds/core/libs/libnds/lib\libnds9.a(keys.c.o)
                                 0x2c (size before relaxing)
 .comment       0x0000002b        0x0 C:/msys64/opt/wonderful/thirdparty/blocksds/core/libs/libnds/lib\libnds9.a(securearea.c.o)
                                 0x2c (size before relaxing)
 .comment       0x0000002b        0x0 C:/msys64/opt/wonderful/thirdparty/blocksds/core/libs/libnds/lib\libnds9.a(system.c.o)
                                 0x2c (size before relaxing)
 .comment       0x0000002b        0x0 C:/msys64/opt/wonderful/thirdparty/blocksds/core/libs/libnds/lib\libnds9.a(background.c.o)
                                 0x2c (size before relaxing)
 .comment       0x0000002b        0x0 C:/msys64/opt/wonderful/thirdparty/blocksds/core/libs/libnds/lib\libnds9.a(video.c.o)
                                 0x2c (size before relaxing)
 .comment       0x0000002b        0x0 C:/msys64/opt/wonderful/thirdparty/blocksds/core/libs/libnds/lib\libnds9.a(threads.c.o)
                                 0x2c (size before relaxing)
 .comment       0x0000002b        0x0 C:/msys64/opt/wonderful/thirdparty/blocksds/core/libs/libnds/lib\libnds9.a(exceptions.c.o)
                                 0x2c (size before relaxing)
 .comment       0x0000002b        0x0 C:/msys64/opt/wonderful/thirdparty/blocksds/core/libs/libnds/lib\libnds9.a(fifosystem.c.o)
                                 0x2c (size before relaxing)
 .comment       0x0000002b        0x0 C:/msys64/opt/wonderful/thirdparty/blocksds/core/libs/libnds/lib\libnds9.a(interrupts.c.o)
                                 0x2c (size before relaxing)
 .comment       0x0000002b        0x0 C:/msys64/opt/wonderful/thirdparty/blocksds/core/libs/libnds/lib\libnds9.a(exit.c.o)
                                 0x2c (size before relaxing)
 .comment       0x0000002b        0x0 C:/msys64/opt/wonderful/thirdparty/blocksds/core/libs/libnds/lib\libnds9.a(heapfuncs.c.o)
                                 0x2c (size before relaxing)
 .comment       0x0000002b        0x0 C:/msys64/opt/wonderful/thirdparty/blocksds/core/libs/libnds/lib\libnds9.a(locks.c.o)
                                 0x2c (size before relaxing)
 .comment       0x0000002b        0x0 C:/msys64/opt/wonderful/thirdparty/blocksds/core/libs/libnds/lib\libnds9.a(sbrk.c.o)
                                 0x2c (size before relaxing)
 .comment       0x0000002b        0x0 C:/msys64/opt/wonderful/thirdparty/blocksds/core/libs/libnds/lib\libnds9.a(coroutine.c.o)
                                 0x2c (size before relaxing)
 .comment       0x0000002b        0x0 C:/msys64/opt/wonderful/thirdparty/blocksds/core/libs/libnds/lib\libnds9.a(swiIntrWait.c.o)
                                 0x2c (size before relaxing)
 .comment       0x0000002b        0x0 C:/msys64/opt/wonderful/thirdparty/blocksds/core/libs/libnds/lib\libnds9.a(default_font.png.o)
                                 0x2c (size before relaxing)
 .comment       0x0000002b        0x0 C:/msys64/opt/wonderful/thirdparty/blocksds/core/libs/libnds/lib\libnds9.a(sassert.c.o)
                                 0x2c (size before relaxing)
 .comment       0x0000002b        0x0 C:/msys64/opt/wonderful/thirdparty/blocksds/core/libs/libnds/lib\libnds9.a(exceptions.c.o)
                                 0x2c (size before relaxing)
 .comment       0x0000002b        0x0 C:/msys64/opt/wonderful/thirdparty/blocksds/core/libs/libnds/lib\libnds9.a(trig.c.o)
                                 0x2c (size before relaxing)
 .comment       0x0000002b        0x0 C:/msys64/opt/wonderful/thirdparty/blocksds/core/libs/maxmod/lib\libmm9.a(comms_ds9.c.o)
                                 0x2c (size before relaxing)
 .comment       0x0000002b        0x0 C:/msys64/opt/wonderful/thirdparty/blocksds/core/libs/maxmod/lib\libmm9.a(main_ds9.c.o)
                                 0x2c (size before relaxing)
 .comment       0x0000002b        0x0 C:/msys64/opt/wonderful/thirdparty/blocksds/core/libs/maxmod/lib\libmm9.a(memory.c.o)
                                 0x2c (size before relaxing)
 .comment       0x0000002b        0x0 C:/msys64/opt/wonderful/thirdparty/blocksds/core/libs/maxmod/lib\libmm9.a(soundbank.c.o)
                                 0x2c (size before relaxing)
 .comment       0x0000002b        0x0 C:/msys64/opt/wonderful/toolchain/gcc-arm-none-eabi/lib/gcc/arm-none-eabi/15.2.1/../../../../arm-none-eabi/lib/thumb/arm946e-s\libc.a(libc_errno_errno.c.o)
                                 0x2c (size before relaxing)
 .comment       0x0000002b        0x0 C:/msys64/opt/wonderful/toolchain/gcc-arm-none-eabi/lib/gcc/arm-none-eabi/15.2.1/../../../../arm-none-eabi/lib/thumb/arm946e-s\libc.a(libc_misc_init.c.o)
                                 0x2c (size before relaxing)
 .comment       0x0000002b        0x0 C:/msys64/opt/wonderful/toolchain/gcc-arm-none-eabi/lib/gcc/arm-none-eabi/15.2.1/../../../../arm-none-eabi/lib/thumb/arm946e-s\libc.a(libc_search_bsearch.c.o)
                                 0x2c (size before relaxing)
 .comment       0x0000002b        0x0 C:/msys64/opt/wonderful/toolchain/gcc-arm-none-eabi/lib/gcc/arm-none-eabi/15.2.1/../../../../arm-none-eabi/lib/thumb/arm946e-s\libc.a(libc_search_qsort.c.o)
                                 0x2c (size before relaxing)
 .comment       0x0000002b        0x0 C:/msys64/opt/wonderful/toolchain/gcc-arm-none-eabi/lib/gcc/arm-none-eabi/15.2.1/../../../../arm-none-eabi/lib/thumb/arm946e-s\libc.a(libc_stdio_fflush.c.o)
                                 0x2c (size before relaxing)
 .comment       0x0000002b        0x0 C:/msys64/opt/wonderful/toolchain/gcc-arm-none-eabi/lib/gcc/arm-none-eabi/15.2.1/../../../../arm-none-eabi/lib/thumb/arm946e-s\libc.a(libc_stdio_printf.c.o)
                                 0x2c (size before relaxing)
 .comment       0x0000002b        0x0 C:/msys64/opt/wonderful/toolchain/gcc-arm-none-eabi/lib/gcc/arm-none-eabi/15.2.1/../../../../arm-none-eabi/lib/thumb/arm946e-s\libc.a(libc_stdio_putchar.c.o)
                                 0x2c (size before relaxing)
 .comment       0x0000002b        0x0 C:/msys64/opt/wonderful/toolchain/gcc-arm-none-eabi/lib/gcc/arm-none-eabi/15.2.1/../../../../arm-none-eabi/lib/thumb/arm946e-s\libc.a(libc_stdio_puts.c.o)
                                 0x2c (size before relaxing)
 .comment       0x0000002b        0x0 C:/msys64/opt/wonderful/toolchain/gcc-arm-none-eabi/lib/gcc/arm-none-eabi/15.2.1/../../../../arm-none-eabi/lib/thumb/arm946e-s\libc.a(libc_stdio_setvbuf.c.o)
                                 0x2c (size before relaxing)
 .comment       0x0000002b        0x0 C:/msys64/opt/wonderful/toolchain/gcc-arm-none-eabi/lib/gcc/arm-none-eabi/15.2.1/../../../../arm-none-eabi/lib/thumb/arm946e-s\libc.a(libc_stdio_vfprintf.c.o)
                                 0x2c (size before relaxing)
 .comment       0x0000002b        0x0 C:/msys64/opt/wonderful/toolchain/gcc-arm-none-eabi/lib/gcc/arm-none-eabi/15.2.1/../../../../arm-none-eabi/lib/thumb/arm946e-s\libc.a(libc_stdio_vprintf.c.o)
                                 0x2c (size before relaxing)
 .comment       0x0000002b        0x0 C:/msys64/opt/wonderful/toolchain/gcc-arm-none-eabi/lib/gcc/arm-none-eabi/15.2.1/../../../../arm-none-eabi/lib/thumb/arm946e-s\libc.a(libc_stdio_dtoa_ryu.c.o)
                                 0x2c (size before relaxing)
 .comment       0x0000002b        0x0 C:/msys64/opt/wonderful/toolchain/gcc-arm-none-eabi/lib/gcc/arm-none-eabi/15.2.1/../../../../arm-none-eabi/lib/thumb/arm946e-s\libc.a(libc_stdio_ryu_log10.c.o)
                                 0x2c (size before relaxing)
 .comment       0x0000002b        0x0 C:/msys64/opt/wonderful/toolchain/gcc-arm-none-eabi/lib/gcc/arm-none-eabi/15.2.1/../../../../arm-none-eabi/lib/thumb/arm946e-s\libc.a(libc_stdio_ryu_pow5bits.c.o)
                                 0x2c (size before relaxing)
 .comment       0x0000002b        0x0 C:/msys64/opt/wonderful/toolchain/gcc-arm-none-eabi/lib/gcc/arm-none-eabi/15.2.1/../../../../arm-none-eabi/lib/thumb/arm946e-s\libc.a(libc_stdio_ryu_table.c.o)
                                 0x2c (size before relaxing)
 .comment       0x0000002b        0x0 C:/msys64/opt/wonderful/toolchain/gcc-arm-none-eabi/lib/gcc/arm-none-eabi/15.2.1/../../../../arm-none-eabi/lib/thumb/arm946e-s\libc.a(libc_stdio_ryu_umul128.c.o)
                                 0x2c (size before relaxing)
 .comment       0x0000002b        0x0 C:/msys64/opt/wonderful/toolchain/gcc-arm-none-eabi/lib/gcc/arm-none-eabi/15.2.1/../../../../arm-none-eabi/lib/thumb/arm946e-s\libc.a(libc_stdlib_exit.c.o)
                                 0x2c (size before relaxing)
 .comment       0x0000002b        0x0 C:/msys64/opt/wonderful/toolchain/gcc-arm-none-eabi/lib/gcc/arm-none-eabi/15.2.1/../../../../arm-none-eabi/lib/thumb/arm946e-s\libc.a(libc_stdlib_wctomb_r.c.o)
                                 0x2c (size before relaxing)
 .comment       0x0000002b        0x0 C:/msys64/opt/wonderful/toolchain/gcc-arm-none-eabi/lib/gcc/arm-none-eabi/15.2.1/../../../../arm-none-eabi/lib/thumb/arm946e-s\libc.a(libc_string_strnlen.c.o)
                                 0x2c (size before relaxing)
 .comment       0x0000002b        0x0 C:/msys64/opt/wonderful/toolchain/gcc-arm-none-eabi/lib/gcc/arm-none-eabi/15.2.1/../../../../arm-none-eabi/lib/thumb/arm946e-s\libc.a(libc_time_time.c.o)
                                 0x2c (size before relaxing)
 .comment       0x0000002b        0x0 C:/msys64/opt/wonderful/toolchain/gcc-arm-none-eabi/lib/gcc/arm-none-eabi/15.2.1/../../../../arm-none-eabi/lib/thumb/arm946e-s\libc.a(libc_locale_localedata.c.o)
                                 0x2c (size before relaxing)
 .comment       0x0000002b        0x0 C:/msys64/opt/wonderful/toolchain/gcc-arm-none-eabi/lib/gcc/arm-none-eabi/15.2.1/../../../../arm-none-eabi/lib/thumb/arm946e-s\libc.a(libc_misc_fini.c.o)
                                 0x2c (size before relaxing)
 .comment       0x0000002b        0x0 C:/msys64/opt/wonderful/toolchain/gcc-arm-none-eabi/lib/gcc/arm-none-eabi/15.2.1/../../../../arm-none-eabi/lib/thumb/arm946e-s\libc.a(libc_stdio_atomic_store.c.o)
                                 0x2c (size before relaxing)
 .comment       0x0000002b        0x0 C:/msys64/opt/wonderful/toolchain/gcc-arm-none-eabi/lib/gcc/arm-none-eabi/15.2.1/../../../../arm-none-eabi/lib/thumb/arm946e-s\libc.a(libc_stdio_bufio.c.o)
                                 0x2c (size before relaxing)
 .comment       0x0000002b        0x0 C:/msys64/opt/wonderful/toolchain/gcc-arm-none-eabi/lib/gcc/arm-none-eabi/15.2.1/../../../../arm-none-eabi/lib/thumb/arm946e-s\libc.a(libc_stdio_bufio_setvbuf.c.o)
                                 0x2c (size before relaxing)
 .comment       0x0000002b        0x0 C:/msys64/opt/wonderful/toolchain/gcc-arm-none-eabi/lib/gcc/arm-none-eabi/15.2.1/../../../../arm-none-eabi/lib/thumb/arm946e-s\libc.a(libc_stdio_dtox_engine.c.o)
                                 0x2c (size before relaxing)
 .comment       0x0000002b        0x0 C:/msys64/opt/wonderful/toolchain/gcc-arm-none-eabi/lib/gcc/arm-none-eabi/15.2.1/../../../../arm-none-eabi/lib/thumb/arm946e-s\libc.a(libc_stdio_fputc.c.o)
                                 0x2c (size before relaxing)
 .comment       0x0000002b        0x0 C:/msys64/opt/wonderful/toolchain/gcc-arm-none-eabi/lib/gcc/arm-none-eabi/15.2.1/../../../../arm-none-eabi/lib/thumb/arm946e-s\libc.a(libc_stdio_bufio_close.c.o)
                                 0x2c (size before relaxing)
 .comment       0x0000002b        0x0 C:/msys64/opt/wonderful/thirdparty/blocksds/core/libs/libnds/lib\libnds9.a(syscalls.c.o)
                                 0x2c (size before relaxing)
 .comment       0x0000002b        0x0 C:/msys64/opt/wonderful/toolchain/gcc-arm-none-eabi/lib/gcc/arm-none-eabi/15.2.1/thumb/arm946e-s\libgcc.a(_udivmoddi4.o)
                                 0x2c (size before relaxing)
 .comment       0x0000002b        0x0 C:/msys64/opt/wonderful/toolchain/gcc-arm-none-eabi/lib/gcc/arm-none-eabi/15.2.1/thumb/arm946e-s/crtend.o
                                 0x2c (size before relaxing)

.gnu.build.attributes
 *(.gnu.build.attributes .gnu.build.attributes.*)

.debug
 *(.debug)

.line
 *(.line)

.debug_srcinfo
 *(.debug_srcinfo)

.debug_sfnames
 *(.debug_sfnames)

.debug_aranges  0x00000000     0x1550
 *(.debug_aranges)
 .debug_aranges
                0x00000000       0x20 C:/msys64/opt/wonderful/thirdparty/blocksds/core/sys/crts/ds_arm9_crt0.o
 .debug_aranges
                0x00000020      0x1b0 C:/msys64/opt/wonderful/thirdparty/blocksds/core/libs/libnds/lib\libnds9.a(cp15.s.o)
 .debug_aranges
                0x000001d0       0x50 C:/msys64/opt/wonderful/thirdparty/blocksds/core/libs/libnds/lib\libnds9.a(mpu_setup.s.o)
 .debug_aranges